# min_usd=$50 source=api
# wallets=0 source=api
# min_usd=$0.5 source=cli/default
# wallets=0 source=api
# min_usd=$0.5 source=cli/default
# wallets=0 source=api
# min_usd=$0.5 source=cli/default
# wallets=0 source=api
# min_usd=$0.5 source=cli/default
# wallets=0 source=api
# min_usd=$0.5 source=cli/default
# wallets=0 source=api
# min_usd=$0.5 source=cli/default
# wallets=0 source=api
# min_usd=$0.5 source=cli/default
# wallets=0 source=api
# min_usd=$0.5 source=cli/default
# wallets=0 source=api
  ! api settings: AttributeError: 'NoneType' object has no attribute 'get'
# min_usd=$2.5 source=cli/default
# wallets=0 source=api
  ! api settings: URLError: <urlopen error connection refused>
OK (a): API minUsd=50 override CLI; rác/thiếu → giữ cli/default
# min_usd=$0.5 source=cli/default
# wallets=0 source=api
OK (b): API settings chết → giữ cli/default, load không raise
# min_usd=$1 source=api
# wallets=2 source=api
OK (c): API wallets non-empty override file/CLI
# min_usd=$1 source=api
# wallets=0 source=api
# min_usd=$0.5 source=cli/default
# wallets=0 source=api
# min_usd=$0.5 source=cli/default
  ! api wallets: URLError: <urlopen error connection refused>
# wallets=1 source=file/CLI
# min_usd=$0.5 source=cli/default
# wallets=1 source=file/CLI
# wallets=2 source=api
# wallets=0 source=api
OK (d): tab Wallet là nguồn duy nhất; [] xoá hết ví; lỗi/sai shape giữ list cũ
# min_usd=$7 source=api
# wallets=0 source=api
# min_usd=$8 source=api
# wallets=0 source=api
OK: refresh — _cfg_next gate + load lại nhận giá trị API mới
OK (e): quote_usd=50 → body.usd=50; min_usd KHÔNG gate emit; thiếu giá ⇒ None + no usd
OK: event không phải SWAP → None (chỉ SWAP mới vào queue CA)
OK (f): watch_trade_body — buy có/không giá, sell & thiếu khoá → None, ts ms
PASS: toàn bộ test config-from-API
