PASS (i) 29 event từ 9 tx: got 29
PASS (i) per-sig == EXPECT_COUNT: {'2k3KYp18': 2, '33hqSn4Q': 4, '3BbWVS3K': 4, '3fec2kXP': 2, '3nzGD2WV': 4, '3pkGZDK1': 4, '4zmaV87B': 3, '58pWphuG': 4, '5XLTG1WX': 2}
PASS (i) getBlock params == _BLOCK_PARAMS (maxSupportedTransactionVersion=1)
PASS (i) getSlot params == [{"commitment": "confirmed"}]
PASS (i) state persist block_slot=1000: 1000
PASS (i) head set cho mọi ví tracked
PASS (ii) ví ngoài accountKeys ⇒ 0 event: got 0
PASS (iii) 2 slot skip ⇒ vẫn đủ 29 event ở slot 1002: got 29
PASS (iii) block_slot tiến lên 1002: 1002
PASS (iii) lỗi KHÔNG-skip ⇒ warn + skip slot, feed không chết (block_slot=1004)
PASS (iv) gap line in đúng khuôn run_block_feed
PASS (iv) nhảy lên 690, 29 event: n=29 slot=690
PASS (v) tx None ⇒ KHÔNG mark _seen (T5)
PASS (v) lượt None ⇒ 0 event: got 0
PASS (v) retry ⇒ 2 event + seen: got 2
PASS (v) sig đã seen ⇒ không fetch lại (dedup read-only đầu process_sig)
PASS (v) rpc raise ⇒ KHÔNG mark _seen
PASS (v) raise-retry ⇒ tổng 4 event: got 4
PASS wallet_watch_state.json thật KHÔNG đổi (sha256 guard)
OK: block-feed 19/19 (offline, deterministic)
