================================================================================
T10 — scripts/backtest_parity.py  (plan .omo/plans/gmgn-parity-fixes.md §T10)
Executed: 2026-09-15 (Asia/Ho_Chi_Minh) · deps satisfied: T7 (feed=block), T8 (gate)
================================================================================

DELIVERABLE
  scripts/backtest_parity.py — 286 lines (< 800). Max function length 42 (< 50).
  Two modes, NEITHER calls the GMGN API (D1):
    --from-fixture  DEFAULT offline/CI: 9 fixture txs vs 29 oracle rows under exact
                    D14 policy; prints T8-shape PASS line. Hermetic (no socket/http).
    --wallets/--limit N  live: getSignaturesForAddress (Solana RPC) -> getTransaction
                    -> detect_swaps -> events + counts only; tx older than oracle
                    window ~3.84d (F16, no pagination) flagged `no_oracle`.

  REUSE (anti-drift, §4 MUST DO): the parity POLICY is IMPORTED from
  scripts/test_gmgn_api_parity.py via importlib (load_gate_module()). run_fixture
  calls gate.load_fixtures / gate.preflight / gate.load_module / gate.block_network /
  gate.seed_probe / gate.gate / gate.summary and reuses gate.REL_TOL / GROSS_CAP /
  N_ROW / N_EXACT / N_GROSS / PASS_LINE. NOTHING re-implemented; no pinned constants
  copied. Live transport reuses wallet_watch.fetch_new_sigs + ww.rpc (Solana RPC).

--------------------------------------------------------------------------------
CMD 1 — static gates
--------------------------------------------------------------------------------
$ wc -l scripts/backtest_parity.py
286 scripts/backtest_parity.py

$ python3 -c "import ast; ast.parse(open('scripts/backtest_parity.py').read()); print('AST OK')"
AST OK

$ python3 -m ruff check scripts/backtest_parity.py      # ruff 0.15.11, no config -> default E/F
All checks passed!

$ grep -ric "gmgn.ai" scripts/backtest_parity.py         # D1: must be 0
0
$ grep -ri "gmgn.ai" scripts/backtest_parity.py | wc -l
0
$ grep -c "GMGN_API_KEY" scripts/backtest_parity.py       # D1: must be 0
0

function lengths: load_gate_module 13 · _pct 2 · _fixture_header 15 · _fixture_pass 11 ·
run_fixture 36 · _parse_wallets 11 · _fetch_tx 6 · _scan_wallet 36 · run_live 32 · main 42.
max = 42 (< 50). file = 286 (< 800).

--------------------------------------------------------------------------------
CMD 2 — $ python3 scripts/backtest_parity.py --from-fixture   (exit 0)
--------------------------------------------------------------------------------
== T10 backtest parity — --from-fixture (offline, hermetic; §T10, policy D14) ==
  oracle   : 29 rows · fixture tx files 12 -> 9 distinct sigs · sig in oracle=9
  wallet   : FhsbQ…2bVG len=44 (read from fixture rows[0]['wallet'] — not a literal)
  module   : /home/namvt/Desktop/dev-space/signal_scan/scripts/wallet_watch.py
  policy   : identity / side / step-count + amounts exact (rel<=1e-06) 23/29 + gross-bounded (<= 8%) 6/29 — IMPORTED from test_gmgn_api_parity.py, not re-implemented (anti-drift)
  hermetic : ww.http_json / ww.rpc / socket.socket = raise · _info seeded from fixture (no _info_miss) · GMGN API NEVER called (D1)

---- per-sig expected-vs-got (guard misleading_success_output) ----
sig 4zmaV87B  expected_rows= 3 emitted_events= 3 pinned_count=3 match  order(reverse_sym_ok=3/3, forward_sym_ok=1/3)  full_sig=4zmaV87B…
sig 2k3KYp18  expected_rows= 2 emitted_events= 2 pinned_count=2 match  order(reverse_sym_ok=2/2, forward_sym_ok=0/2)  full_sig=2k3KYp18…
sig 3fec2kXP  expected_rows= 2 emitted_events= 2 pinned_count=2 match  order(reverse_sym_ok=2/2, forward_sym_ok=0/2)  full_sig=3fec2kXP…
sig 58pWphuG  expected_rows= 4 emitted_events= 4 pinned_count=4 match  order(reverse_sym_ok=4/4, forward_sym_ok=0/4)  full_sig=58pWphuG…
sig 3nzGD2WV  expected_rows= 4 emitted_events= 4 pinned_count=4 match  order(reverse_sym_ok=4/4, forward_sym_ok=2/4)  full_sig=3nzGD2WV…
sig 3BbWVS3K  expected_rows= 4 emitted_events= 4 pinned_count=4 match  order(reverse_sym_ok=4/4, forward_sym_ok=2/4)  full_sig=3BbWVS3K…
sig 5XLTG1WX  expected_rows= 2 emitted_events= 2 pinned_count=2 match  order(reverse_sym_ok=2/2, forward_sym_ok=0/2)  full_sig=5XLTG1WX…
sig 33hqSn4Q  expected_rows= 4 emitted_events= 4 pinned_count=4 match  order(reverse_sym_ok=4/4, forward_sym_ok=0/4)  full_sig=33hqSn4Q…
sig 3pkGZDK1  expected_rows= 4 emitted_events= 4 pinned_count=4 match  order(reverse_sym_ok=4/4, forward_sym_ok=2/4)  full_sig=3pkGZDK1…

parity steps 29/29 (100.0%) · identity 29/29 (100.0%) · side 29/29 (100.0%) · amounts exact 23/23 + 6/6 gross bounded <= 8% (policy D14)
SUMMARY steps 29/29 (paired 29/29) · identity 29/29 · side 29/29 · amounts exact 23/23 + 6/6 gross · quote_inferred 1/1 · amount_basis 29/29 · 1-POOL-endpoint 29/29 · FAIL-lines 0

PASS steps 29/29 · identity 29/29 · side 29/29 · amounts exact 23/29 + 6 gross (amount_basis=gross_leg)

EXIT CODE: 0
stderr: timing: --from-fixture wall 0.05s    (wall-clock -> stderr ONLY; stdout deterministic)

PASS line == T8 gate PASS line verbatim (T8.log line 1 / plan §37 / §328):
  "PASS steps 29/29 · identity 29/29 · side 29/29 · amounts exact 23/29 + 6 gross (amount_basis=gross_leg)"
=> DoD shape `steps 29/29 · identity 29/29 · side 29/29 · amounts exact 23/29 + 6 gross` satisfied.
FAIL-path (not exercised — gate is green) prints FAIL detail + full 29-row oracle|event table + exit 1.

--------------------------------------------------------------------------------
CMD 3 — determinism (2 runs, stdout only, wall-time is stderr)
--------------------------------------------------------------------------------
$ python3 scripts/backtest_parity.py --from-fixture 2>/dev/null > /tmp/t10_run1.txt
$ python3 scripts/backtest_parity.py --from-fixture 2>/dev/null > /tmp/t10_run2.txt
$ diff -q /tmp/t10_run1.txt /tmp/t10_run2.txt   -> IDENTICAL (byte-for-byte)
bytes: run1=3098 run2=3098

--------------------------------------------------------------------------------
CMD 4 — arg wiring
--------------------------------------------------------------------------------
$ python3 scripts/backtest_parity.py --help   (exit 0)
  usage: backtest_parity.py [-h] [--from-fixture] [--wallets WALLETS] [--limit LIMIT]
  --from-fixture  DEFAULT offline/CI mode ... Fully hermetic.
  --wallets       live: file of addresses OR comma-separated (ignored by --from-fixture)
  --limit         live: max signatures PER wallet via getSignaturesForAddress (default 200)

$ python3 scripts/backtest_parity.py --wallets "" --limit 5   (exit 2, NO network)
stderr: live mode needs --wallets (a file of addresses or comma-separated addresses).
        For offline CI use --from-fixture.

--------------------------------------------------------------------------------
CMD 5 — live-scan path smoke test (OFFLINE, stub ww injected; no network)
--------------------------------------------------------------------------------
Drove bp._scan_wallet(StubWW(), wallet, limit=200, now) with a duck-typed wallet_watch
stub (fetch_new_sigs/rpc/detect_swaps/fmt). 3 sigs: recent(1h), old(6d), err.
Observed:
  FMT BUY AAA RECENTsi
    [recent] RECENTsigxxx… age=0.04d events=1 (GMGN oracle not fetched, D1)
  FMT BUY AAA OLDSigyy
    [no_oracle] OLDSigyyyyyy… age=6.00d events=1 (GMGN oracle not fetched, D1)
    FAILED    FAILEDsigzzz… err={'InstructionError': [0, — no_oracle
  counts: {'sigs': 3, 'ev': 2, 'no_oracle': 1, 'failed': 1, 'no_tx': 0}
  ORACLE_WINDOW_DAYS: 3.84
Assert passed: recent->event, old(>3.84d)->no_oracle, err->FAILED/no_oracle, counts exact.
=> live wiring correct; `no_oracle` flag fires on the F16 window; only Solana RPC used
   (ww.rpc asserted method=='getTransaction'), GMGN never touched (D1).

--------------------------------------------------------------------------------
DoD CHECKLIST
--------------------------------------------------------------------------------
[x] scripts/backtest_parity.py exists (286 lines).
[x] python3 scripts/backtest_parity.py --from-fixture -> exit 0 + PASS line same
    shape/semantics as T8 gate: "PASS steps 29/29 · identity 29/29 · side 29/29 ·
    amounts exact 23/29 + 6 gross (amount_basis=gross_leg)".
[x] python3 -m ruff check scripts/backtest_parity.py clean; AST parse OK.
[x] grep -ri "gmgn.ai" = 0 ; grep -c GMGN_API_KEY = 0 (D1).
[x] 2 runs byte-identical; --from-fixture hermetic (gate.block_network raises on any
    http_json/rpc/socket — run stayed green => zero network).
[x] Did NOT touch scripts/wallet_watch.py, server/, src/ (script is new + read-only reuse).
[x] Tolerance NOT loosened: REL_TOL/GROSS_CAP come from imported T8 (1e-6 / 8%).
[x] Oracle read from scripts/fixtures/gmgn_rows_fixture.json (via T8.load_fixtures).

No dependencies added (stdlib only). No GMGN API call in any mode.

EVIDENCE_RECORDED: .omo/evidence/gmgn-parity-fixes/T10.log
