
======================================================================
T12 — Docs (docs/2026-09-15-gmgn-parity-and-block-feed.md)
date: 2026-09-15 (local host: namvt) | plan: .omo/plans/gmgn-parity-fixes.md §T12 L358-360
======================================================================

== COMMANDS RUN ==
$ python3 -c "import json;d=json.load(open('scripts/fixtures/gmgn_rows_fixture.json'));print(repr(d.get('caveat')));print(len(d['rows']))"
  OBSERVED caveat: 'live snapshot; no pagination (before/max_timestamp/cursor param variants rejected: 429 RATE_LIMIT_EXCEEDED/BANNED); window ~3.8d cap 50 rows'
  OBSERVED rows: 29

$ cat .omo/evidence/gmgn-parity-fixes/T7.log    # lấy số đo 20-slot (local + server)
  OBSERVED local : bytes/slot avg=12601693, ms/block avg=1242, p50=1085, p95=2274, http413=0 http429=0 timeout=0
  OBSERVED server: bytes/slot avg=9661802,  ms/block avg=698,  p50=691,  p95=929,  http413=0 http429=0 timeout=0
  OBSERVED maxSupportedTransactionVersion=0 -> -32015 (20/20 slot); ver=1 OK

$ grep -c GMGN_API_KEY docs/2026-09-15-gmgn-parity-and-block-feed.md
  0

$ grep -c '—' docs/2026-09-15-gmgn-parity-and-block-feed.md
  0

$ for s in 23/29 6/29 29/29 0.2018 0.2025 0.2401 0.8259 4.8524 7.7500 3.84 1085ms 2274ms 12.6MB 698ms 9.66MB quote_inferred gross_leg; do grep -c "$s" <file>; done
  23/29=2 · 6/29=1 · 29/29=5 · 0.2018=1 · 0.2025=1 · 0.2401=1 · 0.8259=1 · 4.8524=1 · 7.7500=1
  3.84=2 · 1085ms=1 · 2274ms=1 · 12.6MB=1 · 698ms=1 · 9.66MB=1 · quote_inferred=2 · gross_leg=1

$ grep -n '^## ' docs/2026-09-15-gmgn-parity-and-block-feed.md
  ## 1. Semantics của một row GMGN
  ## 2. Giới hạn LP-fee: vì sao amount là gross
  ## 3. Rank rule cho base/quote
  ## 4. Role rule RELAY và POOL
  ## 5. Trần của block-scan
  ## 6. Giới hạn của oracle GMGN
  ## 7. Cách chạy `scripts/backtest_parity.py`

== FILE CREATED ==
docs/2026-09-15-gmgn-parity-and-block-feed.md
  - 7 sections đúng yêu cầu T12 §359.
  - Mọi số quote verbatim từ plan §2.2 / §3 Bước 3-4 / §3-T7-notes / draft F16-F17:
    23/29 exact + 6/29 gross (0.20-7.75%), overstate 0.2018/0.2025/0.2401/0.8259/4.8524/7.7500 (%),
    rank/tie 29/29 + tie=1 (tx 58pWphuG OS<CARDS, lex-nhỏ-hơn=base + quote_inferred),
    RELAY/POOL dist POOL→WALLET 5 / WALLET→POOL 7 / POOL→RELAY 11 / RELAY→POOL 6 = 29/29, 0 AMBIG,
    T7 local p50 1085ms / p95 2274ms / 12.6MB, server 698ms avg / 9.66MB, 413/429/timeout = 0,
    oracle window 3.84 ngày / no pagination / ban ~5 call nhanh.
  - `--feed block` gi đúng là default transport.

== DEVIATION (có lý do) ==
1. `scripts/backtest_parity.py` CHƯA tồn tại (T10 trong plan còn `[ ]`), nên §7 mô tả
   invocation đúng theo spec §T10 (lines 344-349): `--from-fixture` (offline CI) và
   `--wallets --limit N` (default 200). Doc ghi rõ đây là deliverable T10. KHÔNG bịa
   output của script vì chưa chạy được.
2. `amount_basis = "gross_leg"` viết dạng `=` (kèm khoảng trắng) thay vì `amount_basis="gross_leg"`
   inline; semantics gi nguyên.

EVIDENCE_RECORDED: .omo/evidence/gmgn-parity-fixes/T12.log
