# T2 EVIDENCE — detect_swaps() §3 Bước 1–5 vs GMGN 29-row oracle

Ngày: 2026-09-15 · Plan: .omo/plans/gmgn-parity-fixes.md · Repo: signal_scan (không phải git repo ⇒ evidence file-based)
Implementation: scripts/wallet_watch.py (1420 dòng) — token_info TTL 60s (L177, `_INFO_RETRY_S`/`_info_miss`); detector section L755–L1067 (`_frames` L755, `_bal_tables` L776, `_legs_with_roles` L794, `_match_pairs` L873, `_pair_steps` L892, `_rank_mints` L931, `_base_quote` L955, `_dsym` L966, `_swap_event` L973, `detect_swaps(tx, wallet, trace=None)` L1016, `_fq` L1068); `fmt()` mới L1072 (quote leg + (gross) + step i/n; bỏ map TRANSFER_IN/OUT cũ). `detect_swaps` offline 100% — chỉ đọc cache `_info`/`_sol_px`, không tự gọi network. Mỗi hàm <50 dòng (§5.8). Không đụng: classify/classify_swaps/_swap_legs/TIER_A/TIER_B/_AGGREGATORS/3 feeds/process_sig. Không dep mới, không literal mint/wallet hardcode.

## Findings bổ sung plan (plan-gap — số đo nằm trong output QA/mutation bên dưới)

**G1 — Bước 3 pairing: primary key = frame_id only (KHÔNG kèm pool_key).** 4 pair trên 3 tx là escrow-DEX có 2 vault owner KHÁC NHAU giữa 2 leg cùng một swap:
- 2k3KYp18 ZERo frame (2,3,ZERor4xh…,12): leg SPCX pool=FyhWbqUr vs leg USDC pool=2Xfc8WFf
- 3pkGZDK1 ALPHA frame (2,3,ALPHAQme…,7): leg WBTC pool=5e7YKtne vs leg cbBTC pool=GJrFmCQD
- 3pkGZDK1 MNFST frame (2,3,MNFST…,11): leg WBTC pool=DUJ6Gqqn vs leg cbBTC pool=5CUmy7rX
- 33hqSn4Q ALPHA frame (3,3,ALPHAQme…,15): cbBTC←WBTC (probe M2 xác nhận mất khi pool vào key)

Nếu thêm pool_key vào primary (chữ decision #4 "cùng frame_id VÀ cùng pool_key") ⇒ mất đúng 4 step này: M2 = 25 events ≠ 29 → gate FAIL. Chữ §3 primary = "cùng frame_id" ⇒ implement: cùng frame_id + 2 mint phân biệt. Pool_key vẫn dùng làm attribute của step (`pool` trong output) và cho fallback. Mệnh đề "cặp base/quote cùng pool_key" (ví dụ 4zmaV87B) đúng với AMM vault — là hệ quả quan sát được, không phải điều kiện pairing.

**G2 — suppression major↔major: REJECT reason mới `major_pair` (ngoài 6 reason §3).** Chạy đúng §3 literal cho 31 events trên 9 tx — thừa 2 cặp USDC↔WSOL route-conversion:
- 33hqSn4Q BiSoNH frame (3,3,BiSoNHVps…,9): WSOL↔USDC (AMM vault cùng pool owner — tạo pair dưới cả frame-key lẫn pool-key)
- 58pWphuG QuaNt frame (5,3,QuaNtZsg…,27): WSOL↔USDC (AMM vault 7wXtGays)

Cả 2 pass toàn bộ gate §3 (không denylist, mỗi leg đúng 1 POOL endpoint, cùng frame, 2 mint phân biệt) nhưng fail cửa sổ plan tự-đo: steps 31≠29, POOL→RELAY 13≠11, quote_inferred 3≠1 (mỗi cặp là tie USDC↔WSOL rank 0.0×2 ⇒ +1 inferred). Oracle 29 rows KHÔNG có row nào cả 2 mint ∈ TIER_A∪TIER_B ⇒ rule sản phẩm GMGN: major↔major conversion trong route không phải row token-trade (nhất quán comment `_WRAPPED_NOISE`: wrapped natives chỉ là routing hop, không phải token đích). Rule tối thiểu đã implement: cả 2 mint ∈ TIER_A∪TIER_B ⇒ drop step + REJECT trace `major_pair` cho cả 2 leg (4 REJECT lines). Counterproof M1: bỏ filter ⇒ 31 events, POOL→RELAY=13, quote_inferred=3 — đúng số liệu dự đoán ở trên, không phải coincidence.

**Fallback pairing `by=seq_gap` (2/29 pair):** frame pAMM có nhiều hơn một cặp ứng viên distinct-mint (≥4 leg) ⇒ ghép greedy theo min |Δseq_a−Δseq_b| (decision #4). Label `by=pool_key` không xuất hiện trong fixture (fallback kích hoạt đều dán nhãn seq_gap). Cả 2 pair seq_gap vẫn khớp oracle (IDENTITY 29/29). Phân bố: `PAIR by: {frame: 27, seq_gap: 2}`.

**NOTE ALT (bắt buộc, plan L141):** 9/9 fixture tx là version=0 với `addressTableLookups` 3–7 entries NHƯNG `meta.loadedAddresses` ABSENT (0/9) ⇒ nhánh merge ALT trong `_keys()` là NO-OP trên fixture, không được dữ liệu thật che; giữ code cho tx v0 production có loadedAddresses. Parity 29/29 chứng minh mọi accountIndex xuất hiện trong pre/postTokenBalances đều nằm trong accountKeys (không cần expand).

**REJECT enum (baseline):** `{not_spl 144, no_pool_endpoint 6, aggregator_frame 15, plumbing 13, same_mint 8, unpaired 0, major_pair 4}` — 6 reason §3 (unpaired = 0: 29 pair = đúng 29 step sống, không leg mồ côi) + extension `major_pair` (G2, có trong trace-only, không gate).

## Adversarial classes (observable results)

| Class | Kết quả |
|---|---|
| misleading_success_output | PASS — counterproof M1 (tắt major filter ⇒ 31/qi3/POOL→RELAY13 ≠ gate) + M2 (pool vào key ⇒ 25 ≠ 29) chứng minh 29/29 không accidental; QA assert giá trị parse từ fixture, mỗi ROW in tx_hash prefix để định danh row lệch (0 row lệch) |
| stale_state | PASS — QA script chạy 2 lần liên tiếp ⇒ sha256 output giống hệt (module load từ scripts/wallet_watch.py trên đĩa tại thời điểm chạy); mutations chạy trên bản copy /tmp, file thật không bị sửa; M3: token_info TTL — seed (không miss marker) = hit vĩnh viễn không fetch; miss>60s ⇒ refetch+clear marker; miss<60s ⇒ không fetch; fetch fail ⇒ placeholder+stamp miss |
| malformed_input | PASS — M4: tx meta.err ⇒ []; tx không leg parse được ⇒ []; {} ⇒ KeyError (production guard `if tx:` trước khi gọi, như classify_swaps); M4b: fixture THẬT 58pWphuG strip meta.innerInstructions / strip pre+postTokenBalances / strip cả ba ⇒ 0 events, KHÔNG exception (`_frames`/`_bal_tables` dùng .get) |
| hung_long_commands | PASS — QA + mutations + baselines chạy local, offline (token_info bị spy/boom trong mutation; QA không network), tổng mỗi script vài giây; timeout network thật duy nhất trong production code là 15s |
| flaky_tests | PASS — 3 baseline tests exit 0 hai lần liên tiếp (orchestrator verify) + re-run exit 0 lúc assemble log bên dưới; QA double-run sha256 identical |
| prompt_injection | N/A — không nhận text untrusted trong session |
| dirty_worktree | N/A — repo không phải git |
| cancel_resume | PASS — 1 lần turn bị abort giữa chừng; resume verify lại state trước khi tiếp tục: wallet_watch.py 1420 dòng, AST/py_compile OK, function map khớp, 3 baseline tests exit 0 ×2 — không phải sửa lại gì |
| repeated_interruptions | N/A — chỉ 1 lần interruption, không lặp lại |

==============================================================================================================
== QA TABLE — /tmp/t2_table.py (fully offline: _info seeded từ oracle fixture symbol+quote_address, min_usd=0)
== 12 tx JSON files → 9 unique sigs · wallet = DATA["rows"][0]["wallet"] · 0 network calls
==============================================================================================================
NOTE: 9/9 tx fixture là version=0; 9/9 có addressTableLookups (3-7 entry) nhưng meta.loadedAddresses vắng (0/9) ⇒ nhánh gộp ALT của _keys() là no-op, KHÔNG được fixture cover bằng dữ liệu thật (plan L141 — ghi chú bắt buộc). Parity 29/29 bên dưới chứng minh mọi accountIndex của pre/postTokenBalances đều nằm trong accountKeys.
==============================================================================================================
TX 2k3KYp183hqPsyroYZpfwpLzt1cLcUcipnTd7viCDg8XgxqyS9HMqwMNLUmcVjDDv3NYEMwiR5zVroweZxAvwVzE  (2k3KYp18.json)
REJECT (0, 1, None, None) - not_spl
REJECT (1, 1, None, None) - not_spl
REJECT (2, 1, None, None) - not_spl
REJECT (2, 2, 'DF1ow4tspfHX9JwWJsAb9epbkA8hmpSEAtxXy1V27QBH', 2) - not_spl
REJECT (2, 3, 'pAMMBay6oceH9fJKBRHGP5D4bD4sWpmSwMn52FMfXEA', 3) - not_spl
REJECT (2, 3, 'pAMMBay6oceH9fJKBRHGP5D4bD4sWpmSwMn52FMfXEA', 3) SPCXxcqXj6e5dJDVNovHN8744zkbhM2bYudU45BimGb no_pool_endpoint
REJECT (2, 3, 'pAMMBay6oceH9fJKBRHGP5D4bD4sWpmSwMn52FMfXEA', 3) SPCXxcqXj6e5dJDVNovHN8744zkbhM2bYudU45BimGb no_pool_endpoint
REJECT (2, 3, 'pAMMBay6oceH9fJKBRHGP5D4bD4sWpmSwMn52FMfXEA', 3) SPCXxcqXj6e5dJDVNovHN8744zkbhM2bYudU45BimGb no_pool_endpoint
REJECT (2, 3, 'pAMMBay6oceH9fJKBRHGP5D4bD4sWpmSwMn52FMfXEA', 3) - not_spl
REJECT (2, 2, 'DF1ow4tspfHX9JwWJsAb9epbkA8hmpSEAtxXy1V27QBH', 2) - not_spl
REJECT (2, 2, 'DF1ow4tspfHX9JwWJsAb9epbkA8hmpSEAtxXy1V27QBH', 2) - not_spl
REJECT (2, 2, 'DF1ow4tspfHX9JwWJsAb9epbkA8hmpSEAtxXy1V27QBH', 2) - not_spl
REJECT (2, 2, 'DF1ow4tspfHX9JwWJsAb9epbkA8hmpSEAtxXy1V27QBH', 2) EPjFWdd5AufqSSqeM2qN1xzybapC8G4wEGGkZwyTDt1v aggregator_frame
REJECT (2, 2, 'DF1ow4tspfHX9JwWJsAb9epbkA8hmpSEAtxXy1V27QBH', 2) EPjFWdd5AufqSSqeM2qN1xzybapC8G4wEGGkZwyTDt1v aggregator_frame
REJECT (2, 2, 'DF1ow4tspfHX9JwWJsAb9epbkA8hmpSEAtxXy1V27QBH', 2) - not_spl
REJECT (3, 1, None, None) EPjFWdd5AufqSSqeM2qN1xzybapC8G4wEGGkZwyTDt1v plumbing
RANK USDC=0.0 SPCX=1.0 JUDE=2.0
PAIR (2, 3, 'pAMMBay6oceH9fJKBRHGP5D4bD4sWpmSwMn52FMfXEA', 3) JUDE←SPCX by=frame
PAIR (2, 3, 'ZERor4xhbUycZ6gb9ntrhqscUcZmAbQDjEAtCf4hbZY', 12) SPCX←USDC by=frame
STEP 2k3KYp18 | (2, 3, 'pAMMBay6oceH9fJKBRHGP5D4bD4sWpmSwMn52FMfXEA', 3) | SsJYbzwwR4VF185kxyGX73H8rGCHURjsvoYiZNVcfHw | JUDE | SPCX | WALLET | POOL | SELL | 9678051.40366 | 9.524479 | gross_leg
STEP 2k3KYp18 | (2, 3, 'ZERor4xhbUycZ6gb9ntrhqscUcZmAbQDjEAtCf4hbZY', 12) | FyhWbqUrp9sWzkAbQoSeJvzJ8ag3QfQsagWnQwfNeG89 | SPCX | USDC | WALLET | POOL | SELL | 9.524479 | 1415.838994 | gross_leg
--> 2 events
==============================================================================================================
TX 33hqSn4QyCKbA8ynY2JrZhbSG357G38Ync9aHPW6BC5V4rzH6PZ2B2yvNjuT6FJssgDNGcZ7okpyp7a6bLUcHBnV  (33hqSn4QyCKb.json)
REJECT (0, 1, None, None) - not_spl
REJECT (1, 1, None, None) - not_spl
REJECT (2, 1, None, None) - not_spl
REJECT (3, 1, None, None) - not_spl
REJECT (3, 2, 'JUP6LkbZbjS1jKKwapdHNy74zcZ3tLUZoi5QNyVTaV4', 3) - not_spl
REJECT (3, 3, 'LBUZKhRxPF3XUpBCjp4YzTKgLccjZhTSDM9YuVaPwxo', 4) - not_spl
REJECT (3, 3, 'LBUZKhRxPF3XUpBCjp4YzTKgLccjZhTSDM9YuVaPwxo', 4) - not_spl
REJECT (3, 2, 'JUP6LkbZbjS1jKKwapdHNy74zcZ3tLUZoi5QNyVTaV4', 3) - not_spl
REJECT (3, 2, 'JUP6LkbZbjS1jKKwapdHNy74zcZ3tLUZoi5QNyVTaV4', 3) - not_spl
REJECT (3, 2, 'JUP6LkbZbjS1jKKwapdHNy74zcZ3tLUZoi5QNyVTaV4', 3) - not_spl
REJECT (3, 2, 'JUP6LkbZbjS1jKKwapdHNy74zcZ3tLUZoi5QNyVTaV4', 3) - not_spl
REJECT (3, 2, 'JUP6LkbZbjS1jKKwapdHNy74zcZ3tLUZoi5QNyVTaV4', 3) - not_spl
REJECT (3, 2, 'JUP6LkbZbjS1jKKwapdHNy74zcZ3tLUZoi5QNyVTaV4', 3) EPjFWdd5AufqSSqeM2qN1xzybapC8G4wEGGkZwyTDt1v aggregator_frame
REJECT (3, 2, 'JUP6LkbZbjS1jKKwapdHNy74zcZ3tLUZoi5QNyVTaV4', 3) EPjFWdd5AufqSSqeM2qN1xzybapC8G4wEGGkZwyTDt1v aggregator_frame
REJECT (4, 1, None, None) EPjFWdd5AufqSSqeM2qN1xzybapC8G4wEGGkZwyTDt1v plumbing
REJECT (3, 3, 'BiSoNHVpsVZW2F7rx2eQ59yQwKxzU5NvBcmKshCSUypi', 9) So11111111111111111111111111111111111111112 major_pair
REJECT (3, 3, 'BiSoNHVpsVZW2F7rx2eQ59yQwKxzU5NvBcmKshCSUypi', 9) EPjFWdd5AufqSSqeM2qN1xzybapC8G4wEGGkZwyTDt1v major_pair
RANK USDC=0.0 WSOL=0.0 WBTC=0.5 XBT=1.0 cbBTC=1.0
PAIR (3, 3, 'LBUZKhRxPF3XUpBCjp4YzTKgLccjZhTSDM9YuVaPwxo', 4) XBT←WSOL by=frame
PAIR (3, 3, 'CPMMoo8L3F4NbTegBCKVNunggL7H1ZpdTHKxQB5qKP1C', 12) XBT←WBTC by=frame
PAIR (3, 3, 'ALPHAQmeA7bjrVuccPsYPiCvsi428SNwte66Srvs4pHA', 15) cbBTC←WBTC by=frame
PAIR (3, 3, 'whirLbMiicVdio4qvUfM5KAg6Ct8VwpYzGff3uctyCc', 18) cbBTC←USDC by=frame
STEP 33hqSn4Q | (3, 3, 'LBUZKhRxPF3XUpBCjp4YzTKgLccjZhTSDM9YuVaPwxo', 4) | 2xujW8K8ZQiSpVo5mnxxeyjSJwRu56NM5gbr13j9TAxn | XBT | WSOL | WALLET | POOL | SELL | 102766.565214 | 2.006944216 | gross_leg
STEP 33hqSn4Q | (3, 3, 'CPMMoo8L3F4NbTegBCKVNunggL7H1ZpdTHKxQB5qKP1C', 12) | GpMZbSM2GgvTKHJirzeGfMFoaZ8UR2X7F4v8vHTvxFbL | XBT | WBTC | WALLET | POOL | SELL | 638160.364952 | 0.01656677 | gross_leg
STEP 33hqSn4Q | (3, 3, 'ALPHAQmeA7bjrVuccPsYPiCvsi428SNwte66Srvs4pHA', 15) | 5e7YKtneHhm9Q86fBsVjwAmiu5sDNu67pu1Hy4N5TwNF | cbBTC | WBTC | POOL | RELAY | BUY | 0.01657105 | 0.01656677 | gross_leg
STEP 33hqSn4Q | (3, 3, 'whirLbMiicVdio4qvUfM5KAg6Ct8VwpYzGff3uctyCc', 18) | HxA6SKW5qA4o12fjVgTpXdq2YnZ5Zv1s7SB4FFomsyLM | cbBTC | USDC | RELAY | POOL | SELL | 0.01657105 | 1286.802742 | gross_leg
--> 4 events
==============================================================================================================
TX 3BbWVS3K7pLEXcNCj8vxCH7q51Cy3D1ZTXgm2FcaV3VfKnXPxujzVmWf29R9RX7k2XQMWCSfdTFfJQqodY8vYE57  (3BbWVS3K.json)
REJECT (0, 1, None, None) - not_spl
REJECT (1, 1, None, None) - not_spl
REJECT (2, 1, None, None) - not_spl
REJECT (2, 2, 'ATokenGPvbdGVxr1b2hvZbsiqW5xWH25efTNsLJA8knL', 2) - not_spl
REJECT (2, 2, 'ATokenGPvbdGVxr1b2hvZbsiqW5xWH25efTNsLJA8knL', 2) - not_spl
REJECT (2, 2, 'ATokenGPvbdGVxr1b2hvZbsiqW5xWH25efTNsLJA8knL', 2) - not_spl
REJECT (2, 2, 'ATokenGPvbdGVxr1b2hvZbsiqW5xWH25efTNsLJA8knL', 2) - not_spl
REJECT (3, 1, None, None) - not_spl
REJECT (3, 2, 'JUP6LkbZbjS1jKKwapdHNy74zcZ3tLUZoi5QNyVTaV4', 7) EPjFWdd5AufqSSqeM2qN1xzybapC8G4wEGGkZwyTDt1v aggregator_frame
REJECT (3, 2, 'JUP6LkbZbjS1jKKwapdHNy74zcZ3tLUZoi5QNyVTaV4', 7) - not_spl
REJECT (3, 3, 'LBUZKhRxPF3XUpBCjp4YzTKgLccjZhTSDM9YuVaPwxo', 9) - not_spl
REJECT (3, 3, 'LBUZKhRxPF3XUpBCjp4YzTKgLccjZhTSDM9YuVaPwxo', 9) - not_spl
REJECT (3, 2, 'JUP6LkbZbjS1jKKwapdHNy74zcZ3tLUZoi5QNyVTaV4', 7) - not_spl
REJECT (3, 2, 'JUP6LkbZbjS1jKKwapdHNy74zcZ3tLUZoi5QNyVTaV4', 7) - not_spl
REJECT (3, 2, 'JUP6LkbZbjS1jKKwapdHNy74zcZ3tLUZoi5QNyVTaV4', 7) - not_spl
REJECT (3, 2, 'JUP6LkbZbjS1jKKwapdHNy74zcZ3tLUZoi5QNyVTaV4', 7) - not_spl
REJECT (3, 2, 'JUP6LkbZbjS1jKKwapdHNy74zcZ3tLUZoi5QNyVTaV4', 7) EPjFWdd5AufqSSqeM2qN1xzybapC8G4wEGGkZwyTDt1v aggregator_frame
REJECT (3, 2, 'JUP6LkbZbjS1jKKwapdHNy74zcZ3tLUZoi5QNyVTaV4', 7) 8LstZpZuR9Dy7JCZC3YwPEWtbYhuDVFAYV37r6ZAcuHz aggregator_frame
REJECT (4, 1, None, None) EPjFWdd5AufqSSqeM2qN1xzybapC8G4wEGGkZwyTDt1v plumbing
REJECT (5, 1, None, None) EPjFWdd5AufqSSqeM2qN1xzybapC8G4wEGGkZwyTDt1v plumbing
RANK USDC=0.0 CARDS=1.0 OS=2.0
PAIR (3, 3, 'LBUZKhRxPF3XUpBCjp4YzTKgLccjZhTSDM9YuVaPwxo', 9) CARDS←USDC by=frame
PAIR (3, 3, 'CAMMCzo5YL8w4VFF8KVHrK22GGUsp5VTaW7grrKgrWqK', 14) CARDS←USDC by=frame
PAIR (3, 3, 'CAMMCzo5YL8w4VFF8KVHrK22GGUsp5VTaW7grrKgrWqK', 17) CARDS←USDC by=frame
PAIR (3, 3, 'CAMMCzo5YL8w4VFF8KVHrK22GGUsp5VTaW7grrKgrWqK', 20) OS←CARDS by=frame
STEP 3BbWVS3K | (3, 3, 'LBUZKhRxPF3XUpBCjp4YzTKgLccjZhTSDM9YuVaPwxo', 9) | 2N1KNuLSt167P6p9P8HYcisTvTTv4vYTM8QJBbtv1xYU | CARDS | USDC | POOL | RELAY | BUY | 1184.394609 | 151.328066 | gross_leg
STEP 3BbWVS3K | (3, 3, 'CAMMCzo5YL8w4VFF8KVHrK22GGUsp5VTaW7grrKgrWqK', 14) | HnhpJPJgBG2KwniMTNW8cVBHvk1hFog3RC3kjnyc23tD | CARDS | USDC | POOL | RELAY | BUY | 36772.236971 | 4703.117027 | gross_leg
STEP 3BbWVS3K | (3, 3, 'CAMMCzo5YL8w4VFF8KVHrK22GGUsp5VTaW7grrKgrWqK', 17) | F3DAAusn8mob9swWaX4ehaRrhi2Q3XJScKkuUpXdvn2i | CARDS | USDC | POOL | RELAY | BUY | 964.657141 | 123.451845 | gross_leg
STEP 3BbWVS3K | (3, 3, 'CAMMCzo5YL8w4VFF8KVHrK22GGUsp5VTaW7grrKgrWqK', 20) | 5dYsxy1hJ8DxejsfHJR9wyRsuLHw6wCLKk7idc1kszUn | OS | CARDS | POOL | RELAY | BUY | 10588363.7901 | 38921.288721 | gross_leg
--> 4 events
==============================================================================================================
TX 3fec2kXPqQmkMVVzeUqvw1R3SfSaBgiuA2wL9tDuDAVauzCAXu84EYyEX9vDCQ9Y5iaEtQ2XAr8NDeXGus9QdzBj  (3fec2kXP.json)
REJECT (0, 1, None, None) - not_spl
REJECT (1, 1, None, None) - not_spl
REJECT (2, 1, None, None) - not_spl
REJECT (2, 2, 'ATokenGPvbdGVxr1b2hvZbsiqW5xWH25efTNsLJA8knL', 2) - not_spl
REJECT (2, 2, 'ATokenGPvbdGVxr1b2hvZbsiqW5xWH25efTNsLJA8knL', 2) - not_spl
REJECT (2, 2, 'ATokenGPvbdGVxr1b2hvZbsiqW5xWH25efTNsLJA8knL', 2) - not_spl
REJECT (2, 2, 'ATokenGPvbdGVxr1b2hvZbsiqW5xWH25efTNsLJA8knL', 2) - not_spl
REJECT (3, 1, None, None) - not_spl
REJECT (3, 2, 'ATokenGPvbdGVxr1b2hvZbsiqW5xWH25efTNsLJA8knL', 7) - not_spl
REJECT (3, 2, 'ATokenGPvbdGVxr1b2hvZbsiqW5xWH25efTNsLJA8knL', 7) - not_spl
REJECT (3, 2, 'ATokenGPvbdGVxr1b2hvZbsiqW5xWH25efTNsLJA8knL', 7) - not_spl
REJECT (3, 2, 'ATokenGPvbdGVxr1b2hvZbsiqW5xWH25efTNsLJA8knL', 7) - not_spl
REJECT (4, 1, None, None) - not_spl
REJECT (4, 2, 'JUP6LkbZbjS1jKKwapdHNy74zcZ3tLUZoi5QNyVTaV4', 12) - not_spl
REJECT (4, 3, 'SCoRcH8c2dpjvcJD6FiPbCSQyQgu3PcUAWj2Xxx3mqn', 13) - not_spl
REJECT (4, 2, 'JUP6LkbZbjS1jKKwapdHNy74zcZ3tLUZoi5QNyVTaV4', 12) - not_spl
REJECT (4, 2, 'JUP6LkbZbjS1jKKwapdHNy74zcZ3tLUZoi5QNyVTaV4', 12) - not_spl
REJECT (4, 3, 'pAMMBay6oceH9fJKBRHGP5D4bD4sWpmSwMn52FMfXEA', 18) - not_spl
REJECT (4, 3, 'pAMMBay6oceH9fJKBRHGP5D4bD4sWpmSwMn52FMfXEA', 18) - not_spl
REJECT (4, 3, 'pAMMBay6oceH9fJKBRHGP5D4bD4sWpmSwMn52FMfXEA', 18) - not_spl
REJECT (4, 3, 'pAMMBay6oceH9fJKBRHGP5D4bD4sWpmSwMn52FMfXEA', 18) - not_spl
REJECT (4, 2, 'JUP6LkbZbjS1jKKwapdHNy74zcZ3tLUZoi5QNyVTaV4', 12) - not_spl
REJECT (4, 3, 'pAMMBay6oceH9fJKBRHGP5D4bD4sWpmSwMn52FMfXEA', 28) - not_spl
REJECT (4, 2, 'JUP6LkbZbjS1jKKwapdHNy74zcZ3tLUZoi5QNyVTaV4', 12) - not_spl
REJECT (4, 2, 'JUP6LkbZbjS1jKKwapdHNy74zcZ3tLUZoi5QNyVTaV4', 12) - not_spl
REJECT (4, 2, 'JUP6LkbZbjS1jKKwapdHNy74zcZ3tLUZoi5QNyVTaV4', 12) EPjFWdd5AufqSSqeM2qN1xzybapC8G4wEGGkZwyTDt1v aggregator_frame
REJECT (5, 1, None, None) EPjFWdd5AufqSSqeM2qN1xzybapC8G4wEGGkZwyTDt1v plumbing
REJECT (6, 1, None, None) EPjFWdd5AufqSSqeM2qN1xzybapC8G4wEGGkZwyTDt1v plumbing
REJECT (4, 3, 'pAMMBay6oceH9fJKBRHGP5D4bD4sWpmSwMn52FMfXEA', 18) SPCXxcqXj6e5dJDVNovHN8744zkbhM2bYudU45BimGb same_mint
REJECT (4, 3, 'pAMMBay6oceH9fJKBRHGP5D4bD4sWpmSwMn52FMfXEA', 18) SPCXxcqXj6e5dJDVNovHN8744zkbhM2bYudU45BimGb same_mint
REJECT (4, 3, 'pAMMBay6oceH9fJKBRHGP5D4bD4sWpmSwMn52FMfXEA', 18) SPCXxcqXj6e5dJDVNovHN8744zkbhM2bYudU45BimGb same_mint
RANK USDC=0.0 SPCX=1.0 JUDE=2.0
PAIR (4, 3, 'SCoRcH8c2dpjvcJD6FiPbCSQyQgu3PcUAWj2Xxx3mqn', 13) SPCX←USDC by=frame
PAIR (4, 3, 'pAMMBay6oceH9fJKBRHGP5D4bD4sWpmSwMn52FMfXEA', 18) JUDE←SPCX by=seq_gap
STEP 3fec2kXP | (4, 3, 'SCoRcH8c2dpjvcJD6FiPbCSQyQgu3PcUAWj2Xxx3mqn', 13) | EHcege7dok1iYs7SxL2XzDPvhg6XzMVcx2V5SkMUurJP | SPCX | USDC | POOL | WALLET | BUY | 16.7186 | 2488.948469 | gross_leg
STEP 3fec2kXP | (4, 3, 'pAMMBay6oceH9fJKBRHGP5D4bD4sWpmSwMn52FMfXEA', 18) | SsJYbzwwR4VF185kxyGX73H8rGCHURjsvoYiZNVcfHw | JUDE | SPCX | POOL | WALLET | BUY | 9678051.40366 | 16.224732 | gross_leg
--> 2 events
==============================================================================================================
TX 3nzGD2WVG7XJwSnfhzRqTs41VrxykLyqMyM6KoWgfVdnKkhuTnuB7nuQsoKzUjP1oiNePhYUts9ir82g88RRgpaP  (3nzGD2WV.json)
REJECT (0, 1, None, None) - not_spl
REJECT (1, 1, None, None) - not_spl
REJECT (2, 1, None, None) - not_spl
REJECT (3, 1, None, None) - not_spl
REJECT (3, 2, 'JUP6LkbZbjS1jKKwapdHNy74zcZ3tLUZoi5QNyVTaV4', 3) EPjFWdd5AufqSSqeM2qN1xzybapC8G4wEGGkZwyTDt1v aggregator_frame
REJECT (3, 2, 'JUP6LkbZbjS1jKKwapdHNy74zcZ3tLUZoi5QNyVTaV4', 3) - not_spl
REJECT (3, 3, 'LBUZKhRxPF3XUpBCjp4YzTKgLccjZhTSDM9YuVaPwxo', 5) - not_spl
REJECT (3, 3, 'LBUZKhRxPF3XUpBCjp4YzTKgLccjZhTSDM9YuVaPwxo', 5) - not_spl
REJECT (3, 2, 'JUP6LkbZbjS1jKKwapdHNy74zcZ3tLUZoi5QNyVTaV4', 3) - not_spl
REJECT (3, 2, 'JUP6LkbZbjS1jKKwapdHNy74zcZ3tLUZoi5QNyVTaV4', 3) - not_spl
REJECT (3, 2, 'JUP6LkbZbjS1jKKwapdHNy74zcZ3tLUZoi5QNyVTaV4', 3) - not_spl
REJECT (3, 2, 'JUP6LkbZbjS1jKKwapdHNy74zcZ3tLUZoi5QNyVTaV4', 3) - not_spl
REJECT (3, 2, 'JUP6LkbZbjS1jKKwapdHNy74zcZ3tLUZoi5QNyVTaV4', 3) EPjFWdd5AufqSSqeM2qN1xzybapC8G4wEGGkZwyTDt1v aggregator_frame
REJECT (3, 2, 'JUP6LkbZbjS1jKKwapdHNy74zcZ3tLUZoi5QNyVTaV4', 3) 8LstZpZuR9Dy7JCZC3YwPEWtbYhuDVFAYV37r6ZAcuHz aggregator_frame
REJECT (4, 1, None, None) EPjFWdd5AufqSSqeM2qN1xzybapC8G4wEGGkZwyTDt1v plumbing
REJECT (5, 1, None, None) EPjFWdd5AufqSSqeM2qN1xzybapC8G4wEGGkZwyTDt1v plumbing
RANK USDC=0.0 CARDS=1.0 OS=2.0
PAIR (3, 3, 'LBUZKhRxPF3XUpBCjp4YzTKgLccjZhTSDM9YuVaPwxo', 5) CARDS←USDC by=frame
PAIR (3, 3, 'CAMMCzo5YL8w4VFF8KVHrK22GGUsp5VTaW7grrKgrWqK', 10) CARDS←USDC by=frame
PAIR (3, 3, 'CAMMCzo5YL8w4VFF8KVHrK22GGUsp5VTaW7grrKgrWqK', 13) CARDS←USDC by=frame
PAIR (3, 3, 'CAMMCzo5YL8w4VFF8KVHrK22GGUsp5VTaW7grrKgrWqK', 16) OS←CARDS by=frame
STEP 3nzGD2WV | (3, 3, 'LBUZKhRxPF3XUpBCjp4YzTKgLccjZhTSDM9YuVaPwxo', 5) | 2N1KNuLSt167P6p9P8HYcisTvTTv4vYTM8QJBbtv1xYU | CARDS | USDC | POOL | RELAY | BUY | 3476.641901 | 450.798346 | gross_leg
STEP 3nzGD2WV | (3, 3, 'CAMMCzo5YL8w4VFF8KVHrK22GGUsp5VTaW7grrKgrWqK', 10) | F3DAAusn8mob9swWaX4ehaRrhi2Q3XJScKkuUpXdvn2i | CARDS | USDC | POOL | RELAY | BUY | 1162.468777 | 150.332487 | gross_leg
STEP 3nzGD2WV | (3, 3, 'CAMMCzo5YL8w4VFF8KVHrK22GGUsp5VTaW7grrKgrWqK', 13) | HnhpJPJgBG2KwniMTNW8cVBHvk1hFog3RC3kjnyc23tD | CARDS | USDC | POOL | RELAY | BUY | 3033.796563 | 394.448555 | gross_leg
STEP 3nzGD2WV | (3, 3, 'CAMMCzo5YL8w4VFF8KVHrK22GGUsp5VTaW7grrKgrWqK', 16) | 5dYsxy1hJ8DxejsfHJR9wyRsuLHw6wCLKk7idc1kszUn | OS | CARDS | POOL | RELAY | BUY | 2392197.67871 | 7672.907241 | gross_leg
--> 4 events
==============================================================================================================
TX 3pkGZDK1VAxWJyXhN5Wodn4KJXuUNBduiznDevdT9ybSDM2cD77Uxku9DpBsD63zqpsXuSrnD5cr6LVDgQjvwZnH  (3pkGZDK1.json)
REJECT (0, 1, None, None) - not_spl
REJECT (1, 1, None, None) - not_spl
REJECT (2, 1, None, None) - not_spl
REJECT (2, 2, 'DF1ow4tspfHX9JwWJsAb9epbkA8hmpSEAtxXy1V27QBH', 2) - not_spl
REJECT (2, 2, 'DF1ow4tspfHX9JwWJsAb9epbkA8hmpSEAtxXy1V27QBH', 2) - not_spl
REJECT (2, 2, 'DF1ow4tspfHX9JwWJsAb9epbkA8hmpSEAtxXy1V27QBH', 2) - not_spl
REJECT (2, 2, 'DF1ow4tspfHX9JwWJsAb9epbkA8hmpSEAtxXy1V27QBH', 2) - not_spl
REJECT (2, 2, 'DF1ow4tspfHX9JwWJsAb9epbkA8hmpSEAtxXy1V27QBH', 2) - not_spl
REJECT (2, 2, 'DF1ow4tspfHX9JwWJsAb9epbkA8hmpSEAtxXy1V27QBH', 2) - not_spl
REJECT (2, 2, 'DF1ow4tspfHX9JwWJsAb9epbkA8hmpSEAtxXy1V27QBH', 2) - not_spl
REJECT (2, 2, 'DF1ow4tspfHX9JwWJsAb9epbkA8hmpSEAtxXy1V27QBH', 2) - not_spl
REJECT (2, 2, 'DF1ow4tspfHX9JwWJsAb9epbkA8hmpSEAtxXy1V27QBH', 2) EPjFWdd5AufqSSqeM2qN1xzybapC8G4wEGGkZwyTDt1v aggregator_frame
REJECT (2, 2, 'DF1ow4tspfHX9JwWJsAb9epbkA8hmpSEAtxXy1V27QBH', 2) EPjFWdd5AufqSSqeM2qN1xzybapC8G4wEGGkZwyTDt1v aggregator_frame
REJECT (2, 2, 'DF1ow4tspfHX9JwWJsAb9epbkA8hmpSEAtxXy1V27QBH', 2) - not_spl
REJECT (3, 1, None, None) EPjFWdd5AufqSSqeM2qN1xzybapC8G4wEGGkZwyTDt1v plumbing
RANK USDC=0.0 WBTC=0.5 cbBTC=1.0 XBT=1.5
PAIR (2, 3, 'CPMMoo8L3F4NbTegBCKVNunggL7H1ZpdTHKxQB5qKP1C', 3) XBT←WBTC by=frame
PAIR (2, 3, 'ALPHAQmeA7bjrVuccPsYPiCvsi428SNwte66Srvs4pHA', 7) cbBTC←WBTC by=frame
PAIR (2, 3, 'MNFSTqtC93rEfYHB6hF82sKdZpUDFWkViLByLd1k1Ms', 11) cbBTC←WBTC by=frame
PAIR (2, 3, 'BiSoNHVpsVZW2F7rx2eQ59yQwKxzU5NvBcmKshCSUypi', 15) cbBTC←USDC by=frame
STEP 3pkGZDK1 | (2, 3, 'CPMMoo8L3F4NbTegBCKVNunggL7H1ZpdTHKxQB5qKP1C', 3) | GpMZbSM2GgvTKHJirzeGfMFoaZ8UR2X7F4v8vHTvxFbL | XBT | WBTC | WALLET | POOL | SELL | 740926.930166 | 0.0200651 | gross_leg
STEP 3pkGZDK1 | (2, 3, 'ALPHAQmeA7bjrVuccPsYPiCvsi428SNwte66Srvs4pHA', 7) | 5e7YKtneHhm9Q86fBsVjwAmiu5sDNu67pu1Hy4N5TwNF | cbBTC | WBTC | POOL | WALLET | BUY | 0.0172121 | 0.0172075 | gross_leg
STEP 3pkGZDK1 | (2, 3, 'MNFSTqtC93rEfYHB6hF82sKdZpUDFWkViLByLd1k1Ms', 11) | DUJ6GqqnusjP4ajzbDUx2veRkeXfNVnjh5vAQ1P5fuix | cbBTC | WBTC | POOL | WALLET | BUY | 0.0028584 | 0.0028576 | gross_leg
STEP 3pkGZDK1 | (2, 3, 'BiSoNHVpsVZW2F7rx2eQ59yQwKxzU5NvBcmKshCSUypi', 15) | 2vPjbPRnz7V1SLGr56CmLLc7JspzfSfccWp3Th5KbrMJ | cbBTC | USDC | WALLET | POOL | SELL | 0.0200705 | 1559.565691 | gross_leg
--> 4 events
==============================================================================================================
TX 4zmaV87BnoMSKjn4PrMSLZQvhYWRZ5zez4KLHZM1x23LbkbDUiDgfN1FVYuSTXoW4KGeaKQFr63MhPXzaLACdvBX  (4zmaV87BnoMS.json)
REJECT (0, 1, None, None) - not_spl
REJECT (1, 1, None, None) - not_spl
REJECT (2, 1, None, None) - not_spl
REJECT (2, 2, 'DF1ow4tspfHX9JwWJsAb9epbkA8hmpSEAtxXy1V27QBH', 2) EPjFWdd5AufqSSqeM2qN1xzybapC8G4wEGGkZwyTDt1v aggregator_frame
REJECT (2, 2, 'DF1ow4tspfHX9JwWJsAb9epbkA8hmpSEAtxXy1V27QBH', 2) EPjFWdd5AufqSSqeM2qN1xzybapC8G4wEGGkZwyTDt1v aggregator_frame
REJECT (2, 2, 'DF1ow4tspfHX9JwWJsAb9epbkA8hmpSEAtxXy1V27QBH', 2) - not_spl
REJECT (2, 2, 'DF1ow4tspfHX9JwWJsAb9epbkA8hmpSEAtxXy1V27QBH', 2) - not_spl
REJECT (2, 3, 'ATokenGPvbdGVxr1b2hvZbsiqW5xWH25efTNsLJA8knL', 6) - not_spl
REJECT (2, 3, 'ATokenGPvbdGVxr1b2hvZbsiqW5xWH25efTNsLJA8knL', 6) - not_spl
REJECT (2, 3, 'ATokenGPvbdGVxr1b2hvZbsiqW5xWH25efTNsLJA8knL', 6) - not_spl
REJECT (2, 3, 'ATokenGPvbdGVxr1b2hvZbsiqW5xWH25efTNsLJA8knL', 6) - not_spl
REJECT (2, 2, 'DF1ow4tspfHX9JwWJsAb9epbkA8hmpSEAtxXy1V27QBH', 2) - not_spl
REJECT (2, 2, 'DF1ow4tspfHX9JwWJsAb9epbkA8hmpSEAtxXy1V27QBH', 2) - not_spl
REJECT (2, 2, 'DF1ow4tspfHX9JwWJsAb9epbkA8hmpSEAtxXy1V27QBH', 2) - not_spl
REJECT (2, 2, 'DF1ow4tspfHX9JwWJsAb9epbkA8hmpSEAtxXy1V27QBH', 2) - not_spl
REJECT (2, 2, 'DF1ow4tspfHX9JwWJsAb9epbkA8hmpSEAtxXy1V27QBH', 2) - not_spl
REJECT (2, 3, 'ATokenGPvbdGVxr1b2hvZbsiqW5xWH25efTNsLJA8knL', 19) - not_spl
REJECT (2, 3, 'ATokenGPvbdGVxr1b2hvZbsiqW5xWH25efTNsLJA8knL', 19) - not_spl
REJECT (2, 3, 'ATokenGPvbdGVxr1b2hvZbsiqW5xWH25efTNsLJA8knL', 19) - not_spl
REJECT (2, 3, 'ATokenGPvbdGVxr1b2hvZbsiqW5xWH25efTNsLJA8knL', 19) - not_spl
REJECT (2, 2, 'DF1ow4tspfHX9JwWJsAb9epbkA8hmpSEAtxXy1V27QBH', 2) - not_spl
REJECT (2, 3, 'pAMMBay6oceH9fJKBRHGP5D4bD4sWpmSwMn52FMfXEA', 24) - not_spl
REJECT (2, 3, 'pAMMBay6oceH9fJKBRHGP5D4bD4sWpmSwMn52FMfXEA', 24) - not_spl
REJECT (2, 3, 'pAMMBay6oceH9fJKBRHGP5D4bD4sWpmSwMn52FMfXEA', 24) - not_spl
REJECT (2, 2, 'DF1ow4tspfHX9JwWJsAb9epbkA8hmpSEAtxXy1V27QBH', 2) - not_spl
REJECT (2, 3, 'pAMMBay6oceH9fJKBRHGP5D4bD4sWpmSwMn52FMfXEA', 33) - not_spl
REJECT (2, 2, 'DF1ow4tspfHX9JwWJsAb9epbkA8hmpSEAtxXy1V27QBH', 2) - not_spl
REJECT (2, 2, 'DF1ow4tspfHX9JwWJsAb9epbkA8hmpSEAtxXy1V27QBH', 2) - not_spl
REJECT (3, 1, None, None) EPjFWdd5AufqSSqeM2qN1xzybapC8G4wEGGkZwyTDt1v plumbing
REJECT (4, 1, None, None) EPjFWdd5AufqSSqeM2qN1xzybapC8G4wEGGkZwyTDt1v plumbing
REJECT (2, 3, 'pAMMBay6oceH9fJKBRHGP5D4bD4sWpmSwMn52FMfXEA', 24) DoGEV7LASBkQbibMc5k5vKnTZoMg423GpJ5QtJEGfm7R same_mint
REJECT (2, 3, 'pAMMBay6oceH9fJKBRHGP5D4bD4sWpmSwMn52FMfXEA', 24) DoGEV7LASBkQbibMc5k5vKnTZoMg423GpJ5QtJEGfm7R same_mint
REJECT (2, 3, 'pAMMBay6oceH9fJKBRHGP5D4bD4sWpmSwMn52FMfXEA', 24) DoGEV7LASBkQbibMc5k5vKnTZoMg423GpJ5QtJEGfm7R same_mint
RANK USDC=0.0 DOGE=1.0 SNOOPDOGE=2.0
PAIR (2, 3, 'whirLbMiicVdio4qvUfM5KAg6Ct8VwpYzGff3uctyCc', 11) DOGE←USDC by=frame
PAIR (2, 3, 'CAMMCzo5YL8w4VFF8KVHrK22GGUsp5VTaW7grrKgrWqK', 15) DOGE←USDC by=frame
PAIR (2, 3, 'pAMMBay6oceH9fJKBRHGP5D4bD4sWpmSwMn52FMfXEA', 24) SNOOPDOGE←DOGE by=seq_gap
STEP 4zmaV87B | (2, 3, 'whirLbMiicVdio4qvUfM5KAg6Ct8VwpYzGff3uctyCc', 11) | YWhRVsZ1cXPgcboSJ3jCyfN2VyuVcZszNRgjf3juinm | DOGE | USDC | POOL | RELAY | BUY | 3111.70405711 | 262.833109 | gross_leg
STEP 4zmaV87B | (2, 3, 'CAMMCzo5YL8w4VFF8KVHrK22GGUsp5VTaW7grrKgrWqK', 15) | 7s9GwyhHTmszPpzYtLaUDFW3LYfuS6XCnFWrGqUk5X4n | DOGE | USDC | POOL | RELAY | BUY | 8673.39085549 | 732.746279 | gross_leg
STEP 4zmaV87B | (2, 3, 'pAMMBay6oceH9fJKBRHGP5D4bD4sWpmSwMn52FMfXEA', 24) | 7y9T8ncZz1rFQ8QphiSMMzMeBs3RbvdKMZyDQoyqXTwf | SNOOPDOGE | DOGE | POOL | WALLET | BUY | 10363786.0429 | 11436.9637796 | gross_leg
--> 3 events
==============================================================================================================
TX 58pWphuGoowgZwWhjCTQwgZcYMrWQyf9nqWU9YuqRgLbL8Q9tcqWfeJ1EA4UEYpDWc2ijegkuVv9xNPvV5yc46Rx  (58pWphuG.json)
REJECT (0, 1, None, None) - not_spl
REJECT (1, 1, None, None) - not_spl
REJECT (2, 1, None, None) - not_spl
REJECT (3, 1, None, None) - not_spl
REJECT (4, 1, None, None) - not_spl
REJECT (5, 1, None, None) - not_spl
REJECT (5, 2, 'proVF4pMXVaYqmy4NjniPh4pqKNfMmsihgd4wdkCX3u', 5) 8LstZpZuR9Dy7JCZC3YwPEWtbYhuDVFAYV37r6ZAcuHz no_pool_endpoint
REJECT (5, 2, 'proVF4pMXVaYqmy4NjniPh4pqKNfMmsihgd4wdkCX3u', 5) - not_spl
REJECT (5, 2, 'proVF4pMXVaYqmy4NjniPh4pqKNfMmsihgd4wdkCX3u', 5) - not_spl
REJECT (5, 2, 'proVF4pMXVaYqmy4NjniPh4pqKNfMmsihgd4wdkCX3u', 5) - not_spl
REJECT (5, 3, 'LBUZKhRxPF3XUpBCjp4YzTKgLccjZhTSDM9YuVaPwxo', 11) - not_spl
REJECT (5, 3, 'LBUZKhRxPF3XUpBCjp4YzTKgLccjZhTSDM9YuVaPwxo', 11) - not_spl
REJECT (5, 2, 'proVF4pMXVaYqmy4NjniPh4pqKNfMmsihgd4wdkCX3u', 5) - not_spl
REJECT (5, 2, 'proVF4pMXVaYqmy4NjniPh4pqKNfMmsihgd4wdkCX3u', 5) - not_spl
REJECT (5, 2, 'proVF4pMXVaYqmy4NjniPh4pqKNfMmsihgd4wdkCX3u', 5) - not_spl
REJECT (5, 2, 'proVF4pMXVaYqmy4NjniPh4pqKNfMmsihgd4wdkCX3u', 5) - not_spl
REJECT (5, 3, 'LBUZKhRxPF3XUpBCjp4YzTKgLccjZhTSDM9YuVaPwxo', 21) - not_spl
REJECT (5, 3, 'LBUZKhRxPF3XUpBCjp4YzTKgLccjZhTSDM9YuVaPwxo', 21) - not_spl
REJECT (5, 2, 'proVF4pMXVaYqmy4NjniPh4pqKNfMmsihgd4wdkCX3u', 5) - not_spl
REJECT (5, 2, 'proVF4pMXVaYqmy4NjniPh4pqKNfMmsihgd4wdkCX3u', 5) - not_spl
REJECT (5, 2, 'proVF4pMXVaYqmy4NjniPh4pqKNfMmsihgd4wdkCX3u', 5) - not_spl
REJECT (5, 2, 'proVF4pMXVaYqmy4NjniPh4pqKNfMmsihgd4wdkCX3u', 5) EPjFWdd5AufqSSqeM2qN1xzybapC8G4wEGGkZwyTDt1v no_pool_endpoint
REJECT (5, 2, 'proVF4pMXVaYqmy4NjniPh4pqKNfMmsihgd4wdkCX3u', 5) - not_spl
REJECT (6, 1, None, None) EPjFWdd5AufqSSqeM2qN1xzybapC8G4wEGGkZwyTDt1v plumbing
REJECT (5, 2, 'proVF4pMXVaYqmy4NjniPh4pqKNfMmsihgd4wdkCX3u', 5) EPjFWdd5AufqSSqeM2qN1xzybapC8G4wEGGkZwyTDt1v same_mint
REJECT (5, 3, 'QuaNtZsgYRe5Z9Bk4LZ4cTD9tbkVoyCNf1R2BN9bBDv', 27) So11111111111111111111111111111111111111112 major_pair
REJECT (5, 3, 'QuaNtZsgYRe5Z9Bk4LZ4cTD9tbkVoyCNf1R2BN9bBDv', 27) EPjFWdd5AufqSSqeM2qN1xzybapC8G4wEGGkZwyTDt1v major_pair
RANK USDC=0.0 WSOL=0.0 OS=1.0 CARDS=1.0
PAIR (5, 3, 'CAMMCzo5YL8w4VFF8KVHrK22GGUsp5VTaW7grrKgrWqK', 7) OS←CARDS by=frame
PAIR (5, 3, 'LBUZKhRxPF3XUpBCjp4YzTKgLccjZhTSDM9YuVaPwxo', 11) OS←WSOL by=frame
PAIR (5, 3, 'CAMMCzo5YL8w4VFF8KVHrK22GGUsp5VTaW7grrKgrWqK', 17) CARDS←USDC by=frame
PAIR (5, 3, 'LBUZKhRxPF3XUpBCjp4YzTKgLccjZhTSDM9YuVaPwxo', 21) CARDS←USDC by=frame
STEP 58pWphuG | (5, 3, 'CAMMCzo5YL8w4VFF8KVHrK22GGUsp5VTaW7grrKgrWqK', 7) | 5dYsxy1hJ8DxejsfHJR9wyRsuLHw6wCLKk7idc1kszUn | OS | CARDS | RELAY | POOL | SELL | 11033477.2484 | 26699.547315 | gross_leg
STEP 58pWphuG | (5, 3, 'LBUZKhRxPF3XUpBCjp4YzTKgLccjZhTSDM9YuVaPwxo', 11) | 4L3ypsd1AHeBynRx9mQUb6XxL5ViipdEHaXVpoejzJ9D | OS | WSOL | RELAY | POOL | SELL | 1947084.22031 | 5.848984792 | gross_leg
STEP 58pWphuG | (5, 3, 'CAMMCzo5YL8w4VFF8KVHrK22GGUsp5VTaW7grrKgrWqK', 17) | HnhpJPJgBG2KwniMTNW8cVBHvk1hFog3RC3kjnyc23tD | CARDS | USDC | RELAY | POOL | SELL | 20291.655959 | 2609.254878 | gross_leg
STEP 58pWphuG | (5, 3, 'LBUZKhRxPF3XUpBCjp4YzTKgLccjZhTSDM9YuVaPwxo', 21) | 2N1KNuLSt167P6p9P8HYcisTvTTv4vYTM8QJBbtv1xYU | CARDS | USDC | RELAY | POOL | SELL | 6407.891356 | 824.225653 | gross_leg
--> 4 events
==============================================================================================================
TX 5XLTG1WXJquDoHp8sd48zt3E7PWydkT57JKZMLbHUpcHfeDjegevxaTgRSCNabMbK9gSq6b2sDEtgYjq2Zgi5rh2  (5XLTG1WX.json)
REJECT (0, 1, None, None) - not_spl
REJECT (1, 1, None, None) - not_spl
REJECT (2, 1, None, None) - not_spl
REJECT (3, 1, None, None) - not_spl
REJECT (4, 1, None, None) - not_spl
REJECT (4, 2, 'proVF4pMXVaYqmy4NjniPh4pqKNfMmsihgd4wdkCX3u', 4) - not_spl
REJECT (4, 2, 'proVF4pMXVaYqmy4NjniPh4pqKNfMmsihgd4wdkCX3u', 4) - not_spl
REJECT (4, 2, 'proVF4pMXVaYqmy4NjniPh4pqKNfMmsihgd4wdkCX3u', 4) - not_spl
REJECT (4, 3, 'LBUZKhRxPF3XUpBCjp4YzTKgLccjZhTSDM9YuVaPwxo', 9) - not_spl
REJECT (4, 3, 'LBUZKhRxPF3XUpBCjp4YzTKgLccjZhTSDM9YuVaPwxo', 9) - not_spl
REJECT (4, 2, 'proVF4pMXVaYqmy4NjniPh4pqKNfMmsihgd4wdkCX3u', 4) - not_spl
REJECT (4, 2, 'proVF4pMXVaYqmy4NjniPh4pqKNfMmsihgd4wdkCX3u', 4) EPjFWdd5AufqSSqeM2qN1xzybapC8G4wEGGkZwyTDt1v no_pool_endpoint
REJECT (4, 2, 'proVF4pMXVaYqmy4NjniPh4pqKNfMmsihgd4wdkCX3u', 4) - not_spl
REJECT (5, 1, None, None) EPjFWdd5AufqSSqeM2qN1xzybapC8G4wEGGkZwyTDt1v plumbing
REJECT (4, 2, 'proVF4pMXVaYqmy4NjniPh4pqKNfMmsihgd4wdkCX3u', 4) EPjFWdd5AufqSSqeM2qN1xzybapC8G4wEGGkZwyTDt1v same_mint
RANK USDC=0.0 ORE=1.0 STEVE=2.0
PAIR (4, 3, 'CPMMoo8L3F4NbTegBCKVNunggL7H1ZpdTHKxQB5qKP1C', 5) STEVE←ORE by=frame
PAIR (4, 3, 'LBUZKhRxPF3XUpBCjp4YzTKgLccjZhTSDM9YuVaPwxo', 9) ORE←USDC by=frame
STEP 5XLTG1WX | (4, 3, 'CPMMoo8L3F4NbTegBCKVNunggL7H1ZpdTHKxQB5qKP1C', 5) | GpMZbSM2GgvTKHJirzeGfMFoaZ8UR2X7F4v8vHTvxFbL | STEVE | ORE | WALLET | POOL | SELL | 20395086.1585 | 9.5460692188 | gross_leg
STEP 5XLTG1WX | (4, 3, 'LBUZKhRxPF3XUpBCjp4YzTKgLccjZhTSDM9YuVaPwxo', 9) | C7hF6MvQwErhsf1KrFvnKzdArb9PsofFiwZdipo9c7cz | ORE | USDC | RELAY | POOL | SELL | 9.5460692188 | 726.96198 | gross_leg
--> 2 events
==============================================================================================================
REJECT reasons: {'not_spl': 144, 'no_pool_endpoint': 6, 'aggregator_frame': 15, 'plumbing': 13, 'major_pair': 4, 'same_mint': 8}
PAIR by: {'frame': 27, 'seq_gap': 2}
BASE-LEG role distribution: {'WALLET→POOL': 7, 'POOL→RELAY': 11, 'RELAY→POOL': 6, 'POOL→WALLET': 5} (kỳ vọng {'POOL→WALLET': 5, 'WALLET→POOL': 7, 'POOL→RELAY': 11, 'RELAY→POOL': 6}, tổng 29/29)
AMBIG(2-POOL) trong steps sống: 0 (bằng cấu trúc — no_pool_endpoint reject, plan dòng 172)
events tổng: 29 (oracle 29)
==============================================================================================================
ROW 2k3KYp18 #0 2/2 SELL SPCX      ←USDC    oracle        9.524479000/  1415.838994000  got        9.524479000/  1415.838994000  qi=0 pend=0/1  exact
ROW 2k3KYp18 #1 1/2 SELL JUDE      ←SPCX    oracle  9678051.403663000/     9.524479000  got  9678051.403663000/     9.524479000  qi=0 pend=0/1  exact
ROW 33hqSn4Q #0 4/4 SELL cbBTC     ←USDC    oracle        0.016571050/  1286.802742000  got        0.016571050/  1286.802742000  qi=0 pend=0/1  exact
ROW 33hqSn4Q #1 3/4 BUY  cbBTC     ←WBTC    oracle        0.016571050/     0.016566770  got        0.016571050/     0.016566770  qi=0 pend=0/1  exact
ROW 33hqSn4Q #2 2/4 SELL XBT       ←WBTC    oracle   638160.364952000/     0.016566770  got   638160.364952000/     0.016566770  qi=0 pend=0/1  exact
ROW 33hqSn4Q #3 1/4 SELL XBT       ←WSOL    oracle    97779.906425000/     2.006944216  got   102766.565214000/     2.006944216  qi=0 pend=0/1  gross base 4.8524% quote 0.0000%
ROW 3BbWVS3K #0 4/4 BUY  OS        ←CARDS   oracle 10588363.790051019/ 38921.288721000  got 10588363.790051019/ 38921.288721000  qi=0 pend=0/1  exact
ROW 3BbWVS3K #1 3/4 BUY  CARDS     ←USDC    oracle      964.657141000/   123.451845000  got      964.657141000/   123.451845000  qi=0 pend=0/1  exact
ROW 3BbWVS3K #2 2/4 BUY  CARDS     ←USDC    oracle    36772.236971000/  4703.117027000  got    36772.236971000/  4703.117027000  qi=0 pend=0/1  exact
ROW 3BbWVS3K #3 1/4 BUY  CARDS     ←USDC    oracle     1184.394609000/   150.964740000  got     1184.394609000/   151.328066000  qi=0 pend=0/1  gross base 0.0000% quote 0.2401%
ROW 3fec2kXP #0 2/2 BUY  JUDE      ←SPCX    oracle  9678051.403663000/    16.224732000  got  9678051.403663000/    16.224732000  qi=0 pend=0/1  exact
ROW 3fec2kXP #1 1/2 BUY  SPCX      ←USDC    oracle       16.718600000/  2488.948469000  got       16.718600000/  2488.948469000  qi=0 pend=0/1  exact
ROW 3nzGD2WV #0 4/4 BUY  OS        ←CARDS   oracle  2392197.678713395/  7672.907241000  got  2392197.678713395/  7672.907241000  qi=0 pend=0/1  exact
ROW 3nzGD2WV #1 3/4 BUY  CARDS     ←USDC    oracle     3033.796563000/   394.448555000  got     3033.796563000/   394.448555000  qi=0 pend=0/1  exact
ROW 3nzGD2WV #2 2/4 BUY  CARDS     ←USDC    oracle     1162.468777000/   150.332487000  got     1162.468777000/   150.332487000  qi=0 pend=0/1  exact
ROW 3nzGD2WV #3 1/4 BUY  CARDS     ←USDC    oracle     3476.641901000/   449.888419000  got     3476.641901000/   450.798346000  qi=0 pend=0/1  gross base 0.0000% quote 0.2018%
ROW 3pkGZDK1 #0 4/4 SELL cbBTC     ←USDC    oracle        0.020070500/  1559.565691000  got        0.020070500/  1559.565691000  qi=0 pend=0/1  exact
ROW 3pkGZDK1 #1 3/4 BUY  cbBTC     ←WBTC    oracle        0.002858400/     0.002857600  got        0.002858400/     0.002857600  qi=0 pend=0/1  exact
ROW 3pkGZDK1 #2 2/4 BUY  cbBTC     ←WBTC    oracle        0.017212100/     0.017207500  got        0.017212100/     0.017207500  qi=0 pend=0/1  exact
ROW 3pkGZDK1 #3 1/4 SELL XBT       ←WBTC    oracle   740926.930166000/     0.020065100  got   740926.930166000/     0.020065100  qi=0 pend=0/1  exact
ROW 4zmaV87B #0 3/3 BUY  SNOOPDOGE ←DOGE    oracle 10363786.042923000/ 11436.963779580  got 10363786.042923000/ 11436.963779580  qi=0 pend=0/1  exact
ROW 4zmaV87B #1 2/3 BUY  DOGE      ←USDC    oracle     8673.390855490/   732.746279000  got     8673.390855490/   732.746279000  qi=0 pend=0/1  exact
ROW 4zmaV87B #2 1/3 BUY  DOGE      ←USDC    oracle     3111.704057110/   262.833109000  got     3111.704057110/   262.833109000  qi=0 pend=0/1  exact
ROW 58pWphuG #0 4/4 SELL CARDS     ←USDC    oracle     6394.913585000/   824.225653000  got     6407.891356000/   824.225653000  qi=0 pend=0/1  gross base 0.2025% quote 0.0000%
ROW 58pWphuG #1 3/4 SELL CARDS     ←USDC    oracle    20291.655959000/  2609.254878000  got    20291.655959000/  2609.254878000  qi=0 pend=0/1  exact
ROW 58pWphuG #2 2/4 SELL OS        ←WSOL    oracle  1796185.193240272/     5.848984792  got  1947084.220314662/     5.848984792  qi=0 pend=0/1  gross base 7.7500% quote 0.0000%
ROW 58pWphuG #3 1/4 SELL OS        ←CARDS   oracle 11033477.248449750/ 26699.547315000  got 11033477.248449750/ 26699.547315000  qi=1 pend=0/1  exact
ROW 5XLTG1WX #0 2/2 SELL ORE       ←USDC    oracle        9.467225349/   726.961980000  got        9.546069219/   726.961980000  qi=0 pend=0/1  gross base 0.8259% quote 0.0000%
ROW 5XLTG1WX #1 1/2 SELL STEVE     ←ORE     oracle 20395086.158546999/     9.546069219  got 20395086.158546999/     9.546069219  qi=0 pend=0/1  exact
==============================================================================================================
STEPS 29/29 · SIDE 29/29 · IDENTITY 29/29 · AMOUNTS exact 23/29 (+6 gross ≤8%, max 7.75%)
quote_inferred_count=1 (kỳ vọng 1 — chỉ 58pWphuG OS↔CARDS tie)  type_SWAP_all=True  amount_basis_gross_all=True
T2 PARITY: GOAL MET

== STALE_STATE / FLAKY — QA chạy 2 lần liên tiếp, sha256 output:
e6439b5a7c11df94bf5570faabd137ee9882596859c6a2d30293c8b86413d931  /tmp/t2_out.txt
e6439b5a7c11df94bf5570faabd137ee9882596859c6a2d30293c8b86413d931  /tmp/t2_out2.txt

==============================================================================================================
== MUTATION COUNTERPROOFS — /tmp/t2_extra.py (patch trên bản copy /tmp; scripts/wallet_watch.py không bị sửa)
==============================================================================================================
M0 baseline: events=29 roles={'WALLET→POOL': 7, 'POOL→RELAY': 11, 'RELAY→POOL': 6, 'POOL→WALLET': 5}
M1 no-major-filter: PASS (events=31 expect 31; POOL→RELAY=13 expect 13; 58pWphuG=5 expect 5; quote_inferred=3 expect 3)
M2 per-sig (M0→M2): {'2k3KYp18': (2, 1), '33hqSn4Q': (4, 3), '3pkGZDK1': (4, 2)}
M2 pool-in-frame-key: PASS (events=25 expect 25; 2k3KYp18=1 expect 1; 3pkGZDK1=2 expect 2)
M3 token_info TTL stale_state: PASS (seed=hit vĩnh viễn không fetch; miss>60s refetch+clear marker; miss<60s không fetch; fetch fail→placeholder+stamp miss)
M4 malformed_input: PASS (meta.err→[]; tx không leg parsed→[]; {}→KeyError — caller production guard `if tx:` trước khi gọi, như classify_swaps)
M4b stripped-meta fixture 58pWphuG: PASS — strip['innerInstructions']→0 events; strip['preTokenBalances', 'postTokenBalances']→0 events; strip['innerInstructions', 'preTokenBalances', 'postTokenBalances']→0 events (không exception)
EXTRA_ALL_PASS: True

== BASELINE TESTS (subprocess, lúc assemble) ==
python3 scripts/test_wallet_watch.py => exit 0
OK: 8/8 khớp ground-truth
OK: track_post_body BUY/SELL → body, TRANSFER/empty-mint → None
python3 scripts/test_route_detect.py => exit 0
OK: round-trip detection 11/11
python3 scripts/test_gmgn_parity.py => exit 0
OK: gmgn parity type+token 30/30 amount 29/29
CLEANUP: /tmp/t2_table.py removed
CLEANUP: /tmp/t2_extra.py removed
CLEANUP: /tmp/t2_out.txt /tmp/t2_out2.txt /tmp/t2_mut_out.txt /tmp/t2_sha.txt /tmp/t2_header.md removed
CLEANUP: /tmp/t2_base_test_*.txt removed
FINAL VERIFY (sau cleanup):
  python3 scripts/test_wallet_watch.py => exit 0 · OK: 8/8 khớp ground-truth
  python3 scripts/test_route_detect.py => exit 0 · OK: round-trip detection 11/11
  python3 scripts/test_gmgn_parity.py => exit 0 · OK: gmgn parity type+token 30/30 amount 29/29
