DERIVED WSOL: So11111111111111111111111111111111111111112  <- scripts/fixtures/gmgn_rows_fixture.json rows[9].quote_token.token_address
DERIVED USDC: EPjFWdd5AufqSSqeM2qN1xzybapC8G4wEGGkZwyTDt1v  <- scripts/fixtures/gmgn_rows_fixture.json rows[1].quote_token.token_address
DERIVED WBTC: 3NZ9JMVBmGAqocybic2c7LQCJScmgsAZ6vQqTDzcqmJh  <- scripts/fixtures/gmgn_rows_fixture.json rows[22].quote_token.token_address
IMPORT_OK
TIER_A = {
    EPjFWdd5AufqSSqeM2qN1xzybapC8G4wEGGkZwyTDt1v,
    EjmyN6qEC1Tf1JxiG1ae7UTJhUxSwk1TCWNWqxWV4J6o,
    Es9vMFrzaCERmJfrF4H2FYD4KCoNkY11McCe8BenwNYB,
    So11111111111111111111111111111111111111112,
}
TIER_B = {
    3NZ9JMVBmGAqocybic2c7LQCJScmgsAZ6vQqTDzcqmJh,
}
_AGGREGATORS = {
    DF1ow4tspfHX9JwWJsAb9epbkA8hmpSEAtxXy1V27QBH,
    JUP6LkbZbjS1jKKwapdHNy74zcZ3tLUZoi5QNyVTaV4,
}
TIER_A_SIZE: 4
TIER_B_SIZE: 1
NOT_IN_TIER_A: WBTC/cbBTC/XBT ok
RE_DERIVED_MATCH: TIER_A/TIER_B == fixture-derived values ok
LAUNCHPAD_PROGRAMS_ABSENT: ok
CALLABLES_OK: classify/classify_swaps/_swap_legs ok
TEST scripts/test_wallet_watch.py exit=0 OK: 8/8 khớp ground-truth | OK: track_post_body BUY/SELL → body, TRANSFER/empty-mint → None
TEST scripts/test_route_detect.py exit=0 OK: round-trip detection 11/11
TEST scripts/test_gmgn_parity.py exit=0 OK: gmgn parity type+token 30/30 amount 29/29
CLEANUP: /tmp/t3_check.py removed
