===== T4 EVIDENCE — wire detect_swaps into ONE shared _handle_tx emit path; delete route-level model =====
date: 2026-09-15T18:08:12+07:00 (Asia/Ho_Chi_Minh host clock)

===== DRIVER RUN A (fresh process): python3 /tmp/t4_drive.py =====
== RUN 1 ==
09-15 09:42:34 [31mSELL        [0m FhsbQ…2bVG  9,678,051.403663 JUDE ← SPCX 9.524479 ≈ $1,417.94 @0.0000009841/tk (gross) step 1/2  7aTdJBD8…  https://solscan.io/tx/2k3KYp183hqPsyroYZpfwpLzt1cLcUcipnTd7viCDg8XgxqyS9HMqwMNLUmcVjDDv3NYEMwiR5zVroweZxAvwVzE
09-15 09:42:34 [31mSELL        [0m FhsbQ…2bVG  9.524479 SPCX ← USDC 1,415.838994 ≈ $1,415.84 @148.6526448323/tk (gross) step 2/2  SPCXxcqX…  https://solscan.io/tx/2k3KYp183hqPsyroYZpfwpLzt1cLcUcipnTd7viCDg8XgxqyS9HMqwMNLUmcVjDDv3NYEMwiR5zVroweZxAvwVzE
09-15 09:42:34 [31mSELL        [0m FhsbQ…2bVG  102,766.565214 XBT ← WSOL 2.006944 ≈ $204.39 @0.0000195292/tk (gross) step 1/4  BLLieANe…  https://solscan.io/tx/33hqSn4QyCKbA8ynY2JrZhbSG357G38Ync9aHPW6BC5V4rzH6PZ2B2yvNjuT6FJssgDNGcZ7okpyp7a6bLUcHBnV
09-15 09:42:34 [31mSELL        [0m FhsbQ…2bVG  638,160.364952 XBT ← WBTC 0.016567 ≈ $1,287.35 @0.000000026/tk (gross) step 2/4  BLLieANe…  https://solscan.io/tx/33hqSn4QyCKbA8ynY2JrZhbSG357G38Ync9aHPW6BC5V4rzH6PZ2B2yvNjuT6FJssgDNGcZ7okpyp7a6bLUcHBnV
09-15 09:42:34 [32mBUY         [0m FhsbQ…2bVG  0.016571 cbBTC ← WBTC 0.016567 ≈ $1,287.35 @0.9997417182/tk (gross) step 3/4  cbbtcf3a…  https://solscan.io/tx/33hqSn4QyCKbA8ynY2JrZhbSG357G38Ync9aHPW6BC5V4rzH6PZ2B2yvNjuT6FJssgDNGcZ7okpyp7a6bLUcHBnV
09-15 09:42:34 [31mSELL        [0m FhsbQ…2bVG  0.016571 cbBTC ← USDC 1,286.802742 ≈ $1,286.80 @77653.6635880044/tk (gross) step 4/4  cbbtcf3a…  https://solscan.io/tx/33hqSn4QyCKbA8ynY2JrZhbSG357G38Ync9aHPW6BC5V4rzH6PZ2B2yvNjuT6FJssgDNGcZ7okpyp7a6bLUcHBnV
09-15 09:42:34 [32mBUY         [0m FhsbQ…2bVG  1,184.394609 CARDS ← USDC 151.328066 ≈ $151.33 @0.1277682833/tk (gross) step 1/4  CARDSccU…  https://solscan.io/tx/3BbWVS3K7pLEXcNCj8vxCH7q51Cy3D1ZTXgm2FcaV3VfKnXPxujzVmWf29R9RX7k2XQMWCSfdTFfJQqodY8vYE57
09-15 09:42:34 [32mBUY         [0m FhsbQ…2bVG  36,772.236971 CARDS ← USDC 4,703.117027 ≈ $4,703.12 @0.1278985837/tk (gross) step 2/4  CARDSccU…  https://solscan.io/tx/3BbWVS3K7pLEXcNCj8vxCH7q51Cy3D1ZTXgm2FcaV3VfKnXPxujzVmWf29R9RX7k2XQMWCSfdTFfJQqodY8vYE57
09-15 09:42:34 [32mBUY         [0m FhsbQ…2bVG  964.657141 CARDS ← USDC 123.451845 ≈ $123.45 @0.1279748418/tk (gross) step 3/4  CARDSccU…  https://solscan.io/tx/3BbWVS3K7pLEXcNCj8vxCH7q51Cy3D1ZTXgm2FcaV3VfKnXPxujzVmWf29R9RX7k2XQMWCSfdTFfJQqodY8vYE57
09-15 09:42:34 [32mBUY         [0m FhsbQ…2bVG  10,588,363.790051 OS ← CARDS 38,921.288721 ≈ $4,960.97 @0.0036758549/tk (gross) step 4/4  8LstZpZu…  https://solscan.io/tx/3BbWVS3K7pLEXcNCj8vxCH7q51Cy3D1ZTXgm2FcaV3VfKnXPxujzVmWf29R9RX7k2XQMWCSfdTFfJQqodY8vYE57
09-15 09:42:34 [32mBUY         [0m FhsbQ…2bVG  16.7186 SPCX ← USDC 2,488.948469 ≈ $2,488.95 @148.8730198103/tk (gross) step 1/2  SPCXxcqX…  https://solscan.io/tx/3fec2kXPqQmkMVVzeUqvw1R3SfSaBgiuA2wL9tDuDAVauzCAXu84EYyEX9vDCQ9Y5iaEtQ2XAr8NDeXGus9QdzBj
09-15 09:42:34 [32mBUY         [0m FhsbQ…2bVG  9,678,051.403663 JUDE ← SPCX 16.224732 ≈ $2,415.42 @0.0000016764/tk (gross) step 2/2  7aTdJBD8…  https://solscan.io/tx/3fec2kXPqQmkMVVzeUqvw1R3SfSaBgiuA2wL9tDuDAVauzCAXu84EYyEX9vDCQ9Y5iaEtQ2XAr8NDeXGus9QdzBj
09-15 09:42:34 [32mBUY         [0m FhsbQ…2bVG  3,476.641901 CARDS ← USDC 450.798346 ≈ $450.80 @0.1296648774/tk (gross) step 1/4  CARDSccU…  https://solscan.io/tx/3nzGD2WVG7XJwSnfhzRqTs41VrxykLyqMyM6KoWgfVdnKkhuTnuB7nuQsoKzUjP1oiNePhYUts9ir82g88RRgpaP
09-15 09:42:34 [32mBUY         [0m FhsbQ…2bVG  1,162.468777 CARDS ← USDC 150.332487 ≈ $150.33 @0.1293217418/tk (gross) step 2/4  CARDSccU…  https://solscan.io/tx/3nzGD2WVG7XJwSnfhzRqTs41VrxykLyqMyM6KoWgfVdnKkhuTnuB7nuQsoKzUjP1oiNePhYUts9ir82g88RRgpaP
09-15 09:42:34 [32mBUY         [0m FhsbQ…2bVG  3,033.796563 CARDS ← USDC 394.448555 ≈ $394.45 @0.1300181297/tk (gross) step 3/4  CARDSccU…  https://solscan.io/tx/3nzGD2WVG7XJwSnfhzRqTs41VrxykLyqMyM6KoWgfVdnKkhuTnuB7nuQsoKzUjP1oiNePhYUts9ir82g88RRgpaP
09-15 09:42:34 [32mBUY         [0m FhsbQ…2bVG  2,392,197.678713 OS ← CARDS 7,672.907241 ≈ $978.00 @0.0032074721/tk (gross) step 4/4  8LstZpZu…  https://solscan.io/tx/3nzGD2WVG7XJwSnfhzRqTs41VrxykLyqMyM6KoWgfVdnKkhuTnuB7nuQsoKzUjP1oiNePhYUts9ir82g88RRgpaP
09-15 09:42:34 [31mSELL        [0m FhsbQ…2bVG  740,926.930166 XBT ← WBTC 0.020065 ≈ $1,559.19 @0.0000000271/tk (gross) step 1/4  BLLieANe…  https://solscan.io/tx/3pkGZDK1VAxWJyXhN5Wodn4KJXuUNBduiznDevdT9ybSDM2cD77Uxku9DpBsD63zqpsXuSrnD5cr6LVDgQjvwZnH
09-15 09:42:34 [32mBUY         [0m FhsbQ…2bVG  0.017212 cbBTC ← WBTC 0.017208 ≈ $1,337.14 @0.9997327461/tk (gross) step 2/4  cbbtcf3a…  https://solscan.io/tx/3pkGZDK1VAxWJyXhN5Wodn4KJXuUNBduiznDevdT9ybSDM2cD77Uxku9DpBsD63zqpsXuSrnD5cr6LVDgQjvwZnH
09-15 09:42:34 [32mBUY         [0m FhsbQ…2bVG  0.002858 cbBTC ← WBTC 0.002858 ≈ $222.05 @0.9997201231/tk (gross) step 3/4  cbbtcf3a…  https://solscan.io/tx/3pkGZDK1VAxWJyXhN5Wodn4KJXuUNBduiznDevdT9ybSDM2cD77Uxku9DpBsD63zqpsXuSrnD5cr6LVDgQjvwZnH
09-15 09:42:34 [31mSELL        [0m FhsbQ…2bVG  0.020071 cbBTC ← USDC 1,559.565691 ≈ $1,559.57 @77704.376622406/tk (gross) step 4/4  cbbtcf3a…  https://solscan.io/tx/3pkGZDK1VAxWJyXhN5Wodn4KJXuUNBduiznDevdT9ybSDM2cD77Uxku9DpBsD63zqpsXuSrnD5cr6LVDgQjvwZnH
09-15 09:42:34 [32mBUY         [0m FhsbQ…2bVG  3,111.704057 DOGE ← USDC 262.833109 ≈ $262.83 @0.0844659724/tk (gross) step 1/3  DoGEV7LA…  https://solscan.io/tx/4zmaV87BnoMSKjn4PrMSLZQvhYWRZ5zez4KLHZM1x23LbkbDUiDgfN1FVYuSTXoW4KGeaKQFr63MhPXzaLACdvBX
09-15 09:42:34 [32mBUY         [0m FhsbQ…2bVG  8,673.390855 DOGE ← USDC 732.746279 ≈ $732.75 @0.0844821006/tk (gross) step 2/3  DoGEV7LA…  https://solscan.io/tx/4zmaV87BnoMSKjn4PrMSLZQvhYWRZ5zez4KLHZM1x23LbkbDUiDgfN1FVYuSTXoW4KGeaKQFr63MhPXzaLACdvBX
09-15 09:42:34 [32mBUY         [0m FhsbQ…2bVG  10,363,786.042923 SNOOPDOGE ← DOGE 11,436.96378 ≈ $966.03 @0.0011035507/tk (gross) step 3/3  AjBGWjvz…  https://solscan.io/tx/4zmaV87BnoMSKjn4PrMSLZQvhYWRZ5zez4KLHZM1x23LbkbDUiDgfN1FVYuSTXoW4KGeaKQFr63MhPXzaLACdvBX
09-15 09:42:34 [31mSELL        [0m FhsbQ…2bVG  11,033,477.24845 OS ← CARDS 26,699.547315 ≈ $3,403.16 @0.002419867/tk (gross) step 1/4  8LstZpZu…  https://solscan.io/tx/58pWphuGoowgZwWhjCTQwgZcYMrWQyf9nqWU9YuqRgLbL8Q9tcqWfeJ1EA4UEYpDWc2ijegkuVv9xNPvV5yc46Rx
09-15 09:42:34 [31mSELL        [0m FhsbQ…2bVG  1,947,084.220315 OS ← WSOL 5.848985 ≈ $595.66 @0.000003004/tk (gross) step 2/4  8LstZpZu…  https://solscan.io/tx/58pWphuGoowgZwWhjCTQwgZcYMrWQyf9nqWU9YuqRgLbL8Q9tcqWfeJ1EA4UEYpDWc2ijegkuVv9xNPvV5yc46Rx
09-15 09:42:34 [31mSELL        [0m FhsbQ…2bVG  20,291.655959 CARDS ← USDC 2,609.254878 ≈ $2,609.25 @0.1285875772/tk (gross) step 3/4  CARDSccU…  https://solscan.io/tx/58pWphuGoowgZwWhjCTQwgZcYMrWQyf9nqWU9YuqRgLbL8Q9tcqWfeJ1EA4UEYpDWc2ijegkuVv9xNPvV5yc46Rx
09-15 09:42:34 [31mSELL        [0m FhsbQ…2bVG  6,407.891356 CARDS ← USDC 824.225653 ≈ $824.23 @0.1286266585/tk (gross) step 4/4  CARDSccU…  https://solscan.io/tx/58pWphuGoowgZwWhjCTQwgZcYMrWQyf9nqWU9YuqRgLbL8Q9tcqWfeJ1EA4UEYpDWc2ijegkuVv9xNPvV5yc46Rx
09-15 09:42:34 [31mSELL        [0m FhsbQ…2bVG  20,395,086.158547 STEVE ← ORE 9.546069 ≈ $733.02 @0.0000004681/tk (gross) step 1/2  F8eyg3TJ…  https://solscan.io/tx/5XLTG1WXJquDoHp8sd48zt3E7PWydkT57JKZMLbHUpcHfeDjegevxaTgRSCNabMbK9gSq6b2sDEtgYjq2Zgi5rh2
09-15 09:42:34 [31mSELL        [0m FhsbQ…2bVG  9.546069 ORE ← USDC 726.96198 ≈ $726.96 @76.1530178902/tk (gross) step 2/2  oreoU2P8…  https://solscan.io/tx/5XLTG1WXJquDoHp8sd48zt3E7PWydkT57JKZMLbHUpcHfeDjegevxaTgRSCNabMbK9gSq6b2sDEtgYjq2Zgi5rh2
PASS per-sig 2k3KYp18 emitted=2 fixture_rows=2
PASS per-sig 33hqSn4Q emitted=4 fixture_rows=4
PASS per-sig 3BbWVS3K emitted=4 fixture_rows=4
PASS per-sig 3fec2kXP emitted=2 fixture_rows=2
PASS per-sig 3nzGD2WV emitted=4 fixture_rows=4
PASS per-sig 3pkGZDK1 emitted=4 fixture_rows=4
PASS per-sig 4zmaV87B emitted=3 fixture_rows=3
PASS per-sig 58pWphuG emitted=4 fixture_rows=4
PASS per-sig 5XLTG1WX emitted=2 fixture_rows=2
PER-SIG SEQUENCE emitted : 2,4,4,2,4,4,3,4,2
PER-SIG SEQUENCE fixture : 2,4,4,2,4,4,3,4,2
PASS per-sig sequence 2,4,4,2,4,4,3,4,2 == fixture 2,4,4,2,4,4,3,4,2
PASS total events 29 == fixture rows 29
PASS amount_basis=='gross_leg' on all events (bad: [])
PASS type=='SWAP' on all events (bad: [])
amount_basis tally: {'gross_leg': 29}
type tally: {'SWAP': 29}
PASS jl_write=29 track_event=29 == rows 29
PASS st head updated to last sig 5XLTG1WX
PASS fmt rendered 29 lines == 29
-- fmt(ev) lines (fmt smoke test) --
09-15 09:42:34 [31mSELL        [0m FhsbQ…2bVG  9,678,051.403663 JUDE ← SPCX 9.524479 ≈ $1,417.94 @0.0000009841/tk (gross) step 1/2  7aTdJBD8…  https://solscan.io/tx/2k3KYp183hqPsyroYZpfwpLzt1cLcUcipnTd7viCDg8XgxqyS9HMqwMNLUmcVjDDv3NYEMwiR5zVroweZxAvwVzE
09-15 09:42:34 [31mSELL        [0m FhsbQ…2bVG  9.524479 SPCX ← USDC 1,415.838994 ≈ $1,415.84 @148.6526448323/tk (gross) step 2/2  SPCXxcqX…  https://solscan.io/tx/2k3KYp183hqPsyroYZpfwpLzt1cLcUcipnTd7viCDg8XgxqyS9HMqwMNLUmcVjDDv3NYEMwiR5zVroweZxAvwVzE
09-15 09:42:34 [31mSELL        [0m FhsbQ…2bVG  102,766.565214 XBT ← WSOL 2.006944 ≈ $204.39 @0.0000195292/tk (gross) step 1/4  BLLieANe…  https://solscan.io/tx/33hqSn4QyCKbA8ynY2JrZhbSG357G38Ync9aHPW6BC5V4rzH6PZ2B2yvNjuT6FJssgDNGcZ7okpyp7a6bLUcHBnV
09-15 09:42:34 [31mSELL        [0m FhsbQ…2bVG  638,160.364952 XBT ← WBTC 0.016567 ≈ $1,287.35 @0.000000026/tk (gross) step 2/4  BLLieANe…  https://solscan.io/tx/33hqSn4QyCKbA8ynY2JrZhbSG357G38Ync9aHPW6BC5V4rzH6PZ2B2yvNjuT6FJssgDNGcZ7okpyp7a6bLUcHBnV
09-15 09:42:34 [32mBUY         [0m FhsbQ…2bVG  0.016571 cbBTC ← WBTC 0.016567 ≈ $1,287.35 @0.9997417182/tk (gross) step 3/4  cbbtcf3a…  https://solscan.io/tx/33hqSn4QyCKbA8ynY2JrZhbSG357G38Ync9aHPW6BC5V4rzH6PZ2B2yvNjuT6FJssgDNGcZ7okpyp7a6bLUcHBnV
09-15 09:42:34 [31mSELL        [0m FhsbQ…2bVG  0.016571 cbBTC ← USDC 1,286.802742 ≈ $1,286.80 @77653.6635880044/tk (gross) step 4/4  cbbtcf3a…  https://solscan.io/tx/33hqSn4QyCKbA8ynY2JrZhbSG357G38Ync9aHPW6BC5V4rzH6PZ2B2yvNjuT6FJssgDNGcZ7okpyp7a6bLUcHBnV
09-15 09:42:34 [32mBUY         [0m FhsbQ…2bVG  1,184.394609 CARDS ← USDC 151.328066 ≈ $151.33 @0.1277682833/tk (gross) step 1/4  CARDSccU…  https://solscan.io/tx/3BbWVS3K7pLEXcNCj8vxCH7q51Cy3D1ZTXgm2FcaV3VfKnXPxujzVmWf29R9RX7k2XQMWCSfdTFfJQqodY8vYE57
09-15 09:42:34 [32mBUY         [0m FhsbQ…2bVG  36,772.236971 CARDS ← USDC 4,703.117027 ≈ $4,703.12 @0.1278985837/tk (gross) step 2/4  CARDSccU…  https://solscan.io/tx/3BbWVS3K7pLEXcNCj8vxCH7q51Cy3D1ZTXgm2FcaV3VfKnXPxujzVmWf29R9RX7k2XQMWCSfdTFfJQqodY8vYE57
09-15 09:42:34 [32mBUY         [0m FhsbQ…2bVG  964.657141 CARDS ← USDC 123.451845 ≈ $123.45 @0.1279748418/tk (gross) step 3/4  CARDSccU…  https://solscan.io/tx/3BbWVS3K7pLEXcNCj8vxCH7q51Cy3D1ZTXgm2FcaV3VfKnXPxujzVmWf29R9RX7k2XQMWCSfdTFfJQqodY8vYE57
09-15 09:42:34 [32mBUY         [0m FhsbQ…2bVG  10,588,363.790051 OS ← CARDS 38,921.288721 ≈ $4,960.97 @0.0036758549/tk (gross) step 4/4  8LstZpZu…  https://solscan.io/tx/3BbWVS3K7pLEXcNCj8vxCH7q51Cy3D1ZTXgm2FcaV3VfKnXPxujzVmWf29R9RX7k2XQMWCSfdTFfJQqodY8vYE57
09-15 09:42:34 [32mBUY         [0m FhsbQ…2bVG  16.7186 SPCX ← USDC 2,488.948469 ≈ $2,488.95 @148.8730198103/tk (gross) step 1/2  SPCXxcqX…  https://solscan.io/tx/3fec2kXPqQmkMVVzeUqvw1R3SfSaBgiuA2wL9tDuDAVauzCAXu84EYyEX9vDCQ9Y5iaEtQ2XAr8NDeXGus9QdzBj
09-15 09:42:34 [32mBUY         [0m FhsbQ…2bVG  9,678,051.403663 JUDE ← SPCX 16.224732 ≈ $2,415.42 @0.0000016764/tk (gross) step 2/2  7aTdJBD8…  https://solscan.io/tx/3fec2kXPqQmkMVVzeUqvw1R3SfSaBgiuA2wL9tDuDAVauzCAXu84EYyEX9vDCQ9Y5iaEtQ2XAr8NDeXGus9QdzBj
09-15 09:42:34 [32mBUY         [0m FhsbQ…2bVG  3,476.641901 CARDS ← USDC 450.798346 ≈ $450.80 @0.1296648774/tk (gross) step 1/4  CARDSccU…  https://solscan.io/tx/3nzGD2WVG7XJwSnfhzRqTs41VrxykLyqMyM6KoWgfVdnKkhuTnuB7nuQsoKzUjP1oiNePhYUts9ir82g88RRgpaP
09-15 09:42:34 [32mBUY         [0m FhsbQ…2bVG  1,162.468777 CARDS ← USDC 150.332487 ≈ $150.33 @0.1293217418/tk (gross) step 2/4  CARDSccU…  https://solscan.io/tx/3nzGD2WVG7XJwSnfhzRqTs41VrxykLyqMyM6KoWgfVdnKkhuTnuB7nuQsoKzUjP1oiNePhYUts9ir82g88RRgpaP
09-15 09:42:34 [32mBUY         [0m FhsbQ…2bVG  3,033.796563 CARDS ← USDC 394.448555 ≈ $394.45 @0.1300181297/tk (gross) step 3/4  CARDSccU…  https://solscan.io/tx/3nzGD2WVG7XJwSnfhzRqTs41VrxykLyqMyM6KoWgfVdnKkhuTnuB7nuQsoKzUjP1oiNePhYUts9ir82g88RRgpaP
09-15 09:42:34 [32mBUY         [0m FhsbQ…2bVG  2,392,197.678713 OS ← CARDS 7,672.907241 ≈ $978.00 @0.0032074721/tk (gross) step 4/4  8LstZpZu…  https://solscan.io/tx/3nzGD2WVG7XJwSnfhzRqTs41VrxykLyqMyM6KoWgfVdnKkhuTnuB7nuQsoKzUjP1oiNePhYUts9ir82g88RRgpaP
09-15 09:42:34 [31mSELL        [0m FhsbQ…2bVG  740,926.930166 XBT ← WBTC 0.020065 ≈ $1,559.19 @0.0000000271/tk (gross) step 1/4  BLLieANe…  https://solscan.io/tx/3pkGZDK1VAxWJyXhN5Wodn4KJXuUNBduiznDevdT9ybSDM2cD77Uxku9DpBsD63zqpsXuSrnD5cr6LVDgQjvwZnH
09-15 09:42:34 [32mBUY         [0m FhsbQ…2bVG  0.017212 cbBTC ← WBTC 0.017208 ≈ $1,337.14 @0.9997327461/tk (gross) step 2/4  cbbtcf3a…  https://solscan.io/tx/3pkGZDK1VAxWJyXhN5Wodn4KJXuUNBduiznDevdT9ybSDM2cD77Uxku9DpBsD63zqpsXuSrnD5cr6LVDgQjvwZnH
09-15 09:42:34 [32mBUY         [0m FhsbQ…2bVG  0.002858 cbBTC ← WBTC 0.002858 ≈ $222.05 @0.9997201231/tk (gross) step 3/4  cbbtcf3a…  https://solscan.io/tx/3pkGZDK1VAxWJyXhN5Wodn4KJXuUNBduiznDevdT9ybSDM2cD77Uxku9DpBsD63zqpsXuSrnD5cr6LVDgQjvwZnH
09-15 09:42:34 [31mSELL        [0m FhsbQ…2bVG  0.020071 cbBTC ← USDC 1,559.565691 ≈ $1,559.57 @77704.376622406/tk (gross) step 4/4  cbbtcf3a…  https://solscan.io/tx/3pkGZDK1VAxWJyXhN5Wodn4KJXuUNBduiznDevdT9ybSDM2cD77Uxku9DpBsD63zqpsXuSrnD5cr6LVDgQjvwZnH
09-15 09:42:34 [32mBUY         [0m FhsbQ…2bVG  3,111.704057 DOGE ← USDC 262.833109 ≈ $262.83 @0.0844659724/tk (gross) step 1/3  DoGEV7LA…  https://solscan.io/tx/4zmaV87BnoMSKjn4PrMSLZQvhYWRZ5zez4KLHZM1x23LbkbDUiDgfN1FVYuSTXoW4KGeaKQFr63MhPXzaLACdvBX
09-15 09:42:34 [32mBUY         [0m FhsbQ…2bVG  8,673.390855 DOGE ← USDC 732.746279 ≈ $732.75 @0.0844821006/tk (gross) step 2/3  DoGEV7LA…  https://solscan.io/tx/4zmaV87BnoMSKjn4PrMSLZQvhYWRZ5zez4KLHZM1x23LbkbDUiDgfN1FVYuSTXoW4KGeaKQFr63MhPXzaLACdvBX
09-15 09:42:34 [32mBUY         [0m FhsbQ…2bVG  10,363,786.042923 SNOOPDOGE ← DOGE 11,436.96378 ≈ $966.03 @0.0011035507/tk (gross) step 3/3  AjBGWjvz…  https://solscan.io/tx/4zmaV87BnoMSKjn4PrMSLZQvhYWRZ5zez4KLHZM1x23LbkbDUiDgfN1FVYuSTXoW4KGeaKQFr63MhPXzaLACdvBX
09-15 09:42:34 [31mSELL        [0m FhsbQ…2bVG  11,033,477.24845 OS ← CARDS 26,699.547315 ≈ $3,403.16 @0.002419867/tk (gross) step 1/4  8LstZpZu…  https://solscan.io/tx/58pWphuGoowgZwWhjCTQwgZcYMrWQyf9nqWU9YuqRgLbL8Q9tcqWfeJ1EA4UEYpDWc2ijegkuVv9xNPvV5yc46Rx
09-15 09:42:34 [31mSELL        [0m FhsbQ…2bVG  1,947,084.220315 OS ← WSOL 5.848985 ≈ $595.66 @0.000003004/tk (gross) step 2/4  8LstZpZu…  https://solscan.io/tx/58pWphuGoowgZwWhjCTQwgZcYMrWQyf9nqWU9YuqRgLbL8Q9tcqWfeJ1EA4UEYpDWc2ijegkuVv9xNPvV5yc46Rx
09-15 09:42:34 [31mSELL        [0m FhsbQ…2bVG  20,291.655959 CARDS ← USDC 2,609.254878 ≈ $2,609.25 @0.1285875772/tk (gross) step 3/4  CARDSccU…  https://solscan.io/tx/58pWphuGoowgZwWhjCTQwgZcYMrWQyf9nqWU9YuqRgLbL8Q9tcqWfeJ1EA4UEYpDWc2ijegkuVv9xNPvV5yc46Rx
09-15 09:42:34 [31mSELL        [0m FhsbQ…2bVG  6,407.891356 CARDS ← USDC 824.225653 ≈ $824.23 @0.1286266585/tk (gross) step 4/4  CARDSccU…  https://solscan.io/tx/58pWphuGoowgZwWhjCTQwgZcYMrWQyf9nqWU9YuqRgLbL8Q9tcqWfeJ1EA4UEYpDWc2ijegkuVv9xNPvV5yc46Rx
09-15 09:42:34 [31mSELL        [0m FhsbQ…2bVG  20,395,086.158547 STEVE ← ORE 9.546069 ≈ $733.02 @0.0000004681/tk (gross) step 1/2  F8eyg3TJ…  https://solscan.io/tx/5XLTG1WXJquDoHp8sd48zt3E7PWydkT57JKZMLbHUpcHfeDjegevxaTgRSCNabMbK9gSq6b2sDEtgYjq2Zgi5rh2
09-15 09:42:34 [31mSELL        [0m FhsbQ…2bVG  9.546069 ORE ← USDC 726.96198 ≈ $726.96 @76.1530178902/tk (gross) step 2/2  oreoU2P8…  https://solscan.io/tx/5XLTG1WXJquDoHp8sd48zt3E7PWydkT57JKZMLbHUpcHfeDjegevxaTgRSCNabMbK9gSq6b2sDEtgYjq2Zgi5rh2
RUN 1 SHA256(sorted event tuples) = ec223cc06cf8575796c6844e5fb90e8d3ad3fddaf2b61a8efc61544e1b698464
== RUN 2 ==
09-15 09:42:34 [31mSELL        [0m FhsbQ…2bVG  9,678,051.403663 JUDE ← SPCX 9.524479 ≈ $1,417.94 @0.0000009841/tk (gross) step 1/2  7aTdJBD8…  https://solscan.io/tx/2k3KYp183hqPsyroYZpfwpLzt1cLcUcipnTd7viCDg8XgxqyS9HMqwMNLUmcVjDDv3NYEMwiR5zVroweZxAvwVzE
09-15 09:42:34 [31mSELL        [0m FhsbQ…2bVG  9.524479 SPCX ← USDC 1,415.838994 ≈ $1,415.84 @148.6526448323/tk (gross) step 2/2  SPCXxcqX…  https://solscan.io/tx/2k3KYp183hqPsyroYZpfwpLzt1cLcUcipnTd7viCDg8XgxqyS9HMqwMNLUmcVjDDv3NYEMwiR5zVroweZxAvwVzE
09-15 09:42:34 [31mSELL        [0m FhsbQ…2bVG  102,766.565214 XBT ← WSOL 2.006944 ≈ $204.39 @0.0000195292/tk (gross) step 1/4  BLLieANe…  https://solscan.io/tx/33hqSn4QyCKbA8ynY2JrZhbSG357G38Ync9aHPW6BC5V4rzH6PZ2B2yvNjuT6FJssgDNGcZ7okpyp7a6bLUcHBnV
09-15 09:42:34 [31mSELL        [0m FhsbQ…2bVG  638,160.364952 XBT ← WBTC 0.016567 ≈ $1,287.35 @0.000000026/tk (gross) step 2/4  BLLieANe…  https://solscan.io/tx/33hqSn4QyCKbA8ynY2JrZhbSG357G38Ync9aHPW6BC5V4rzH6PZ2B2yvNjuT6FJssgDNGcZ7okpyp7a6bLUcHBnV
09-15 09:42:34 [32mBUY         [0m FhsbQ…2bVG  0.016571 cbBTC ← WBTC 0.016567 ≈ $1,287.35 @0.9997417182/tk (gross) step 3/4  cbbtcf3a…  https://solscan.io/tx/33hqSn4QyCKbA8ynY2JrZhbSG357G38Ync9aHPW6BC5V4rzH6PZ2B2yvNjuT6FJssgDNGcZ7okpyp7a6bLUcHBnV
09-15 09:42:34 [31mSELL        [0m FhsbQ…2bVG  0.016571 cbBTC ← USDC 1,286.802742 ≈ $1,286.80 @77653.6635880044/tk (gross) step 4/4  cbbtcf3a…  https://solscan.io/tx/33hqSn4QyCKbA8ynY2JrZhbSG357G38Ync9aHPW6BC5V4rzH6PZ2B2yvNjuT6FJssgDNGcZ7okpyp7a6bLUcHBnV
09-15 09:42:34 [32mBUY         [0m FhsbQ…2bVG  1,184.394609 CARDS ← USDC 151.328066 ≈ $151.33 @0.1277682833/tk (gross) step 1/4  CARDSccU…  https://solscan.io/tx/3BbWVS3K7pLEXcNCj8vxCH7q51Cy3D1ZTXgm2FcaV3VfKnXPxujzVmWf29R9RX7k2XQMWCSfdTFfJQqodY8vYE57
09-15 09:42:34 [32mBUY         [0m FhsbQ…2bVG  36,772.236971 CARDS ← USDC 4,703.117027 ≈ $4,703.12 @0.1278985837/tk (gross) step 2/4  CARDSccU…  https://solscan.io/tx/3BbWVS3K7pLEXcNCj8vxCH7q51Cy3D1ZTXgm2FcaV3VfKnXPxujzVmWf29R9RX7k2XQMWCSfdTFfJQqodY8vYE57
09-15 09:42:34 [32mBUY         [0m FhsbQ…2bVG  964.657141 CARDS ← USDC 123.451845 ≈ $123.45 @0.1279748418/tk (gross) step 3/4  CARDSccU…  https://solscan.io/tx/3BbWVS3K7pLEXcNCj8vxCH7q51Cy3D1ZTXgm2FcaV3VfKnXPxujzVmWf29R9RX7k2XQMWCSfdTFfJQqodY8vYE57
09-15 09:42:34 [32mBUY         [0m FhsbQ…2bVG  10,588,363.790051 OS ← CARDS 38,921.288721 ≈ $4,960.97 @0.0036758549/tk (gross) step 4/4  8LstZpZu…  https://solscan.io/tx/3BbWVS3K7pLEXcNCj8vxCH7q51Cy3D1ZTXgm2FcaV3VfKnXPxujzVmWf29R9RX7k2XQMWCSfdTFfJQqodY8vYE57
09-15 09:42:34 [32mBUY         [0m FhsbQ…2bVG  16.7186 SPCX ← USDC 2,488.948469 ≈ $2,488.95 @148.8730198103/tk (gross) step 1/2  SPCXxcqX…  https://solscan.io/tx/3fec2kXPqQmkMVVzeUqvw1R3SfSaBgiuA2wL9tDuDAVauzCAXu84EYyEX9vDCQ9Y5iaEtQ2XAr8NDeXGus9QdzBj
09-15 09:42:34 [32mBUY         [0m FhsbQ…2bVG  9,678,051.403663 JUDE ← SPCX 16.224732 ≈ $2,415.42 @0.0000016764/tk (gross) step 2/2  7aTdJBD8…  https://solscan.io/tx/3fec2kXPqQmkMVVzeUqvw1R3SfSaBgiuA2wL9tDuDAVauzCAXu84EYyEX9vDCQ9Y5iaEtQ2XAr8NDeXGus9QdzBj
09-15 09:42:34 [32mBUY         [0m FhsbQ…2bVG  3,476.641901 CARDS ← USDC 450.798346 ≈ $450.80 @0.1296648774/tk (gross) step 1/4  CARDSccU…  https://solscan.io/tx/3nzGD2WVG7XJwSnfhzRqTs41VrxykLyqMyM6KoWgfVdnKkhuTnuB7nuQsoKzUjP1oiNePhYUts9ir82g88RRgpaP
09-15 09:42:34 [32mBUY         [0m FhsbQ…2bVG  1,162.468777 CARDS ← USDC 150.332487 ≈ $150.33 @0.1293217418/tk (gross) step 2/4  CARDSccU…  https://solscan.io/tx/3nzGD2WVG7XJwSnfhzRqTs41VrxykLyqMyM6KoWgfVdnKkhuTnuB7nuQsoKzUjP1oiNePhYUts9ir82g88RRgpaP
09-15 09:42:34 [32mBUY         [0m FhsbQ…2bVG  3,033.796563 CARDS ← USDC 394.448555 ≈ $394.45 @0.1300181297/tk (gross) step 3/4  CARDSccU…  https://solscan.io/tx/3nzGD2WVG7XJwSnfhzRqTs41VrxykLyqMyM6KoWgfVdnKkhuTnuB7nuQsoKzUjP1oiNePhYUts9ir82g88RRgpaP
09-15 09:42:34 [32mBUY         [0m FhsbQ…2bVG  2,392,197.678713 OS ← CARDS 7,672.907241 ≈ $978.00 @0.0032074721/tk (gross) step 4/4  8LstZpZu…  https://solscan.io/tx/3nzGD2WVG7XJwSnfhzRqTs41VrxykLyqMyM6KoWgfVdnKkhuTnuB7nuQsoKzUjP1oiNePhYUts9ir82g88RRgpaP
09-15 09:42:34 [31mSELL        [0m FhsbQ…2bVG  740,926.930166 XBT ← WBTC 0.020065 ≈ $1,559.19 @0.0000000271/tk (gross) step 1/4  BLLieANe…  https://solscan.io/tx/3pkGZDK1VAxWJyXhN5Wodn4KJXuUNBduiznDevdT9ybSDM2cD77Uxku9DpBsD63zqpsXuSrnD5cr6LVDgQjvwZnH
09-15 09:42:34 [32mBUY         [0m FhsbQ…2bVG  0.017212 cbBTC ← WBTC 0.017208 ≈ $1,337.14 @0.9997327461/tk (gross) step 2/4  cbbtcf3a…  https://solscan.io/tx/3pkGZDK1VAxWJyXhN5Wodn4KJXuUNBduiznDevdT9ybSDM2cD77Uxku9DpBsD63zqpsXuSrnD5cr6LVDgQjvwZnH
09-15 09:42:34 [32mBUY         [0m FhsbQ…2bVG  0.002858 cbBTC ← WBTC 0.002858 ≈ $222.05 @0.9997201231/tk (gross) step 3/4  cbbtcf3a…  https://solscan.io/tx/3pkGZDK1VAxWJyXhN5Wodn4KJXuUNBduiznDevdT9ybSDM2cD77Uxku9DpBsD63zqpsXuSrnD5cr6LVDgQjvwZnH
09-15 09:42:34 [31mSELL        [0m FhsbQ…2bVG  0.020071 cbBTC ← USDC 1,559.565691 ≈ $1,559.57 @77704.376622406/tk (gross) step 4/4  cbbtcf3a…  https://solscan.io/tx/3pkGZDK1VAxWJyXhN5Wodn4KJXuUNBduiznDevdT9ybSDM2cD77Uxku9DpBsD63zqpsXuSrnD5cr6LVDgQjvwZnH
09-15 09:42:34 [32mBUY         [0m FhsbQ…2bVG  3,111.704057 DOGE ← USDC 262.833109 ≈ $262.83 @0.0844659724/tk (gross) step 1/3  DoGEV7LA…  https://solscan.io/tx/4zmaV87BnoMSKjn4PrMSLZQvhYWRZ5zez4KLHZM1x23LbkbDUiDgfN1FVYuSTXoW4KGeaKQFr63MhPXzaLACdvBX
09-15 09:42:34 [32mBUY         [0m FhsbQ…2bVG  8,673.390855 DOGE ← USDC 732.746279 ≈ $732.75 @0.0844821006/tk (gross) step 2/3  DoGEV7LA…  https://solscan.io/tx/4zmaV87BnoMSKjn4PrMSLZQvhYWRZ5zez4KLHZM1x23LbkbDUiDgfN1FVYuSTXoW4KGeaKQFr63MhPXzaLACdvBX
09-15 09:42:34 [32mBUY         [0m FhsbQ…2bVG  10,363,786.042923 SNOOPDOGE ← DOGE 11,436.96378 ≈ $966.03 @0.0011035507/tk (gross) step 3/3  AjBGWjvz…  https://solscan.io/tx/4zmaV87BnoMSKjn4PrMSLZQvhYWRZ5zez4KLHZM1x23LbkbDUiDgfN1FVYuSTXoW4KGeaKQFr63MhPXzaLACdvBX
09-15 09:42:34 [31mSELL        [0m FhsbQ…2bVG  11,033,477.24845 OS ← CARDS 26,699.547315 ≈ $3,403.16 @0.002419867/tk (gross) step 1/4  8LstZpZu…  https://solscan.io/tx/58pWphuGoowgZwWhjCTQwgZcYMrWQyf9nqWU9YuqRgLbL8Q9tcqWfeJ1EA4UEYpDWc2ijegkuVv9xNPvV5yc46Rx
09-15 09:42:34 [31mSELL        [0m FhsbQ…2bVG  1,947,084.220315 OS ← WSOL 5.848985 ≈ $595.66 @0.000003004/tk (gross) step 2/4  8LstZpZu…  https://solscan.io/tx/58pWphuGoowgZwWhjCTQwgZcYMrWQyf9nqWU9YuqRgLbL8Q9tcqWfeJ1EA4UEYpDWc2ijegkuVv9xNPvV5yc46Rx
09-15 09:42:34 [31mSELL        [0m FhsbQ…2bVG  20,291.655959 CARDS ← USDC 2,609.254878 ≈ $2,609.25 @0.1285875772/tk (gross) step 3/4  CARDSccU…  https://solscan.io/tx/58pWphuGoowgZwWhjCTQwgZcYMrWQyf9nqWU9YuqRgLbL8Q9tcqWfeJ1EA4UEYpDWc2ijegkuVv9xNPvV5yc46Rx
09-15 09:42:34 [31mSELL        [0m FhsbQ…2bVG  6,407.891356 CARDS ← USDC 824.225653 ≈ $824.23 @0.1286266585/tk (gross) step 4/4  CARDSccU…  https://solscan.io/tx/58pWphuGoowgZwWhjCTQwgZcYMrWQyf9nqWU9YuqRgLbL8Q9tcqWfeJ1EA4UEYpDWc2ijegkuVv9xNPvV5yc46Rx
09-15 09:42:34 [31mSELL        [0m FhsbQ…2bVG  20,395,086.158547 STEVE ← ORE 9.546069 ≈ $733.02 @0.0000004681/tk (gross) step 1/2  F8eyg3TJ…  https://solscan.io/tx/5XLTG1WXJquDoHp8sd48zt3E7PWydkT57JKZMLbHUpcHfeDjegevxaTgRSCNabMbK9gSq6b2sDEtgYjq2Zgi5rh2
09-15 09:42:34 [31mSELL        [0m FhsbQ…2bVG  9.546069 ORE ← USDC 726.96198 ≈ $726.96 @76.1530178902/tk (gross) step 2/2  oreoU2P8…  https://solscan.io/tx/5XLTG1WXJquDoHp8sd48zt3E7PWydkT57JKZMLbHUpcHfeDjegevxaTgRSCNabMbK9gSq6b2sDEtgYjq2Zgi5rh2
PASS per-sig 2k3KYp18 emitted=2 fixture_rows=2
PASS per-sig 33hqSn4Q emitted=4 fixture_rows=4
PASS per-sig 3BbWVS3K emitted=4 fixture_rows=4
PASS per-sig 3fec2kXP emitted=2 fixture_rows=2
PASS per-sig 3nzGD2WV emitted=4 fixture_rows=4
PASS per-sig 3pkGZDK1 emitted=4 fixture_rows=4
PASS per-sig 4zmaV87B emitted=3 fixture_rows=3
PASS per-sig 58pWphuG emitted=4 fixture_rows=4
PASS per-sig 5XLTG1WX emitted=2 fixture_rows=2
PER-SIG SEQUENCE emitted : 2,4,4,2,4,4,3,4,2
PER-SIG SEQUENCE fixture : 2,4,4,2,4,4,3,4,2
PASS per-sig sequence 2,4,4,2,4,4,3,4,2 == fixture 2,4,4,2,4,4,3,4,2
PASS total events 29 == fixture rows 29
PASS amount_basis=='gross_leg' on all events (bad: [])
PASS type=='SWAP' on all events (bad: [])
amount_basis tally: {'gross_leg': 29}
type tally: {'SWAP': 29}
PASS jl_write=29 track_event=29 == rows 29
PASS st head updated to last sig 5XLTG1WX
PASS fmt rendered 29 lines == 29
RUN 2 SHA256(sorted event tuples) = ec223cc06cf8575796c6844e5fb90e8d3ad3fddaf2b61a8efc61544e1b698464
PASS sha256 run1 == run2 (ec223cc06cf85757…)
PASS malformed meta=None: no crash, events=0, head=2k3KYp18
PASS malformed meta={}: no crash, events=0, head=2k3KYp18
TOTAL EVENTS (run2): 29
T4-DRIVER: PASS
exit=0

===== DRIVER RUN B (fresh process — stale_state cross-process): python3 /tmp/t4_drive.py =====
== RUN 1 ==
09-15 09:42:34 [31mSELL        [0m FhsbQ…2bVG  9,678,051.403663 JUDE ← SPCX 9.524479 ≈ $1,417.94 @0.0000009841/tk (gross) step 1/2  7aTdJBD8…  https://solscan.io/tx/2k3KYp183hqPsyroYZpfwpLzt1cLcUcipnTd7viCDg8XgxqyS9HMqwMNLUmcVjDDv3NYEMwiR5zVroweZxAvwVzE
09-15 09:42:34 [31mSELL        [0m FhsbQ…2bVG  9.524479 SPCX ← USDC 1,415.838994 ≈ $1,415.84 @148.6526448323/tk (gross) step 2/2  SPCXxcqX…  https://solscan.io/tx/2k3KYp183hqPsyroYZpfwpLzt1cLcUcipnTd7viCDg8XgxqyS9HMqwMNLUmcVjDDv3NYEMwiR5zVroweZxAvwVzE
09-15 09:42:34 [31mSELL        [0m FhsbQ…2bVG  102,766.565214 XBT ← WSOL 2.006944 ≈ $204.39 @0.0000195292/tk (gross) step 1/4  BLLieANe…  https://solscan.io/tx/33hqSn4QyCKbA8ynY2JrZhbSG357G38Ync9aHPW6BC5V4rzH6PZ2B2yvNjuT6FJssgDNGcZ7okpyp7a6bLUcHBnV
09-15 09:42:34 [31mSELL        [0m FhsbQ…2bVG  638,160.364952 XBT ← WBTC 0.016567 ≈ $1,287.35 @0.000000026/tk (gross) step 2/4  BLLieANe…  https://solscan.io/tx/33hqSn4QyCKbA8ynY2JrZhbSG357G38Ync9aHPW6BC5V4rzH6PZ2B2yvNjuT6FJssgDNGcZ7okpyp7a6bLUcHBnV
09-15 09:42:34 [32mBUY         [0m FhsbQ…2bVG  0.016571 cbBTC ← WBTC 0.016567 ≈ $1,287.35 @0.9997417182/tk (gross) step 3/4  cbbtcf3a…  https://solscan.io/tx/33hqSn4QyCKbA8ynY2JrZhbSG357G38Ync9aHPW6BC5V4rzH6PZ2B2yvNjuT6FJssgDNGcZ7okpyp7a6bLUcHBnV
09-15 09:42:34 [31mSELL        [0m FhsbQ…2bVG  0.016571 cbBTC ← USDC 1,286.802742 ≈ $1,286.80 @77653.6635880044/tk (gross) step 4/4  cbbtcf3a…  https://solscan.io/tx/33hqSn4QyCKbA8ynY2JrZhbSG357G38Ync9aHPW6BC5V4rzH6PZ2B2yvNjuT6FJssgDNGcZ7okpyp7a6bLUcHBnV
09-15 09:42:34 [32mBUY         [0m FhsbQ…2bVG  1,184.394609 CARDS ← USDC 151.328066 ≈ $151.33 @0.1277682833/tk (gross) step 1/4  CARDSccU…  https://solscan.io/tx/3BbWVS3K7pLEXcNCj8vxCH7q51Cy3D1ZTXgm2FcaV3VfKnXPxujzVmWf29R9RX7k2XQMWCSfdTFfJQqodY8vYE57
09-15 09:42:34 [32mBUY         [0m FhsbQ…2bVG  36,772.236971 CARDS ← USDC 4,703.117027 ≈ $4,703.12 @0.1278985837/tk (gross) step 2/4  CARDSccU…  https://solscan.io/tx/3BbWVS3K7pLEXcNCj8vxCH7q51Cy3D1ZTXgm2FcaV3VfKnXPxujzVmWf29R9RX7k2XQMWCSfdTFfJQqodY8vYE57
09-15 09:42:34 [32mBUY         [0m FhsbQ…2bVG  964.657141 CARDS ← USDC 123.451845 ≈ $123.45 @0.1279748418/tk (gross) step 3/4  CARDSccU…  https://solscan.io/tx/3BbWVS3K7pLEXcNCj8vxCH7q51Cy3D1ZTXgm2FcaV3VfKnXPxujzVmWf29R9RX7k2XQMWCSfdTFfJQqodY8vYE57
09-15 09:42:34 [32mBUY         [0m FhsbQ…2bVG  10,588,363.790051 OS ← CARDS 38,921.288721 ≈ $4,960.97 @0.0036758549/tk (gross) step 4/4  8LstZpZu…  https://solscan.io/tx/3BbWVS3K7pLEXcNCj8vxCH7q51Cy3D1ZTXgm2FcaV3VfKnXPxujzVmWf29R9RX7k2XQMWCSfdTFfJQqodY8vYE57
09-15 09:42:34 [32mBUY         [0m FhsbQ…2bVG  16.7186 SPCX ← USDC 2,488.948469 ≈ $2,488.95 @148.8730198103/tk (gross) step 1/2  SPCXxcqX…  https://solscan.io/tx/3fec2kXPqQmkMVVzeUqvw1R3SfSaBgiuA2wL9tDuDAVauzCAXu84EYyEX9vDCQ9Y5iaEtQ2XAr8NDeXGus9QdzBj
09-15 09:42:34 [32mBUY         [0m FhsbQ…2bVG  9,678,051.403663 JUDE ← SPCX 16.224732 ≈ $2,415.42 @0.0000016764/tk (gross) step 2/2  7aTdJBD8…  https://solscan.io/tx/3fec2kXPqQmkMVVzeUqvw1R3SfSaBgiuA2wL9tDuDAVauzCAXu84EYyEX9vDCQ9Y5iaEtQ2XAr8NDeXGus9QdzBj
09-15 09:42:34 [32mBUY         [0m FhsbQ…2bVG  3,476.641901 CARDS ← USDC 450.798346 ≈ $450.80 @0.1296648774/tk (gross) step 1/4  CARDSccU…  https://solscan.io/tx/3nzGD2WVG7XJwSnfhzRqTs41VrxykLyqMyM6KoWgfVdnKkhuTnuB7nuQsoKzUjP1oiNePhYUts9ir82g88RRgpaP
09-15 09:42:34 [32mBUY         [0m FhsbQ…2bVG  1,162.468777 CARDS ← USDC 150.332487 ≈ $150.33 @0.1293217418/tk (gross) step 2/4  CARDSccU…  https://solscan.io/tx/3nzGD2WVG7XJwSnfhzRqTs41VrxykLyqMyM6KoWgfVdnKkhuTnuB7nuQsoKzUjP1oiNePhYUts9ir82g88RRgpaP
09-15 09:42:34 [32mBUY         [0m FhsbQ…2bVG  3,033.796563 CARDS ← USDC 394.448555 ≈ $394.45 @0.1300181297/tk (gross) step 3/4  CARDSccU…  https://solscan.io/tx/3nzGD2WVG7XJwSnfhzRqTs41VrxykLyqMyM6KoWgfVdnKkhuTnuB7nuQsoKzUjP1oiNePhYUts9ir82g88RRgpaP
09-15 09:42:34 [32mBUY         [0m FhsbQ…2bVG  2,392,197.678713 OS ← CARDS 7,672.907241 ≈ $978.00 @0.0032074721/tk (gross) step 4/4  8LstZpZu…  https://solscan.io/tx/3nzGD2WVG7XJwSnfhzRqTs41VrxykLyqMyM6KoWgfVdnKkhuTnuB7nuQsoKzUjP1oiNePhYUts9ir82g88RRgpaP
09-15 09:42:34 [31mSELL        [0m FhsbQ…2bVG  740,926.930166 XBT ← WBTC 0.020065 ≈ $1,559.19 @0.0000000271/tk (gross) step 1/4  BLLieANe…  https://solscan.io/tx/3pkGZDK1VAxWJyXhN5Wodn4KJXuUNBduiznDevdT9ybSDM2cD77Uxku9DpBsD63zqpsXuSrnD5cr6LVDgQjvwZnH
09-15 09:42:34 [32mBUY         [0m FhsbQ…2bVG  0.017212 cbBTC ← WBTC 0.017208 ≈ $1,337.14 @0.9997327461/tk (gross) step 2/4  cbbtcf3a…  https://solscan.io/tx/3pkGZDK1VAxWJyXhN5Wodn4KJXuUNBduiznDevdT9ybSDM2cD77Uxku9DpBsD63zqpsXuSrnD5cr6LVDgQjvwZnH
09-15 09:42:34 [32mBUY         [0m FhsbQ…2bVG  0.002858 cbBTC ← WBTC 0.002858 ≈ $222.05 @0.9997201231/tk (gross) step 3/4  cbbtcf3a…  https://solscan.io/tx/3pkGZDK1VAxWJyXhN5Wodn4KJXuUNBduiznDevdT9ybSDM2cD77Uxku9DpBsD63zqpsXuSrnD5cr6LVDgQjvwZnH
09-15 09:42:34 [31mSELL        [0m FhsbQ…2bVG  0.020071 cbBTC ← USDC 1,559.565691 ≈ $1,559.57 @77704.376622406/tk (gross) step 4/4  cbbtcf3a…  https://solscan.io/tx/3pkGZDK1VAxWJyXhN5Wodn4KJXuUNBduiznDevdT9ybSDM2cD77Uxku9DpBsD63zqpsXuSrnD5cr6LVDgQjvwZnH
09-15 09:42:34 [32mBUY         [0m FhsbQ…2bVG  3,111.704057 DOGE ← USDC 262.833109 ≈ $262.83 @0.0844659724/tk (gross) step 1/3  DoGEV7LA…  https://solscan.io/tx/4zmaV87BnoMSKjn4PrMSLZQvhYWRZ5zez4KLHZM1x23LbkbDUiDgfN1FVYuSTXoW4KGeaKQFr63MhPXzaLACdvBX
09-15 09:42:34 [32mBUY         [0m FhsbQ…2bVG  8,673.390855 DOGE ← USDC 732.746279 ≈ $732.75 @0.0844821006/tk (gross) step 2/3  DoGEV7LA…  https://solscan.io/tx/4zmaV87BnoMSKjn4PrMSLZQvhYWRZ5zez4KLHZM1x23LbkbDUiDgfN1FVYuSTXoW4KGeaKQFr63MhPXzaLACdvBX
09-15 09:42:34 [32mBUY         [0m FhsbQ…2bVG  10,363,786.042923 SNOOPDOGE ← DOGE 11,436.96378 ≈ $966.03 @0.0011035507/tk (gross) step 3/3  AjBGWjvz…  https://solscan.io/tx/4zmaV87BnoMSKjn4PrMSLZQvhYWRZ5zez4KLHZM1x23LbkbDUiDgfN1FVYuSTXoW4KGeaKQFr63MhPXzaLACdvBX
09-15 09:42:34 [31mSELL        [0m FhsbQ…2bVG  11,033,477.24845 OS ← CARDS 26,699.547315 ≈ $3,403.16 @0.002419867/tk (gross) step 1/4  8LstZpZu…  https://solscan.io/tx/58pWphuGoowgZwWhjCTQwgZcYMrWQyf9nqWU9YuqRgLbL8Q9tcqWfeJ1EA4UEYpDWc2ijegkuVv9xNPvV5yc46Rx
09-15 09:42:34 [31mSELL        [0m FhsbQ…2bVG  1,947,084.220315 OS ← WSOL 5.848985 ≈ $595.66 @0.000003004/tk (gross) step 2/4  8LstZpZu…  https://solscan.io/tx/58pWphuGoowgZwWhjCTQwgZcYMrWQyf9nqWU9YuqRgLbL8Q9tcqWfeJ1EA4UEYpDWc2ijegkuVv9xNPvV5yc46Rx
09-15 09:42:34 [31mSELL        [0m FhsbQ…2bVG  20,291.655959 CARDS ← USDC 2,609.254878 ≈ $2,609.25 @0.1285875772/tk (gross) step 3/4  CARDSccU…  https://solscan.io/tx/58pWphuGoowgZwWhjCTQwgZcYMrWQyf9nqWU9YuqRgLbL8Q9tcqWfeJ1EA4UEYpDWc2ijegkuVv9xNPvV5yc46Rx
09-15 09:42:34 [31mSELL        [0m FhsbQ…2bVG  6,407.891356 CARDS ← USDC 824.225653 ≈ $824.23 @0.1286266585/tk (gross) step 4/4  CARDSccU…  https://solscan.io/tx/58pWphuGoowgZwWhjCTQwgZcYMrWQyf9nqWU9YuqRgLbL8Q9tcqWfeJ1EA4UEYpDWc2ijegkuVv9xNPvV5yc46Rx
09-15 09:42:34 [31mSELL        [0m FhsbQ…2bVG  20,395,086.158547 STEVE ← ORE 9.546069 ≈ $733.02 @0.0000004681/tk (gross) step 1/2  F8eyg3TJ…  https://solscan.io/tx/5XLTG1WXJquDoHp8sd48zt3E7PWydkT57JKZMLbHUpcHfeDjegevxaTgRSCNabMbK9gSq6b2sDEtgYjq2Zgi5rh2
09-15 09:42:34 [31mSELL        [0m FhsbQ…2bVG  9.546069 ORE ← USDC 726.96198 ≈ $726.96 @76.1530178902/tk (gross) step 2/2  oreoU2P8…  https://solscan.io/tx/5XLTG1WXJquDoHp8sd48zt3E7PWydkT57JKZMLbHUpcHfeDjegevxaTgRSCNabMbK9gSq6b2sDEtgYjq2Zgi5rh2
PASS per-sig 2k3KYp18 emitted=2 fixture_rows=2
PASS per-sig 33hqSn4Q emitted=4 fixture_rows=4
PASS per-sig 3BbWVS3K emitted=4 fixture_rows=4
PASS per-sig 3fec2kXP emitted=2 fixture_rows=2
PASS per-sig 3nzGD2WV emitted=4 fixture_rows=4
PASS per-sig 3pkGZDK1 emitted=4 fixture_rows=4
PASS per-sig 4zmaV87B emitted=3 fixture_rows=3
PASS per-sig 58pWphuG emitted=4 fixture_rows=4
PASS per-sig 5XLTG1WX emitted=2 fixture_rows=2
PER-SIG SEQUENCE emitted : 2,4,4,2,4,4,3,4,2
PER-SIG SEQUENCE fixture : 2,4,4,2,4,4,3,4,2
PASS per-sig sequence 2,4,4,2,4,4,3,4,2 == fixture 2,4,4,2,4,4,3,4,2
PASS total events 29 == fixture rows 29
PASS amount_basis=='gross_leg' on all events (bad: [])
PASS type=='SWAP' on all events (bad: [])
amount_basis tally: {'gross_leg': 29}
type tally: {'SWAP': 29}
PASS jl_write=29 track_event=29 == rows 29
PASS st head updated to last sig 5XLTG1WX
PASS fmt rendered 29 lines == 29
-- fmt(ev) lines (fmt smoke test) --
09-15 09:42:34 [31mSELL        [0m FhsbQ…2bVG  9,678,051.403663 JUDE ← SPCX 9.524479 ≈ $1,417.94 @0.0000009841/tk (gross) step 1/2  7aTdJBD8…  https://solscan.io/tx/2k3KYp183hqPsyroYZpfwpLzt1cLcUcipnTd7viCDg8XgxqyS9HMqwMNLUmcVjDDv3NYEMwiR5zVroweZxAvwVzE
09-15 09:42:34 [31mSELL        [0m FhsbQ…2bVG  9.524479 SPCX ← USDC 1,415.838994 ≈ $1,415.84 @148.6526448323/tk (gross) step 2/2  SPCXxcqX…  https://solscan.io/tx/2k3KYp183hqPsyroYZpfwpLzt1cLcUcipnTd7viCDg8XgxqyS9HMqwMNLUmcVjDDv3NYEMwiR5zVroweZxAvwVzE
09-15 09:42:34 [31mSELL        [0m FhsbQ…2bVG  102,766.565214 XBT ← WSOL 2.006944 ≈ $204.39 @0.0000195292/tk (gross) step 1/4  BLLieANe…  https://solscan.io/tx/33hqSn4QyCKbA8ynY2JrZhbSG357G38Ync9aHPW6BC5V4rzH6PZ2B2yvNjuT6FJssgDNGcZ7okpyp7a6bLUcHBnV
09-15 09:42:34 [31mSELL        [0m FhsbQ…2bVG  638,160.364952 XBT ← WBTC 0.016567 ≈ $1,287.35 @0.000000026/tk (gross) step 2/4  BLLieANe…  https://solscan.io/tx/33hqSn4QyCKbA8ynY2JrZhbSG357G38Ync9aHPW6BC5V4rzH6PZ2B2yvNjuT6FJssgDNGcZ7okpyp7a6bLUcHBnV
09-15 09:42:34 [32mBUY         [0m FhsbQ…2bVG  0.016571 cbBTC ← WBTC 0.016567 ≈ $1,287.35 @0.9997417182/tk (gross) step 3/4  cbbtcf3a…  https://solscan.io/tx/33hqSn4QyCKbA8ynY2JrZhbSG357G38Ync9aHPW6BC5V4rzH6PZ2B2yvNjuT6FJssgDNGcZ7okpyp7a6bLUcHBnV
09-15 09:42:34 [31mSELL        [0m FhsbQ…2bVG  0.016571 cbBTC ← USDC 1,286.802742 ≈ $1,286.80 @77653.6635880044/tk (gross) step 4/4  cbbtcf3a…  https://solscan.io/tx/33hqSn4QyCKbA8ynY2JrZhbSG357G38Ync9aHPW6BC5V4rzH6PZ2B2yvNjuT6FJssgDNGcZ7okpyp7a6bLUcHBnV
09-15 09:42:34 [32mBUY         [0m FhsbQ…2bVG  1,184.394609 CARDS ← USDC 151.328066 ≈ $151.33 @0.1277682833/tk (gross) step 1/4  CARDSccU…  https://solscan.io/tx/3BbWVS3K7pLEXcNCj8vxCH7q51Cy3D1ZTXgm2FcaV3VfKnXPxujzVmWf29R9RX7k2XQMWCSfdTFfJQqodY8vYE57
09-15 09:42:34 [32mBUY         [0m FhsbQ…2bVG  36,772.236971 CARDS ← USDC 4,703.117027 ≈ $4,703.12 @0.1278985837/tk (gross) step 2/4  CARDSccU…  https://solscan.io/tx/3BbWVS3K7pLEXcNCj8vxCH7q51Cy3D1ZTXgm2FcaV3VfKnXPxujzVmWf29R9RX7k2XQMWCSfdTFfJQqodY8vYE57
09-15 09:42:34 [32mBUY         [0m FhsbQ…2bVG  964.657141 CARDS ← USDC 123.451845 ≈ $123.45 @0.1279748418/tk (gross) step 3/4  CARDSccU…  https://solscan.io/tx/3BbWVS3K7pLEXcNCj8vxCH7q51Cy3D1ZTXgm2FcaV3VfKnXPxujzVmWf29R9RX7k2XQMWCSfdTFfJQqodY8vYE57
09-15 09:42:34 [32mBUY         [0m FhsbQ…2bVG  10,588,363.790051 OS ← CARDS 38,921.288721 ≈ $4,960.97 @0.0036758549/tk (gross) step 4/4  8LstZpZu…  https://solscan.io/tx/3BbWVS3K7pLEXcNCj8vxCH7q51Cy3D1ZTXgm2FcaV3VfKnXPxujzVmWf29R9RX7k2XQMWCSfdTFfJQqodY8vYE57
09-15 09:42:34 [32mBUY         [0m FhsbQ…2bVG  16.7186 SPCX ← USDC 2,488.948469 ≈ $2,488.95 @148.8730198103/tk (gross) step 1/2  SPCXxcqX…  https://solscan.io/tx/3fec2kXPqQmkMVVzeUqvw1R3SfSaBgiuA2wL9tDuDAVauzCAXu84EYyEX9vDCQ9Y5iaEtQ2XAr8NDeXGus9QdzBj
09-15 09:42:34 [32mBUY         [0m FhsbQ…2bVG  9,678,051.403663 JUDE ← SPCX 16.224732 ≈ $2,415.42 @0.0000016764/tk (gross) step 2/2  7aTdJBD8…  https://solscan.io/tx/3fec2kXPqQmkMVVzeUqvw1R3SfSaBgiuA2wL9tDuDAVauzCAXu84EYyEX9vDCQ9Y5iaEtQ2XAr8NDeXGus9QdzBj
09-15 09:42:34 [32mBUY         [0m FhsbQ…2bVG  3,476.641901 CARDS ← USDC 450.798346 ≈ $450.80 @0.1296648774/tk (gross) step 1/4  CARDSccU…  https://solscan.io/tx/3nzGD2WVG7XJwSnfhzRqTs41VrxykLyqMyM6KoWgfVdnKkhuTnuB7nuQsoKzUjP1oiNePhYUts9ir82g88RRgpaP
09-15 09:42:34 [32mBUY         [0m FhsbQ…2bVG  1,162.468777 CARDS ← USDC 150.332487 ≈ $150.33 @0.1293217418/tk (gross) step 2/4  CARDSccU…  https://solscan.io/tx/3nzGD2WVG7XJwSnfhzRqTs41VrxykLyqMyM6KoWgfVdnKkhuTnuB7nuQsoKzUjP1oiNePhYUts9ir82g88RRgpaP
09-15 09:42:34 [32mBUY         [0m FhsbQ…2bVG  3,033.796563 CARDS ← USDC 394.448555 ≈ $394.45 @0.1300181297/tk (gross) step 3/4  CARDSccU…  https://solscan.io/tx/3nzGD2WVG7XJwSnfhzRqTs41VrxykLyqMyM6KoWgfVdnKkhuTnuB7nuQsoKzUjP1oiNePhYUts9ir82g88RRgpaP
09-15 09:42:34 [32mBUY         [0m FhsbQ…2bVG  2,392,197.678713 OS ← CARDS 7,672.907241 ≈ $978.00 @0.0032074721/tk (gross) step 4/4  8LstZpZu…  https://solscan.io/tx/3nzGD2WVG7XJwSnfhzRqTs41VrxykLyqMyM6KoWgfVdnKkhuTnuB7nuQsoKzUjP1oiNePhYUts9ir82g88RRgpaP
09-15 09:42:34 [31mSELL        [0m FhsbQ…2bVG  740,926.930166 XBT ← WBTC 0.020065 ≈ $1,559.19 @0.0000000271/tk (gross) step 1/4  BLLieANe…  https://solscan.io/tx/3pkGZDK1VAxWJyXhN5Wodn4KJXuUNBduiznDevdT9ybSDM2cD77Uxku9DpBsD63zqpsXuSrnD5cr6LVDgQjvwZnH
09-15 09:42:34 [32mBUY         [0m FhsbQ…2bVG  0.017212 cbBTC ← WBTC 0.017208 ≈ $1,337.14 @0.9997327461/tk (gross) step 2/4  cbbtcf3a…  https://solscan.io/tx/3pkGZDK1VAxWJyXhN5Wodn4KJXuUNBduiznDevdT9ybSDM2cD77Uxku9DpBsD63zqpsXuSrnD5cr6LVDgQjvwZnH
09-15 09:42:34 [32mBUY         [0m FhsbQ…2bVG  0.002858 cbBTC ← WBTC 0.002858 ≈ $222.05 @0.9997201231/tk (gross) step 3/4  cbbtcf3a…  https://solscan.io/tx/3pkGZDK1VAxWJyXhN5Wodn4KJXuUNBduiznDevdT9ybSDM2cD77Uxku9DpBsD63zqpsXuSrnD5cr6LVDgQjvwZnH
09-15 09:42:34 [31mSELL        [0m FhsbQ…2bVG  0.020071 cbBTC ← USDC 1,559.565691 ≈ $1,559.57 @77704.376622406/tk (gross) step 4/4  cbbtcf3a…  https://solscan.io/tx/3pkGZDK1VAxWJyXhN5Wodn4KJXuUNBduiznDevdT9ybSDM2cD77Uxku9DpBsD63zqpsXuSrnD5cr6LVDgQjvwZnH
09-15 09:42:34 [32mBUY         [0m FhsbQ…2bVG  3,111.704057 DOGE ← USDC 262.833109 ≈ $262.83 @0.0844659724/tk (gross) step 1/3  DoGEV7LA…  https://solscan.io/tx/4zmaV87BnoMSKjn4PrMSLZQvhYWRZ5zez4KLHZM1x23LbkbDUiDgfN1FVYuSTXoW4KGeaKQFr63MhPXzaLACdvBX
09-15 09:42:34 [32mBUY         [0m FhsbQ…2bVG  8,673.390855 DOGE ← USDC 732.746279 ≈ $732.75 @0.0844821006/tk (gross) step 2/3  DoGEV7LA…  https://solscan.io/tx/4zmaV87BnoMSKjn4PrMSLZQvhYWRZ5zez4KLHZM1x23LbkbDUiDgfN1FVYuSTXoW4KGeaKQFr63MhPXzaLACdvBX
09-15 09:42:34 [32mBUY         [0m FhsbQ…2bVG  10,363,786.042923 SNOOPDOGE ← DOGE 11,436.96378 ≈ $966.03 @0.0011035507/tk (gross) step 3/3  AjBGWjvz…  https://solscan.io/tx/4zmaV87BnoMSKjn4PrMSLZQvhYWRZ5zez4KLHZM1x23LbkbDUiDgfN1FVYuSTXoW4KGeaKQFr63MhPXzaLACdvBX
09-15 09:42:34 [31mSELL        [0m FhsbQ…2bVG  11,033,477.24845 OS ← CARDS 26,699.547315 ≈ $3,403.16 @0.002419867/tk (gross) step 1/4  8LstZpZu…  https://solscan.io/tx/58pWphuGoowgZwWhjCTQwgZcYMrWQyf9nqWU9YuqRgLbL8Q9tcqWfeJ1EA4UEYpDWc2ijegkuVv9xNPvV5yc46Rx
09-15 09:42:34 [31mSELL        [0m FhsbQ…2bVG  1,947,084.220315 OS ← WSOL 5.848985 ≈ $595.66 @0.000003004/tk (gross) step 2/4  8LstZpZu…  https://solscan.io/tx/58pWphuGoowgZwWhjCTQwgZcYMrWQyf9nqWU9YuqRgLbL8Q9tcqWfeJ1EA4UEYpDWc2ijegkuVv9xNPvV5yc46Rx
09-15 09:42:34 [31mSELL        [0m FhsbQ…2bVG  20,291.655959 CARDS ← USDC 2,609.254878 ≈ $2,609.25 @0.1285875772/tk (gross) step 3/4  CARDSccU…  https://solscan.io/tx/58pWphuGoowgZwWhjCTQwgZcYMrWQyf9nqWU9YuqRgLbL8Q9tcqWfeJ1EA4UEYpDWc2ijegkuVv9xNPvV5yc46Rx
09-15 09:42:34 [31mSELL        [0m FhsbQ…2bVG  6,407.891356 CARDS ← USDC 824.225653 ≈ $824.23 @0.1286266585/tk (gross) step 4/4  CARDSccU…  https://solscan.io/tx/58pWphuGoowgZwWhjCTQwgZcYMrWQyf9nqWU9YuqRgLbL8Q9tcqWfeJ1EA4UEYpDWc2ijegkuVv9xNPvV5yc46Rx
09-15 09:42:34 [31mSELL        [0m FhsbQ…2bVG  20,395,086.158547 STEVE ← ORE 9.546069 ≈ $733.02 @0.0000004681/tk (gross) step 1/2  F8eyg3TJ…  https://solscan.io/tx/5XLTG1WXJquDoHp8sd48zt3E7PWydkT57JKZMLbHUpcHfeDjegevxaTgRSCNabMbK9gSq6b2sDEtgYjq2Zgi5rh2
09-15 09:42:34 [31mSELL        [0m FhsbQ…2bVG  9.546069 ORE ← USDC 726.96198 ≈ $726.96 @76.1530178902/tk (gross) step 2/2  oreoU2P8…  https://solscan.io/tx/5XLTG1WXJquDoHp8sd48zt3E7PWydkT57JKZMLbHUpcHfeDjegevxaTgRSCNabMbK9gSq6b2sDEtgYjq2Zgi5rh2
RUN 1 SHA256(sorted event tuples) = ec223cc06cf8575796c6844e5fb90e8d3ad3fddaf2b61a8efc61544e1b698464
== RUN 2 ==
09-15 09:42:34 [31mSELL        [0m FhsbQ…2bVG  9,678,051.403663 JUDE ← SPCX 9.524479 ≈ $1,417.94 @0.0000009841/tk (gross) step 1/2  7aTdJBD8…  https://solscan.io/tx/2k3KYp183hqPsyroYZpfwpLzt1cLcUcipnTd7viCDg8XgxqyS9HMqwMNLUmcVjDDv3NYEMwiR5zVroweZxAvwVzE
09-15 09:42:34 [31mSELL        [0m FhsbQ…2bVG  9.524479 SPCX ← USDC 1,415.838994 ≈ $1,415.84 @148.6526448323/tk (gross) step 2/2  SPCXxcqX…  https://solscan.io/tx/2k3KYp183hqPsyroYZpfwpLzt1cLcUcipnTd7viCDg8XgxqyS9HMqwMNLUmcVjDDv3NYEMwiR5zVroweZxAvwVzE
09-15 09:42:34 [31mSELL        [0m FhsbQ…2bVG  102,766.565214 XBT ← WSOL 2.006944 ≈ $204.39 @0.0000195292/tk (gross) step 1/4  BLLieANe…  https://solscan.io/tx/33hqSn4QyCKbA8ynY2JrZhbSG357G38Ync9aHPW6BC5V4rzH6PZ2B2yvNjuT6FJssgDNGcZ7okpyp7a6bLUcHBnV
09-15 09:42:34 [31mSELL        [0m FhsbQ…2bVG  638,160.364952 XBT ← WBTC 0.016567 ≈ $1,287.35 @0.000000026/tk (gross) step 2/4  BLLieANe…  https://solscan.io/tx/33hqSn4QyCKbA8ynY2JrZhbSG357G38Ync9aHPW6BC5V4rzH6PZ2B2yvNjuT6FJssgDNGcZ7okpyp7a6bLUcHBnV
09-15 09:42:34 [32mBUY         [0m FhsbQ…2bVG  0.016571 cbBTC ← WBTC 0.016567 ≈ $1,287.35 @0.9997417182/tk (gross) step 3/4  cbbtcf3a…  https://solscan.io/tx/33hqSn4QyCKbA8ynY2JrZhbSG357G38Ync9aHPW6BC5V4rzH6PZ2B2yvNjuT6FJssgDNGcZ7okpyp7a6bLUcHBnV
09-15 09:42:34 [31mSELL        [0m FhsbQ…2bVG  0.016571 cbBTC ← USDC 1,286.802742 ≈ $1,286.80 @77653.6635880044/tk (gross) step 4/4  cbbtcf3a…  https://solscan.io/tx/33hqSn4QyCKbA8ynY2JrZhbSG357G38Ync9aHPW6BC5V4rzH6PZ2B2yvNjuT6FJssgDNGcZ7okpyp7a6bLUcHBnV
09-15 09:42:34 [32mBUY         [0m FhsbQ…2bVG  1,184.394609 CARDS ← USDC 151.328066 ≈ $151.33 @0.1277682833/tk (gross) step 1/4  CARDSccU…  https://solscan.io/tx/3BbWVS3K7pLEXcNCj8vxCH7q51Cy3D1ZTXgm2FcaV3VfKnXPxujzVmWf29R9RX7k2XQMWCSfdTFfJQqodY8vYE57
09-15 09:42:34 [32mBUY         [0m FhsbQ…2bVG  36,772.236971 CARDS ← USDC 4,703.117027 ≈ $4,703.12 @0.1278985837/tk (gross) step 2/4  CARDSccU…  https://solscan.io/tx/3BbWVS3K7pLEXcNCj8vxCH7q51Cy3D1ZTXgm2FcaV3VfKnXPxujzVmWf29R9RX7k2XQMWCSfdTFfJQqodY8vYE57
09-15 09:42:34 [32mBUY         [0m FhsbQ…2bVG  964.657141 CARDS ← USDC 123.451845 ≈ $123.45 @0.1279748418/tk (gross) step 3/4  CARDSccU…  https://solscan.io/tx/3BbWVS3K7pLEXcNCj8vxCH7q51Cy3D1ZTXgm2FcaV3VfKnXPxujzVmWf29R9RX7k2XQMWCSfdTFfJQqodY8vYE57
09-15 09:42:34 [32mBUY         [0m FhsbQ…2bVG  10,588,363.790051 OS ← CARDS 38,921.288721 ≈ $4,960.97 @0.0036758549/tk (gross) step 4/4  8LstZpZu…  https://solscan.io/tx/3BbWVS3K7pLEXcNCj8vxCH7q51Cy3D1ZTXgm2FcaV3VfKnXPxujzVmWf29R9RX7k2XQMWCSfdTFfJQqodY8vYE57
09-15 09:42:34 [32mBUY         [0m FhsbQ…2bVG  16.7186 SPCX ← USDC 2,488.948469 ≈ $2,488.95 @148.8730198103/tk (gross) step 1/2  SPCXxcqX…  https://solscan.io/tx/3fec2kXPqQmkMVVzeUqvw1R3SfSaBgiuA2wL9tDuDAVauzCAXu84EYyEX9vDCQ9Y5iaEtQ2XAr8NDeXGus9QdzBj
09-15 09:42:34 [32mBUY         [0m FhsbQ…2bVG  9,678,051.403663 JUDE ← SPCX 16.224732 ≈ $2,415.42 @0.0000016764/tk (gross) step 2/2  7aTdJBD8…  https://solscan.io/tx/3fec2kXPqQmkMVVzeUqvw1R3SfSaBgiuA2wL9tDuDAVauzCAXu84EYyEX9vDCQ9Y5iaEtQ2XAr8NDeXGus9QdzBj
09-15 09:42:34 [32mBUY         [0m FhsbQ…2bVG  3,476.641901 CARDS ← USDC 450.798346 ≈ $450.80 @0.1296648774/tk (gross) step 1/4  CARDSccU…  https://solscan.io/tx/3nzGD2WVG7XJwSnfhzRqTs41VrxykLyqMyM6KoWgfVdnKkhuTnuB7nuQsoKzUjP1oiNePhYUts9ir82g88RRgpaP
09-15 09:42:34 [32mBUY         [0m FhsbQ…2bVG  1,162.468777 CARDS ← USDC 150.332487 ≈ $150.33 @0.1293217418/tk (gross) step 2/4  CARDSccU…  https://solscan.io/tx/3nzGD2WVG7XJwSnfhzRqTs41VrxykLyqMyM6KoWgfVdnKkhuTnuB7nuQsoKzUjP1oiNePhYUts9ir82g88RRgpaP
09-15 09:42:34 [32mBUY         [0m FhsbQ…2bVG  3,033.796563 CARDS ← USDC 394.448555 ≈ $394.45 @0.1300181297/tk (gross) step 3/4  CARDSccU…  https://solscan.io/tx/3nzGD2WVG7XJwSnfhzRqTs41VrxykLyqMyM6KoWgfVdnKkhuTnuB7nuQsoKzUjP1oiNePhYUts9ir82g88RRgpaP
09-15 09:42:34 [32mBUY         [0m FhsbQ…2bVG  2,392,197.678713 OS ← CARDS 7,672.907241 ≈ $978.00 @0.0032074721/tk (gross) step 4/4  8LstZpZu…  https://solscan.io/tx/3nzGD2WVG7XJwSnfhzRqTs41VrxykLyqMyM6KoWgfVdnKkhuTnuB7nuQsoKzUjP1oiNePhYUts9ir82g88RRgpaP
09-15 09:42:34 [31mSELL        [0m FhsbQ…2bVG  740,926.930166 XBT ← WBTC 0.020065 ≈ $1,559.19 @0.0000000271/tk (gross) step 1/4  BLLieANe…  https://solscan.io/tx/3pkGZDK1VAxWJyXhN5Wodn4KJXuUNBduiznDevdT9ybSDM2cD77Uxku9DpBsD63zqpsXuSrnD5cr6LVDgQjvwZnH
09-15 09:42:34 [32mBUY         [0m FhsbQ…2bVG  0.017212 cbBTC ← WBTC 0.017208 ≈ $1,337.14 @0.9997327461/tk (gross) step 2/4  cbbtcf3a…  https://solscan.io/tx/3pkGZDK1VAxWJyXhN5Wodn4KJXuUNBduiznDevdT9ybSDM2cD77Uxku9DpBsD63zqpsXuSrnD5cr6LVDgQjvwZnH
09-15 09:42:34 [32mBUY         [0m FhsbQ…2bVG  0.002858 cbBTC ← WBTC 0.002858 ≈ $222.05 @0.9997201231/tk (gross) step 3/4  cbbtcf3a…  https://solscan.io/tx/3pkGZDK1VAxWJyXhN5Wodn4KJXuUNBduiznDevdT9ybSDM2cD77Uxku9DpBsD63zqpsXuSrnD5cr6LVDgQjvwZnH
09-15 09:42:34 [31mSELL        [0m FhsbQ…2bVG  0.020071 cbBTC ← USDC 1,559.565691 ≈ $1,559.57 @77704.376622406/tk (gross) step 4/4  cbbtcf3a…  https://solscan.io/tx/3pkGZDK1VAxWJyXhN5Wodn4KJXuUNBduiznDevdT9ybSDM2cD77Uxku9DpBsD63zqpsXuSrnD5cr6LVDgQjvwZnH
09-15 09:42:34 [32mBUY         [0m FhsbQ…2bVG  3,111.704057 DOGE ← USDC 262.833109 ≈ $262.83 @0.0844659724/tk (gross) step 1/3  DoGEV7LA…  https://solscan.io/tx/4zmaV87BnoMSKjn4PrMSLZQvhYWRZ5zez4KLHZM1x23LbkbDUiDgfN1FVYuSTXoW4KGeaKQFr63MhPXzaLACdvBX
09-15 09:42:34 [32mBUY         [0m FhsbQ…2bVG  8,673.390855 DOGE ← USDC 732.746279 ≈ $732.75 @0.0844821006/tk (gross) step 2/3  DoGEV7LA…  https://solscan.io/tx/4zmaV87BnoMSKjn4PrMSLZQvhYWRZ5zez4KLHZM1x23LbkbDUiDgfN1FVYuSTXoW4KGeaKQFr63MhPXzaLACdvBX
09-15 09:42:34 [32mBUY         [0m FhsbQ…2bVG  10,363,786.042923 SNOOPDOGE ← DOGE 11,436.96378 ≈ $966.03 @0.0011035507/tk (gross) step 3/3  AjBGWjvz…  https://solscan.io/tx/4zmaV87BnoMSKjn4PrMSLZQvhYWRZ5zez4KLHZM1x23LbkbDUiDgfN1FVYuSTXoW4KGeaKQFr63MhPXzaLACdvBX
09-15 09:42:34 [31mSELL        [0m FhsbQ…2bVG  11,033,477.24845 OS ← CARDS 26,699.547315 ≈ $3,403.16 @0.002419867/tk (gross) step 1/4  8LstZpZu…  https://solscan.io/tx/58pWphuGoowgZwWhjCTQwgZcYMrWQyf9nqWU9YuqRgLbL8Q9tcqWfeJ1EA4UEYpDWc2ijegkuVv9xNPvV5yc46Rx
09-15 09:42:34 [31mSELL        [0m FhsbQ…2bVG  1,947,084.220315 OS ← WSOL 5.848985 ≈ $595.66 @0.000003004/tk (gross) step 2/4  8LstZpZu…  https://solscan.io/tx/58pWphuGoowgZwWhjCTQwgZcYMrWQyf9nqWU9YuqRgLbL8Q9tcqWfeJ1EA4UEYpDWc2ijegkuVv9xNPvV5yc46Rx
09-15 09:42:34 [31mSELL        [0m FhsbQ…2bVG  20,291.655959 CARDS ← USDC 2,609.254878 ≈ $2,609.25 @0.1285875772/tk (gross) step 3/4  CARDSccU…  https://solscan.io/tx/58pWphuGoowgZwWhjCTQwgZcYMrWQyf9nqWU9YuqRgLbL8Q9tcqWfeJ1EA4UEYpDWc2ijegkuVv9xNPvV5yc46Rx
09-15 09:42:34 [31mSELL        [0m FhsbQ…2bVG  6,407.891356 CARDS ← USDC 824.225653 ≈ $824.23 @0.1286266585/tk (gross) step 4/4  CARDSccU…  https://solscan.io/tx/58pWphuGoowgZwWhjCTQwgZcYMrWQyf9nqWU9YuqRgLbL8Q9tcqWfeJ1EA4UEYpDWc2ijegkuVv9xNPvV5yc46Rx
09-15 09:42:34 [31mSELL        [0m FhsbQ…2bVG  20,395,086.158547 STEVE ← ORE 9.546069 ≈ $733.02 @0.0000004681/tk (gross) step 1/2  F8eyg3TJ…  https://solscan.io/tx/5XLTG1WXJquDoHp8sd48zt3E7PWydkT57JKZMLbHUpcHfeDjegevxaTgRSCNabMbK9gSq6b2sDEtgYjq2Zgi5rh2
09-15 09:42:34 [31mSELL        [0m FhsbQ…2bVG  9.546069 ORE ← USDC 726.96198 ≈ $726.96 @76.1530178902/tk (gross) step 2/2  oreoU2P8…  https://solscan.io/tx/5XLTG1WXJquDoHp8sd48zt3E7PWydkT57JKZMLbHUpcHfeDjegevxaTgRSCNabMbK9gSq6b2sDEtgYjq2Zgi5rh2
PASS per-sig 2k3KYp18 emitted=2 fixture_rows=2
PASS per-sig 33hqSn4Q emitted=4 fixture_rows=4
PASS per-sig 3BbWVS3K emitted=4 fixture_rows=4
PASS per-sig 3fec2kXP emitted=2 fixture_rows=2
PASS per-sig 3nzGD2WV emitted=4 fixture_rows=4
PASS per-sig 3pkGZDK1 emitted=4 fixture_rows=4
PASS per-sig 4zmaV87B emitted=3 fixture_rows=3
PASS per-sig 58pWphuG emitted=4 fixture_rows=4
PASS per-sig 5XLTG1WX emitted=2 fixture_rows=2
PER-SIG SEQUENCE emitted : 2,4,4,2,4,4,3,4,2
PER-SIG SEQUENCE fixture : 2,4,4,2,4,4,3,4,2
PASS per-sig sequence 2,4,4,2,4,4,3,4,2 == fixture 2,4,4,2,4,4,3,4,2
PASS total events 29 == fixture rows 29
PASS amount_basis=='gross_leg' on all events (bad: [])
PASS type=='SWAP' on all events (bad: [])
amount_basis tally: {'gross_leg': 29}
type tally: {'SWAP': 29}
PASS jl_write=29 track_event=29 == rows 29
PASS st head updated to last sig 5XLTG1WX
PASS fmt rendered 29 lines == 29
RUN 2 SHA256(sorted event tuples) = ec223cc06cf8575796c6844e5fb90e8d3ad3fddaf2b61a8efc61544e1b698464
PASS sha256 run1 == run2 (ec223cc06cf85757…)
PASS malformed meta=None: no crash, events=0, head=2k3KYp18
PASS malformed meta={}: no crash, events=0, head=2k3KYp18
TOTAL EVENTS (run2): 29
T4-DRIVER: PASS
exit=0

CROSS-PROCESS SHA COMPARE: run A == run B == ec223cc06cf8575796c6844e5fb90e8d3ad3fddaf2b61a8efc61544e1b698464 → IDENTICAL (4 in-process runs + 2 processes)

===== LEGACY TESTS — EXPECTED RED (removed-API reference by design; T9 owns the update; NOT fixed, NOT weakened) =====
--- python3 scripts/test_wallet_watch.py (run A — raw output) ---
Traceback (most recent call last):
  File "/home/namvt/Desktop/dev-space/signal_scan/scripts/test_wallet_watch.py", line 56, in <module>
    for e in ww.classify(tx, w):
             ^^^^^^^^^^^
AttributeError: module 'wallet_watch' has no attribute 'classify'
exit=1
--- python3 scripts/test_wallet_watch.py (run B — raw output) ---
Traceback (most recent call last):
  File "/home/namvt/Desktop/dev-space/signal_scan/scripts/test_wallet_watch.py", line 56, in <module>
    for e in ww.classify(tx, w):
             ^^^^^^^^^^^
AttributeError: module 'wallet_watch' has no attribute 'classify'
exit=1
--- python3 scripts/test_route_detect.py (run A — raw output) ---
Traceback (most recent call last):
  File "/home/namvt/Desktop/dev-space/signal_scan/scripts/test_route_detect.py", line 45, in <module>
    EVENTS = {lbl: ww.classify(tx, WALLET) for lbl, tx in txs.items()}
                   ^^^^^^^^^^^
AttributeError: module 'wallet_watch' has no attribute 'classify'
exit=1
--- python3 scripts/test_route_detect.py (run B — raw output) ---
Traceback (most recent call last):
  File "/home/namvt/Desktop/dev-space/signal_scan/scripts/test_route_detect.py", line 45, in <module>
    EVENTS = {lbl: ww.classify(tx, WALLET) for lbl, tx in txs.items()}
                   ^^^^^^^^^^^
AttributeError: module 'wallet_watch' has no attribute 'classify'
exit=1
--- scripts/test_gmgn_parity.py ---
ls: cannot access 'scripts/test_gmgn_parity.py': No such file or directory

===== GATES =====
--- python3 -c "import ast;ast.parse(...)" ---
AST OK
--- python3 -m py_compile scripts/wallet_watch.py ---
py_compile OK
--- grep -c "TRANSFER_" scripts/wallet_watch.py (must be 0) ---
0
grep exit=1 (1 = zero matches, count above)
--- grep -n "def classify|def classify_swaps|def _swap_legs" (must be no match) ---
grep exit=1 (1 = no match)
--- _handle_tx def + call sites ---
763:def _handle_tx(tx, sig, wallets, st) -> None:
806:    _handle_tx(tx, sig, wallets, st)
--- process_sig def + unchanged ws/poll call sites ---
779:def process_sig(sig, wallets, st, err=None) -> None:
821:            process_sig(sig, wallets, st, err)
887:                            process_sig(v["signature"], wallets, st, v.get("err"))
--- LSP (basedpyright) errors on wallet_watch.py: 0 (594 pre-existing unknown-type warnings, legacy file has no annotations) ---
--- wc -l ---
1003 scripts/wallet_watch.py
--- pyfile sanity: module still importable via importlib (proven by driver runs above) ---

===== DEAD-CODE SWEEP (AST Load-context scan of every module-level name + external grep over scripts/*.py) =====
module-level names now: 63
ZERO-LOAD-REF after deletions: ['_supply', 'sol_price', 'ui_price', '_SWAP_PROGRAMS']
DELETED (zero references after classify/classify_swaps/_swap_legs removal; all defined in wallet_watch.py):
  - classify(tx, wallet)            — task §1.3 (route-level model)
  - classify_swaps(tx, wallet)      — task §1.3
  - _swap_legs(tx, wallet)          — task §1.3
  - _mk(...)                        — event builder used ONLY by classify/classify_swaps/_roundtrip_events
  - _gross_transfers(tx, wallet)    — used ONLY by _roundtrip_events
  - _roundtrip_events(...)          — used ONLY by classify
  - ticker(mint)                    — used ONLY by classify chain (_sym covers detect path, cache-only)
  - is_junk(mint, decimals)         — used ONLY by classify chain (sole getTokenSupply caller; detect path filters via leg/role rules)
  - _WRAPPED_NOISE                  — CHECKED FIRST per task §1.6: T2 major-filter in detect_swaps uses `majors = TIER_A | TIER_B`, NOT _WRAPPED_NOISE; only classify_swaps used it (3 sites, all deleted) → deleted with its comment
  - unknown_programs() + _UNKNOWN_PROGS — populated ONLY by _swap_legs; external grep over scripts/*.py: zero references (test_gmgn_parity.py which used classify_swaps is itself deleted) → deleted
KEPT (explicit task list): _XFER_TYPES (renamed from _TRANSFER_TYPES — see note), _PLUMBING, _SWAP_PROGRAMS, _AGGREGATORS, TIER_A, TIER_B, _TOKEN_PROGS, _keys, _sym, dbase, _amt, ui_price, token_info, detect_swaps + helpers (_frames,_bal_tables,_legs_with_roles,_match_pairs,_pair_steps,_rank_mints,_base_quote,_dsym,_swap_event,_fq), fmt, fmt_fail, all feeds (poll_once, run_ws_feed, process_sig, _handle_tx, fetch_new_sigs, main), jl_write, track_post_body, track_event, load_lines, load_state, save_state, _seen/_seen_add, quotes_map/DEFAULT_QUOTES, WSOL/USDC/USDT, ICT/HERE/RPCS/STATE_PATH, min_usd/_show_fail/_jsonl/_api_url/_track/_posted_mints, _info/_info_miss/_INFO_RETRY_S/_sol_px.
KEPT (zero in-file Load-refs, justification required by sweep rule):
  - _supply      — legacy tests (test_wallet_watch.py L32, test_route_detect.py L42) seed ww._supply BEFORE calling ww.classify; deleting it would change the mandated legacy failure text from "no attribute 'classify'" to "no attribute '_supply'". NFT/supply cache; T9 owns test fate.
  - sol_price()  — sole production writer of _sol_px["v"], which _swap_event (detect path) reads for WSOL quotes; deleting orphans the cache at 0.0 → every WSOL-quote event permanently usd_pending in production. Same pricing layer as keep-listed ui_price/token_info. RISK handed to T7: production feed startup should call sol_price() once (adding a call site is outside T4 §1 scope — no new behavior allowed).
  - ui_price()   — explicit KEEP list (task §1.6).
  - _SWAP_PROGRAMS — explicit KEEP list; program-id→name registry, source-of-truth comments for _AGGREGATORS entries.
RENAME NOTE (task §1.5 vs §1.6 conflict, resolved toward the acceptance gate):
  `_TRANSFER_TYPES` contains the substring "TRANSFER_", so keeping the literal name makes `grep -c "TRANSFER_"` = 0 impossible. Acceptance checklist ("grep -c TRANSFER_ = 0") + DoneClaim ("transfers_grep":0) are the hard gates; §1.6 KEEP is about the tuple (used by detect_swaps leg collection). Renamed `_TRANSFER_TYPES` → `_XFER_TYPES`: same value ("transfer","transferChecked","transferCheckedWithFee","transferWithFee"), same single use site in _legs_with_roles, zero semantic change. No external references existed (grep over scripts/*.py).

===== ADVERSARIAL CLASSES (observable results) =====
- misleading_success_output: PASS — every asserted number is parsed from fixtures: expected per-sig counts = Counter(rows[*].tx_hash) from gmgn_rows_fixture.json, total = len(rows) (29), WALLET = rows[0].wallet, prices = price_usd / cost_usd÷quote_amount; zero asserted literals. Each check prints PASS/FAIL with sig prefix (e.g. "per-sig 58pWphuG emitted=4 fixture_rows=4"); any wrong count prints FAIL and driver exits 1 after listing FAILED CHECKs (run A/B exit=0, 35 PASS / 0 FAIL each).
- stale_state: PASS — driver run 4 times total (2 in-process per invocation × 2 fresh processes), all sha256(sorted event tuples) = ec223cc06cf8575796c6844e5fb90e8d3ad3fddaf2b61a8efc61544e1b698464; module loaded each time from scripts/wallet_watch.py on disk via importlib.util.spec_from_file_location.
- malformed_input: PASS — _handle_tx on fixture tx with meta=None → no crash, 0 events, head still updated (2k3KYp18…); meta={} → no crash, 0 events (detect_swaps: tx.get("meta") or {} + _bal_tables guards). Observable lines in driver output above.
- hung_long_commands: PASS — fully offline; each driver process completes in ~1s (wall time inside timeout 120 budget); ww.rpc and ww.http_json monkeypatched to raise AssertionError("NETWORK") — any network attempt would fail loudly (0 occurrences).
- flaky_tests: PASS — legacy red deterministic: test_wallet_watch.py and test_route_detect.py each run 2×, all 4 invocations fail with exactly "AttributeError: module 'wallet_watch' has no attribute 'classify'" (raw tracebacks above), not import error/SyntaxError. Not fixed, not weakened (T9 owns them).
- N/A: prompt_injection (no untrusted text — local fixtures only), dirty_worktree (not a git repo), cancel_resume / repeated_interruptions (single scoped edit session).

===== RESULT SUMMARY =====
- scripts/wallet_watch.py: 1420 → 1003 lines. _handle_tx(tx, sig, wallets, st) added (single emit path: keys filter + per-wallet detect_swaps + print(fmt) + jl_write + track_event + head update; NO save_state — caller owns persistence). process_sig keeps signature (sig, wallets, st, err=None): _seen_add → err/fmt_fail → getTransaction → _handle_tx → save_state. poll_once/run_ws_feed call sites unchanged (process_sig ×2).
- classify/classify_swaps/_swap_legs deleted; scripts/test_gmgn_parity.py deleted; grep -c TRANSFER_ = 0.
- Driver: 29 events / 9 txs, per-sig 2,4,4,2,4,4,3,4,2 (block order), all amount_basis=gross_leg + type=SWAP, jl_write=29, track_event=29, fmt rendered 29 lines without exception.

CLEANUP: /tmp/t4_drive.py removed
EVIDENCE_RECORDED: .omo/evidence/gmgn-parity-fixes/
