09-15 09:42:34 [31mSELL        [0m FhsbQ…2bVG  9,678,051.403663 JUDE ← SPCX 9.524479 ≈ $1,417.94 @0.0000009841/tk (gross) step 1/2  7aTdJBD8…  https://solscan.io/tx/2k3KYp183hqPsyroYZpfwpLzt1cLcUcipnTd7viCDg8XgxqyS9HMqwMNLUmcVjDDv3NYEMwiR5zVroweZxAvwVzE
09-15 09:42:34 [31mSELL        [0m FhsbQ…2bVG  9.524479 SPCX ← USDC 1,415.838994 @148.6526448323/tk (gross) step 2/2  SPCXxcqX…  https://solscan.io/tx/2k3KYp183hqPsyroYZpfwpLzt1cLcUcipnTd7viCDg8XgxqyS9HMqwMNLUmcVjDDv3NYEMwiR5zVroweZxAvwVzE
--- test1 (rpc null 1st, real 2nd) sig=2k3KYp183hqPsyro…
[PASS] 1a null fetch does NOT mark seen
        observed: SIG in _seen = False
[PASS] 1b null fetch emits nothing
        observed: emitted after call1 = 0
[PASS] 1c retry marked seen after real tx
        observed: SIG in _seen = True
[PASS] 1d retry emitted events for SIG (_handle_tx reached)
        observed: emitted=2 sigs={'2k3KYp183hqPsyroYZpfwpLzt1cLcUcipnTd7viCDg8XgxqyS9HMqwMNLUmcVjDDv3NYEMwiR5zVroweZxAvwVzE'} handled=['2k3KYp183hqPsyroYZpfwpLzt1cLcUcipnTd7viCDg8XgxqyS9HMqwMNLUmcVjDDv3NYEMwiR5zVroweZxAvwVzE']
[PASS] 1e exactly 2 rpc fetches (1 null + 1 real)
        observed: rpc calls = 2
        seen-set contents = {'2k3KYp183hqPsyroYZpfwpLzt1cLcUcipnTd7viCDg8XgxqyS9HMqwMNLUmcVjDDv3NYEMwiR5zVroweZxAvwVzE'}
09-15 09:42:34 [31mSELL        [0m FhsbQ…2bVG  9,678,051.403663 JUDE ← SPCX 9.524479 ≈ $1,417.94 @0.0000009841/tk (gross) step 1/2  7aTdJBD8…  https://solscan.io/tx/2k3KYp183hqPsyroYZpfwpLzt1cLcUcipnTd7viCDg8XgxqyS9HMqwMNLUmcVjDDv3NYEMwiR5zVroweZxAvwVzE
09-15 09:42:34 [31mSELL        [0m FhsbQ…2bVG  9.524479 SPCX ← USDC 1,415.838994 @148.6526448323/tk (gross) step 2/2  SPCXxcqX…  https://solscan.io/tx/2k3KYp183hqPsyroYZpfwpLzt1cLcUcipnTd7viCDg8XgxqyS9HMqwMNLUmcVjDDv3NYEMwiR5zVroweZxAvwVzE
--- test2 (rpc raises 1st, real 2nd)
[PASS] 2a exception does NOT mark seen
        observed: SIG in _seen = False
[PASS] 2b exception emits nothing
        observed: emitted after call1 = 0
[PASS] 2c existing stderr line still printed
        observed: stderr = '! 2k3KYp183hqP… getTransaction: rpc down'
[PASS] 2d retry marked seen after real tx
        observed: SIG in _seen = True
[PASS] 2e retry emitted events for SIG (_handle_tx reached)
        observed: emitted=2 sigs={'2k3KYp183hqPsyroYZpfwpLzt1cLcUcipnTd7viCDg8XgxqyS9HMqwMNLUmcVjDDv3NYEMwiR5zVroweZxAvwVzE'} handled=['2k3KYp183hqPsyroYZpfwpLzt1cLcUcipnTd7viCDg8XgxqyS9HMqwMNLUmcVjDDv3NYEMwiR5zVroweZxAvwVzE']
[PASS] 2f exactly 2 rpc fetches (1 raise + 1 real)
        observed: rpc calls = 2
        seen-set contents = {'2k3KYp183hqPsyroYZpfwpLzt1cLcUcipnTd7viCDg8XgxqyS9HMqwMNLUmcVjDDv3NYEMwiR5zVroweZxAvwVzE'}
09-15 09:42:34 [31mSELL        [0m FhsbQ…2bVG  9,678,051.403663 JUDE ← SPCX 9.524479 ≈ $1,417.94 @0.0000009841/tk (gross) step 1/2  7aTdJBD8…  https://solscan.io/tx/2k3KYp183hqPsyroYZpfwpLzt1cLcUcipnTd7viCDg8XgxqyS9HMqwMNLUmcVjDDv3NYEMwiR5zVroweZxAvwVzE
09-15 09:42:34 [31mSELL        [0m FhsbQ…2bVG  9.524479 SPCX ← USDC 1,415.838994 @148.6526448323/tk (gross) step 2/2  SPCXxcqX…  https://solscan.io/tx/2k3KYp183hqPsyroYZpfwpLzt1cLcUcipnTd7viCDg8XgxqyS9HMqwMNLUmcVjDDv3NYEMwiR5zVroweZxAvwVzE
--- test3 (dedup: two calls, real tx)
[PASS] 3a 1st call emits events
        observed: emitted after call1 = 2
[PASS] 3b 2nd call emits NOTHING
        observed: emitted after call2 = 2 (delta 0)
[PASS] 3c 2nd call does not even fetch
        observed: rpc calls = 1
[PASS] 3d _handle_tx reached exactly once
        observed: handled = ['2k3KYp183hqPsyroYZpfwpLzt1cLcUcipnTd7viCDg8XgxqyS9HMqwMNLUmcVjDDv3NYEMwiR5zVroweZxAvwVzE']
--- test4 (err="tx failed", show_fail=True)
[PASS] 4a 1st err call prints exactly one FAILED line
        observed: FAILED count = 1
[PASS] 4b 1st err call marks seen
        observed: SIG in _seen = True
[PASS] 4c err call emits no trade event
        observed: emitted = 0
[PASS] 4d 2nd identical err call prints nothing
        observed: 2nd FAILED count = 0
        seen-set contents = {'2k3KYp183hqPsyroYZpfwpLzt1cLcUcipnTd7viCDg8XgxqyS9HMqwMNLUmcVjDDv3NYEMwiR5zVroweZxAvwVzE'}
--- test5 (malformed tx: transaction.message missing) — INFO, unchanged by T5
[INFO] observed: KeyError(KeyError('message')) (expected existing KeyError path)
--- state isolation
[PASS] 6a real state file untouched
        observed: before=(613, 1789126609371432091) after=(613, 1789126609371432091)
[PASS] 6b real save_state ran (temp state file written)
        observed: isolated by repointing ww.STATE_PATH to a temp dir

WALLET (from DATA.rows[0]) = FhsbQzAJWVDNwaH61cTo6XkkfEsmSYMZKs9VJHH32bVG
fixture sig                 = 2k3KYp183hqPsyroYZpfwpLzt1cLcUcipnTd7viCDg8XgxqyS9HMqwMNLUmcVjDDv3NYEMwiR5zVroweZxAvwVzE
events per real tx          = n/a (reset)

RESULT: PASS — all T5 assertions green

=== AST ===
AST OK

=== RUFF ===
All checks passed!
CLEANUP: /tmp/t5_check.py removed
