# fixture wallet: FhsbQzAJWVDNwaH61cTo6XkkfEsmSYMZKs9VJHH32bVG
# STATE before: mtime=1789126609371432091 size=613

== case default ==
# observed RPCS = ['https://solana-rpc.publicnode.com', 'https://api.mainnet-beta.solana.com']
# observed banner = ['# watch 1 ví | feed=poll | 5 quote-mints | min $0.5', '# rpc https://solana-rpc.publicnode.com | ws wss://solana-rpc.publicnode.com']
PASS default RPCS[0] == RPCS[0] | https://solana-rpc.publicnode.com
PASS default RPCS == defaults intact | ['https://solana-rpc.publicnode.com', 'https://api.mainnet-beta.solana.com']
PASS banner has effective http | https://solana-rpc.publicnode.com
PASS banner has effective ws | wss://solana-rpc.publicnode.com

== case flag --rpc-url https://example.invalid ==
# observed RPCS = ['https://example.invalid', 'https://solana-rpc.publicnode.com', 'https://api.mainnet-beta.solana.com']
# observed banner = ['# watch 1 ví | feed=poll | 5 quote-mints | min $0.5', '# rpc https://example.invalid | ws wss://example.invalid']
PASS flag RPCS[0] == X | https://example.invalid
PASS flag RPCS[1:] == defaults | ['https://solana-rpc.publicnode.com', 'https://api.mainnet-beta.solana.com']
PASS flag banner http | https://example.invalid
PASS flag banner ws derived | wss://example.invalid

== case env SOLANA_RPC_URL=https://env.example ==
# observed RPCS = ['https://env.example', 'https://solana-rpc.publicnode.com', 'https://api.mainnet-beta.solana.com']
# observed banner = ['# watch 1 ví | feed=poll | 5 quote-mints | min $0.5', '# rpc https://env.example | ws wss://env.example']
PASS env_solana RPCS[0] | https://env.example
PASS env_solana RPCS[1:] == defaults | ['https://solana-rpc.publicnode.com', 'https://api.mainnet-beta.solana.com']
PASS env_solana banner http | https://env.example

== case env RPC_HTTP=https://env2.example ==
# observed RPCS = ['https://env2.example', 'https://solana-rpc.publicnode.com', 'https://api.mainnet-beta.solana.com']
# observed banner = ['# watch 1 ví | feed=poll | 5 quote-mints | min $0.5', '# rpc https://env2.example | ws wss://env2.example']
PASS env_rpc_http RPCS[0] | https://env2.example
PASS env_rpc_http RPCS[1:] == defaults | ['https://solana-rpc.publicnode.com', 'https://api.mainnet-beta.solana.com']
PASS env_rpc_http banner http | https://env2.example

== case precedence ==
# observed RPCS = ['https://flag.example', 'https://solana-rpc.publicnode.com', 'https://api.mainnet-beta.solana.com']
PASS precedence flag wins | https://flag.example
# observed RPCS = ['https://sol.example', 'https://solana-rpc.publicnode.com', 'https://api.mainnet-beta.solana.com']
PASS precedence SOLANA_RPC_URL > RPC_HTTP | https://sol.example

== case _wss helper ==
PASS _wss(https) | wss://a.b
PASS _wss(http) | ws://a.b

== case literal api.mainnet-beta count ==
# observed literal count = 1
PASS exactly one api.mainnet-beta literal | 1
PASS hardcoded wss literal gone | False

== case malformed --rpc-url '' ==
# observed RPCS = ['https://solana-rpc.publicnode.com', 'https://api.mainnet-beta.solana.com']
# observed banner = ['# watch 1 ví | feed=poll | 5 quote-mints | min $0.5', '# rpc https://solana-rpc.publicnode.com | ws wss://solana-rpc.publicnode.com']
PASS empty flag falls back to default | ['https://solana-rpc.publicnode.com', 'https://api.mainnet-beta.solana.com']

== case malformed --rpc-url example.com (no scheme) ==
# observed RPCS = ['example.com', 'https://solana-rpc.publicnode.com', 'https://api.mainnet-beta.solana.com']
# observed banner = ['# watch 1 ví | feed=poll | 5 quote-mints | min $0.5', '# rpc example.com | ws example.com']
PASS no-scheme flag used verbatim | example.com
PASS no-scheme ws unchanged | example.com

# STATE after: mtime=1789126609371432091 size=613
PASS real state file untouched | (1789126609371432091, 613)

# RESULT 24/24 PASS
# N/A: prompt_injection, dirty_worktree (not a git repo), cancel_resume, repeated_interruptions

===== FLAKY CHECK (harness run x2, diff) =====
IDENTICAL x2: PASS

===== --help =====
usage: wallet_watch.py [-h] [--wallets WALLETS] [--quotes QUOTES]
                       [--interval INTERVAL] [--sweep SWEEP]
                       [--backfill BACKFILL] [--once] [--min-usd MIN_USD]
                       [--show-fail] [--jsonl JSONL] [--api-url API_URL]
                       [--track] [--feed {ws,poll}] [--rpc-url RPC_URL]

Solana wallet swap-step watcher (GMGN row parity)

options:
  -h, --help           show this help message and exit
  --wallets WALLETS
  --quotes QUOTES
  --interval INTERVAL  giữa các nhịp, mode poll
  --sweep SWEEP        mode ws: khoảng cách quét lưới-an-toàn (giây), chống
                       sót tx không mention ví
  --backfill BACKFILL  log N tx cũ cho ví chưa có state
  --once
  --min-usd MIN_USD
  --show-fail          in cả dòng FAILED cho tx lỗi (spam sniper, như tab đỏ
                       GMGN)
  --jsonl JSONL        ghi thêm mỗi sự kiện 1 dòng JSON vào file này (log
                       machine-readable)
  --api-url API_URL    base URL của alpha-engine API (dùng cho --track)
  --track              tự POST CA của mọi tx BUY/SELL vào API để auto-add
                       tracking (mặc định tắt)
  --feed {ws,poll}     ws: node push theo block (mặc định) | poll: hẹn giờ
                       HTTP
  --rpc-url RPC_URL    endpoint RPC HTTP; mặc định đọc env SOLANA_RPC_URL →
                       RPC_HTTP → list có sẵn
help exit=0

===== grep -n api.mainnet-beta =====
47:    "https://api.mainnet-beta.solana.com",

===== grep -c rpc-url|rpc_url =====
5

===== AST =====
AST OK

===== RUFF =====
All checks passed!
ruff exit=0
CLEANUP: /tmp/t6_check.py removed
