================================================================================
T8 EVIDENCE — GMGN row-parity gate (OFFLINE + hermetic) + 4-mutation Red→Green proof
generated  : 2026-09-15 23:26:54 +07
plan       : .omo/plans/gmgn-parity-fixes.md §2.2–§2.5, §5, §7, §T8
deliverable: scripts/test_gmgn_api_parity.py  (939 lines)
SUT        : scripts/wallet_watch.py::detect_swaps  (READ-ONLY — sha256 unchanged, xem §6)
oracle     : scripts/fixtures/gmgn_rows_fixture.json — 29 rows / 9 sig (12 tx file dedupe theo signatures[0])
================================================================================

§0  LỆNH ĐÃ CHẠY (copy-paste được)
--------------------------------------------------------------------------------
  ruff check scripts/test_gmgn_api_parity.py
  python3 -c "import ast,pathlib; ast.parse(pathlib.Path('scripts/test_gmgn_api_parity.py').read_text()); print('AST OK')"
  python3 scripts/test_gmgn_api_parity.py                  # exit 0 + PASS line (dòng cuối)
  TRACE=1 python3 scripts/test_gmgn_api_parity.py          # thêm bảng PAIR/REJECT/RANK/STEP T2-style

§1  STATIC GATES
--------------------------------------------------------------------------------
  ruff      : All checks passed!
  ast.parse : OK
  lsp       : basedpyright severity=error → "No diagnostics found" (0 error)               (severity=all còn ~550 warning strict-preset: reportUnknownParameterType /                reportExplicitAny / implicit-str-concat… — cùng loại với scripts/wallet_watch.py                và scripts/test_wallet_watch.py hiện hữu ⇒ baseline repo, không phải regression)

§2  BASELINE GATE — stdout đầy đủ (1 lần chạy, exit 0)
--------------------------------------------------------------------------------
== T8 GMGN row-parity gate — OFFLINE, hermetic (.omo/plans/gmgn-parity-fixes.md §T8) ==
  fixtures : 12 file tx → 9 sig distinct (dedupe theo transaction.signatures[0]) · oracle rows=29 · sig trong oracle=9
  fixture files : 2k3KYp18.json, 33hqSn4Q.json, 33hqSn4QyCKb.json, 3BbWVS3K.json, 3fec2kXP.json, 3nzGD2WV.json, 3pkGZDK1.json, 4zmaV87B.json, 4zmaV87BnoMS.json, 58pWphu.json, 58pWphuG.json, 5XLTG1WX.json
  module   : /home/namvt/Desktop/dev-space/signal_scan/scripts/wallet_watch.py
  sha256 trước : d77055695a09d8830cff5d68ae64c91a0c71235638c89e826f227ed7c1aa4720
  mtime  trước : 1789487012
  wallet   : FhsbQ…2bVG len=44  (đọc DATA['rows'][0]['wallet'] — không gõ literal, §5.7)
  seed     : _info=13 mint TỪ fixture (token.symbol/quote_token.symbol), _info_miss=0, _sol_px['v']=100.0, min_usd=0.0 — idempotent, re-apply mỗi run
  hermetic : ww.http_json / ww.rpc / socket.socket = raise; seed _info không có marker _info_miss ⇒ token_info() không fetch (wallet_watch.py L184)
  tolerance: non-gross rel ≤ 1e-06 trên uiAmount (pin §5.6, không nới) · gross rel_overstate ≤ 8% mẫu=EMITTED · G_ROWS=6
  decimals : detector lấy từ pre/postTokenBalances[].uiTokenAmount.decimals (§2.2 — row GMGN `token` KHÔNG có field decimals, chỉ quote_token có)

---- per-sig expected-vs-got (guard misleading_success_output) ----
sig 4zmaV87B  expected_rows= 3 emitted_events= 3 pinned_count=3 match  order(reverse_sym_ok=3/3, forward_sym_ok=1/3)  full_sig=4zmaV87BnoMSKjn4PrMSLZQvhYWRZ5zez4KLHZM1x23LbkbDUiDgfN1FVYuSTXoW4KGeaKQFr63MhPXzaLACdvBX
sig 2k3KYp18  expected_rows= 2 emitted_events= 2 pinned_count=2 match  order(reverse_sym_ok=2/2, forward_sym_ok=0/2)  full_sig=2k3KYp183hqPsyroYZpfwpLzt1cLcUcipnTd7viCDg8XgxqyS9HMqwMNLUmcVjDDv3NYEMwiR5zVroweZxAvwVzE
sig 3fec2kXP  expected_rows= 2 emitted_events= 2 pinned_count=2 match  order(reverse_sym_ok=2/2, forward_sym_ok=0/2)  full_sig=3fec2kXPqQmkMVVzeUqvw1R3SfSaBgiuA2wL9tDuDAVauzCAXu84EYyEX9vDCQ9Y5iaEtQ2XAr8NDeXGus9QdzBj
sig 58pWphuG  expected_rows= 4 emitted_events= 4 pinned_count=4 match  order(reverse_sym_ok=4/4, forward_sym_ok=0/4)  full_sig=58pWphuGoowgZwWhjCTQwgZcYMrWQyf9nqWU9YuqRgLbL8Q9tcqWfeJ1EA4UEYpDWc2ijegkuVv9xNPvV5yc46Rx
sig 3nzGD2WV  expected_rows= 4 emitted_events= 4 pinned_count=4 match  order(reverse_sym_ok=4/4, forward_sym_ok=2/4)  full_sig=3nzGD2WVG7XJwSnfhzRqTs41VrxykLyqMyM6KoWgfVdnKkhuTnuB7nuQsoKzUjP1oiNePhYUts9ir82g88RRgpaP
sig 3BbWVS3K  expected_rows= 4 emitted_events= 4 pinned_count=4 match  order(reverse_sym_ok=4/4, forward_sym_ok=2/4)  full_sig=3BbWVS3K7pLEXcNCj8vxCH7q51Cy3D1ZTXgm2FcaV3VfKnXPxujzVmWf29R9RX7k2XQMWCSfdTFfJQqodY8vYE57
sig 5XLTG1WX  expected_rows= 2 emitted_events= 2 pinned_count=2 match  order(reverse_sym_ok=2/2, forward_sym_ok=0/2)  full_sig=5XLTG1WXJquDoHp8sd48zt3E7PWydkT57JKZMLbHUpcHfeDjegevxaTgRSCNabMbK9gSq6b2sDEtgYjq2Zgi5rh2
sig 33hqSn4Q  expected_rows= 4 emitted_events= 4 pinned_count=4 match  order(reverse_sym_ok=4/4, forward_sym_ok=0/4)  full_sig=33hqSn4QyCKbA8ynY2JrZhbSG357G38Ync9aHPW6BC5V4rzH6PZ2B2yvNjuT6FJssgDNGcZ7okpyp7a6bLUcHBnV
sig 3pkGZDK1  expected_rows= 4 emitted_events= 4 pinned_count=4 match  order(reverse_sym_ok=4/4, forward_sym_ok=2/4)  full_sig=3pkGZDK1VAxWJyXhN5Wodn4KJXuUNBduiznDevdT9ybSDM2cD77Uxku9DpBsD63zqpsXuSrnD5cr6LVDgQjvwZnH

oracle row order vs detector step order (đo trên fixture, không suy đoán):
  2k3KYp18  n=2  reverse_sym_ok=2/2  forward_sym_ok=0/2
  33hqSn4Q  n=4  reverse_sym_ok=4/4  forward_sym_ok=0/4
  3BbWVS3K  n=4  reverse_sym_ok=4/4  forward_sym_ok=2/4
  3fec2kXP  n=2  reverse_sym_ok=2/2  forward_sym_ok=0/2
  3nzGD2WV  n=4  reverse_sym_ok=4/4  forward_sym_ok=2/4
  3pkGZDK1  n=4  reverse_sym_ok=4/4  forward_sym_ok=2/4
  4zmaV87B  n=3  reverse_sym_ok=3/3  forward_sym_ok=1/3
  58pWphuG  n=4  reverse_sym_ok=4/4  forward_sym_ok=0/4
  5XLTG1WX  n=2  reverse_sym_ok=2/2  forward_sym_ok=0/2
  ⇒ GMGN xếp row NGƯỢC thứ tự thực thi; detect_swaps sort theo min(seq) = thứ tự thực thi (§3 Bước 1). Gate cặp theo bản đảo + kiểm key-multiset §2.3 độc lập thứ tự.

---- bảng so 29 row: oracle(expected) | event(got) | rel | leg gross | OK/FAIL ----
4zmaV87B#1       OK   ·          orow# 3  exp BUY  DOGE     ←USDC          3111.70406 /      262.833109  |  got BUY  DOGE     ←USDC          3111.70406 /      262.833109  |  rel-base 0.00e+00 rel-quote 0.00e+00 
4zmaV87B#2       OK   ·          orow# 2  exp BUY  DOGE     ←USDC          8673.39086 /      732.746279  |  got BUY  DOGE     ←USDC          8673.39086 /      732.746279  |  rel-base 0.00e+00 rel-quote 0.00e+00 
4zmaV87B#3       OK   ·          orow# 1  exp BUY  SNOOPDOGE←DOGE            10363786 /      11436.9638  |  got BUY  SNOOPDOGE←DOGE            10363786 /      11436.9638  |  rel-base 0.00e+00 rel-quote 0.00e+00 
2k3KYp18#1       OK   ·          orow# 5  exp SELL JUDE     ←SPCX           9678051.4 /        9.524479  |  got SELL JUDE     ←SPCX           9678051.4 /        9.524479  |  rel-base 0.00e+00 rel-quote 0.00e+00 
2k3KYp18#2       OK   ·          orow# 4  exp SELL SPCX     ←USDC            9.524479 /      1415.83899  |  got SELL SPCX     ←USDC            9.524479 /      1415.83899  |  rel-base 0.00e+00 rel-quote 0.00e+00 
3fec2kXP#1       OK   ·          orow# 7  exp BUY  SPCX     ←USDC             16.7186 /      2488.94847  |  got BUY  SPCX     ←USDC             16.7186 /      2488.94847  |  rel-base 0.00e+00 rel-quote 0.00e+00 
3fec2kXP#2       OK   ·          orow# 6  exp BUY  JUDE     ←SPCX           9678051.4 /       16.224732  |  got BUY  JUDE     ←SPCX           9678051.4 /       16.224732  |  rel-base 0.00e+00 rel-quote 0.00e+00 
58pWphuG#1       OK   ·          orow#11  exp SELL OS       ←CARDS         11033477.2 /      26699.5473  |  got SELL OS       ←CARDS         11033477.2 /      26699.5473  |  rel-base 0.00e+00 rel-quote 0.00e+00 
58pWphuG#2       OK   G:base     orow#10  exp SELL OS       ←WSOL          1796185.19 /      5.84898479  |  got SELL OS       ←WSOL          1947084.22 /      5.84898479  |  rel-base 8.40e-02 rel-quote 0.00e+00 base_overstate=7.7500%
58pWphuG#3       OK   ·          orow# 9  exp SELL CARDS    ←USDC           20291.656 /      2609.25488  |  got SELL CARDS    ←USDC           20291.656 /      2609.25488  |  rel-base 0.00e+00 rel-quote 0.00e+00 
58pWphuG#4       OK   G:base     orow# 8  exp SELL CARDS    ←USDC          6394.91359 /      824.225653  |  got SELL CARDS    ←USDC          6407.89136 /      824.225653  |  rel-base 2.03e-03 rel-quote 0.00e+00 base_overstate=0.2025%
3nzGD2WV#1       OK   G:quote    orow#15  exp BUY  CARDS    ←USDC           3476.6419 /      449.888419  |  got BUY  CARDS    ←USDC           3476.6419 /      450.798346  |  rel-base 0.00e+00 rel-quote 2.02e-03 quote_overstate=0.2018%
3nzGD2WV#2       OK   ·          orow#14  exp BUY  CARDS    ←USDC          1162.46878 /      150.332487  |  got BUY  CARDS    ←USDC          1162.46878 /      150.332487  |  rel-base 0.00e+00 rel-quote 0.00e+00 
3nzGD2WV#3       OK   ·          orow#13  exp BUY  CARDS    ←USDC          3033.79656 /      394.448555  |  got BUY  CARDS    ←USDC          3033.79656 /      394.448555  |  rel-base 0.00e+00 rel-quote 0.00e+00 
3nzGD2WV#4       OK   ·          orow#12  exp BUY  OS       ←CARDS         2392197.68 /      7672.90724  |  got BUY  OS       ←CARDS         2392197.68 /      7672.90724  |  rel-base 0.00e+00 rel-quote 0.00e+00 
3BbWVS3K#1       OK   G:quote    orow#19  exp BUY  CARDS    ←USDC          1184.39461 /       150.96474  |  got BUY  CARDS    ←USDC          1184.39461 /      151.328066  |  rel-base 0.00e+00 rel-quote 2.41e-03 quote_overstate=0.2401%
3BbWVS3K#2       OK   ·          orow#18  exp BUY  CARDS    ←USDC           36772.237 /      4703.11703  |  got BUY  CARDS    ←USDC           36772.237 /      4703.11703  |  rel-base 0.00e+00 rel-quote 0.00e+00 
3BbWVS3K#3       OK   ·          orow#17  exp BUY  CARDS    ←USDC          964.657141 /      123.451845  |  got BUY  CARDS    ←USDC          964.657141 /      123.451845  |  rel-base 0.00e+00 rel-quote 0.00e+00 
3BbWVS3K#4       OK   ·          orow#16  exp BUY  OS       ←CARDS         10588363.8 /      38921.2887  |  got BUY  OS       ←CARDS         10588363.8 /      38921.2887  |  rel-base 0.00e+00 rel-quote 0.00e+00 
5XLTG1WX#1       OK   ·          orow#21  exp SELL STEVE    ←ORE           20395086.2 /      9.54606922  |  got SELL STEVE    ←ORE           20395086.2 /      9.54606922  |  rel-base 0.00e+00 rel-quote 0.00e+00 
5XLTG1WX#2       OK   G:base     orow#20  exp SELL ORE      ←USDC          9.46722535 /       726.96198  |  got SELL ORE      ←USDC          9.54606922 /       726.96198  |  rel-base 8.33e-03 rel-quote 0.00e+00 base_overstate=0.8259%
33hqSn4Q#1       OK   G:base     orow#25  exp SELL XBT      ←WSOL          97779.9064 /      2.00694422  |  got SELL XBT      ←WSOL          102766.565 /      2.00694422  |  rel-base 5.10e-02 rel-quote 0.00e+00 base_overstate=4.8524%
33hqSn4Q#2       OK   ·          orow#24  exp SELL XBT      ←WBTC          638160.365 /      0.01656677  |  got SELL XBT      ←WBTC          638160.365 /      0.01656677  |  rel-base 0.00e+00 rel-quote 0.00e+00 
33hqSn4Q#3       OK   ·          orow#23  exp BUY  cbBTC    ←WBTC          0.01657105 /      0.01656677  |  got BUY  cbBTC    ←WBTC          0.01657105 /      0.01656677  |  rel-base 0.00e+00 rel-quote 0.00e+00 
33hqSn4Q#4       OK   ·          orow#22  exp SELL cbBTC    ←USDC          0.01657105 /      1286.80274  |  got SELL cbBTC    ←USDC          0.01657105 /      1286.80274  |  rel-base 0.00e+00 rel-quote 0.00e+00 
3pkGZDK1#1       OK   ·          orow#29  exp SELL XBT      ←WBTC           740926.93 /       0.0200651  |  got SELL XBT      ←WBTC           740926.93 /       0.0200651  |  rel-base 0.00e+00 rel-quote 0.00e+00 
3pkGZDK1#2       OK   ·          orow#28  exp BUY  cbBTC    ←WBTC           0.0172121 /       0.0172075  |  got BUY  cbBTC    ←WBTC           0.0172121 /       0.0172075  |  rel-base 0.00e+00 rel-quote 0.00e+00 
3pkGZDK1#3       OK   ·          orow#27  exp BUY  cbBTC    ←WBTC           0.0028584 /       0.0028576  |  got BUY  cbBTC    ←WBTC           0.0028584 /       0.0028576  |  rel-base 0.00e+00 rel-quote 0.00e+00 
3pkGZDK1#4       OK   ·          orow#26  exp SELL cbBTC    ←USDC           0.0200705 /      1559.56569  |  got SELL cbBTC    ←USDC           0.0200705 /      1559.56569  |  rel-base 0.00e+00 rel-quote 0.00e+00 

gross-leg rel_overstate   công thức PIN: (emitted − oracle) / EMITTED   cap 8%   (§T8: mẫu=EMITTED, mẫu=oracle thì row OS thành 8.4011% = fail giả)
  33hqSn4Q SELL XBT      ←WSOL   leg=base  oracle=97779.9064         emitted=102766.565         overstate= 4.8524%  pin §2.2= 4.8524%  ok
  3BbWVS3K BUY  CARDS    ←USDC   leg=quote oracle=150.96474          emitted=151.328066         overstate= 0.2401%  pin §2.2= 0.2401%  ok
  3nzGD2WV BUY  CARDS    ←USDC   leg=quote oracle=449.888419         emitted=450.798346         overstate= 0.2018%  pin §2.2= 0.2018%  ok
  58pWphuG SELL CARDS    ←USDC   leg=base  oracle=6394.91359         emitted=6407.89136         overstate= 0.2025%  pin §2.2= 0.2025%  ok
  58pWphuG SELL OS       ←WSOL   leg=base  oracle=1796185.19         emitted=1947084.22         overstate= 7.7500%  pin §2.2= 7.7500%  ok
  5XLTG1WX SELL ORE      ←USDC   leg=base  oracle=9.46722535         emitted=9.54606922         overstate= 0.8259%  pin §2.2= 0.8259%  ok
  n_gross_row=6 (exp 6) · max overstate=7.7500%

malformed probes (tx nền 2k3KYp18, 9 sig distinct, offline):
  meta.err set                        -> 0 event   (detect_swaps: err != None => [])
  block-level {'transactions': []}     -> list(ww._block_txs(...)) = []
  meta key absent                     -> 0 event
  meta.innerInstructions = []         -> 0 event
  balances mất hết decimals+amount    -> 2 event
  detect_swaps({})                    -> KeyError: 'transaction'   (caller production guard `if tx:` trước khi gọi — T2.log M4)

SUMMARY steps 29/29 (paired 29/29) · identity 29/29 · side 29/29 · amounts exact 23/23 + 6/6 gross · quote_inferred 1/1 · amount_basis 29/29 · 1-POOL-endpoint 29/29 · FAIL-lines 0

PASS steps 29/29 · identity 29/29 · side 29/29 · amounts exact 23/29 + 6 gross (amount_basis=gross_leg)

======================================================================================================================
MUTATION 1 — 1_TIER_A_WBTC
======================================================================================================================
  kỳ vọng (§T8)    : gate FAIL — identity FAIL ở các row WBTC
  patch in-process : ww.TIER_A.add(3NZ9JMVBmGAqocybic2c7LQCJScmgsAZ6vQqTDzcqmJh)   # mint đọc từ fixture, không gõ tay (§5.7)
  kết quả          : 1 FAIL line ⇒ RED ok (test có răng)
  SUMMARY steps 29/29 (paired 29/29) · identity 29/29 · side 29/29 · amounts exact 23/23 + 6/6 gross · quote_inferred 1/1 · amount_basis 29/29 · 1-POOL-endpoint 29/29 · FAIL-lines 1
    FAIL §2.4 VIOLATION: WBTC 3NZ9JMVBmGAqocybic2c7LQCJScmgsAZ6vQqTDzcqmJh nằm trong TIER_A (mint đọc từ fixture)

======================================================================================================================
MUTATION 2 — 2_no_single_POOL
======================================================================================================================
  kỳ vọng (§T8)    : gate FAIL — thừa event và/hoặc side FAIL ở 33hqSn4Q
  patch in-process : _legs_with_roles: 'if (rs == "POOL") == (rd == "POOL"):' -> 'if False:  # MUT2 khong yeu cau dung 1 endpoint POOL'
  kết quả          : 12 FAIL line ⇒ RED ok (test có răng)
  SUMMARY steps 30/29 (paired 29/29) · identity 26/29 · side 29/29 · amounts exact 21/23 + 4/6 gross · quote_inferred 1/1 · amount_basis 29/30 · 1-POOL-endpoint 29/30 · FAIL-lines 12
    FAIL 58pWphuG SỐ STEP lệch: oracle_rows=4 emitted_events=5
    FAIL 58pWphuG per-sig count pin §2.3 exp=4 got=5
    FAIL 58pWphuG key-multiset (side,base,quote) lệch §2.3: oracle thiếu {} · event thừa {('SELL', 'OS', 'USDC'): 1}
    FAIL 58pWphuG#1 expected sell OS ← CARDS | got SELL OS ← USDC: quote_sym exp=CARDS got=USDC; base_amt exp=11033477.24844975 got=12980561.468764413 rel=1.765e-01 > 1e-06; quote_amt exp=26699.547315 got=13.296178 rel=9.995e-01 > 1e-06
    FAIL 58pWphuG#2 expected sell OS ← WSOL | got SELL OS ← CARDS: quote_sym exp=WSOL got=CARDS; base_gross rel_overstate 83.720588% > 8%; quote_amt exp=5.848984792 got=26699.547315 rel=4.564e+03 > 1e-06
    FAIL 58pWphuG#3 expected sell CARDS ← USDC | got SELL OS ← WSOL: base_sym exp=CARDS got=OS; quote_sym exp=USDC got=WSOL; base_amt exp=20291.655959 got=1947084.220314662 rel=9.495e+01 > 1e-06; quote_amt exp=2609.254878 got=5.848984792 rel=9.978e-01 > 1e-06
    FAIL 58pWphuG#4 expected sell CARDS ← USDC | got SELL CARDS ← USDC: base_gross rel_overstate 68.485009% > 8%; quote_amt exp=824.225653 got=2609.254878 rel=2.166e+00 > 1e-06
    FAIL 58pWphuG#5 EXTRA event SELL CARDS←USDC (oracle không có row tương ứng)
    ... (4 FAIL line nữa)

======================================================================================================================
MUTATION 3 — 3_wallet_flow_side
======================================================================================================================
  kỳ vọng (§T8)    : gate FAIL — FAIL ≥ 11 row (rule ví-only đo được 18/29)
  patch in-process : _swap_event: '"side": "BUY" if bl["rs"] == "POOL" else "SELL",' -> '"side": "BUY" if bl["rd"] == "WALLET" else "SELL",'
  kết quả          : 19 FAIL line ⇒ RED ok (test có răng)
  SUMMARY steps 29/29 (paired 29/29) · identity 29/29 · side 18/29 · amounts exact 14/23 + 4/6 gross · quote_inferred 1/1 · amount_basis 29/29 · 1-POOL-endpoint 29/29 · FAIL-lines 19
    FAIL 4zmaV87B key-multiset (side,base,quote) lệch §2.3: oracle thiếu {('BUY', 'DOGE', 'USDC'): 2} · event thừa {('SELL', 'DOGE', 'USDC'): 2}
    FAIL 4zmaV87B#1 expected buy DOGE ← USDC | got SELL DOGE ← USDC: side exp=BUY got=SELL
    FAIL 4zmaV87B#2 expected buy DOGE ← USDC | got SELL DOGE ← USDC: side exp=BUY got=SELL
    FAIL 3nzGD2WV key-multiset (side,base,quote) lệch §2.3: oracle thiếu {('BUY', 'OS', 'CARDS'): 1, ('BUY', 'CARDS', 'USDC'): 3} · event thừa {('SELL', 'CARDS', 'USDC'): 3, ('SELL', 'OS', 'CARDS'): 1}
    FAIL 3nzGD2WV#1 expected buy CARDS ← USDC | got SELL CARDS ← USDC: side exp=BUY got=SELL
    FAIL 3nzGD2WV#2 expected buy CARDS ← USDC | got SELL CARDS ← USDC: side exp=BUY got=SELL
    FAIL 3nzGD2WV#3 expected buy CARDS ← USDC | got SELL CARDS ← USDC: side exp=BUY got=SELL
    FAIL 3nzGD2WV#4 expected buy OS ← CARDS | got SELL OS ← CARDS: side exp=BUY got=SELL
    ... (11 FAIL line nữa)

======================================================================================================================
MUTATION 4 — 4_delta_balance_amount
======================================================================================================================
  kỳ vọng (§T8)    : gate FAIL — FAIL ở 33hqSn4Q sell XBT ← WBTC 638160.364952 (delta vault 99683.5682570003 / 619015.5540030003)
  patch in-process : _legs_with_roles: 'legs.append(' -> '_ep = src if rs == "POOL" else dst\n        raw = abs(post_'
  kết quả          : 4 FAIL line ⇒ RED ok (test có răng)
  SUMMARY steps 29/29 (paired 29/29) · identity 29/29 · side 29/29 · amounts exact 19/23 + 6/6 gross · quote_inferred 1/1 · amount_basis 29/29 · 1-POOL-endpoint 29/29 · FAIL-lines 4
    FAIL 2k3KYp18#1 expected sell JUDE ← SPCX | got SELL JUDE ← SPCX: quote_amt exp=9.524479 got=9.824735 rel=3.152e-02 > 1e-06
    FAIL 5XLTG1WX#1 expected sell STEVE ← ORE | got SELL STEVE ← ORE: base_amt exp=20395086.158547 got=19783233.57379 rel=3.000e-02 > 1e-06
    FAIL 33hqSn4Q#2 expected sell XBT ← WBTC | got SELL XBT ← WBTC: base_amt exp=638160.364952 got=619015.554003 rel=3.000e-02 > 1e-06
    FAIL 3pkGZDK1#1 expected sell XBT ← WBTC | got SELL XBT ← WBTC: base_amt exp=740926.930166 got=718699.122261 rel=3.000e-02 > 1e-06

======================================================================================================================
REVERT — module fresh load lại từ scripts/wallet_watch.py (không revert bán phần)
======================================================================================================================
  SUMMARY steps 29/29 (paired 29/29) · identity 29/29 · side 29/29 · amounts exact 23/23 + 6/6 gross · quote_inferred 1/1 · amount_basis 29/29 · 1-POOL-endpoint 29/29 · FAIL-lines 0
  PASS steps 29/29 · identity 29/29 · side 29/29 · amounts exact 23/29 + 6 gross (amount_basis=gross_leg)

sha256 sau   : d77055695a09d8830cff5d68ae64c91a0c71235638c89e826f227ed7c1aa4720
mtime  sau   : 1789487012
wallet_watch.py byte-identical sau 4 mutation in-process: True
MUTATION GATE: 4/4 RED(FAIL)→GREEN(PASS) · ALL OK
PASS steps 29/29 · identity 29/29 · side 29/29 · amounts exact 23/29 + 6 gross (amount_basis=gross_leg)

§3  TRACE=1 — bảng step T2-style (PAIR/REJECT/RANK/STEP, 269 dòng)
    verb counts: REJECT=190 · RANK=9 · PAIR=29 · STEP=29
--------------------------------------------------------------------------------
---- bảng step T2-style (PAIR/REJECT/RANK/STEP qua trace= callable) ----
## sig 4zmaV87B  (40 trace line)
REJECT (0, 1, None, None) - not_spl
REJECT (1, 1, None, None) - not_spl
REJECT (2, 1, None, None) - not_spl
REJECT (2, 2, 'DF1ow4tspfHX9JwWJsAb9epbkA8hmpSEAtxXy1V27QBH', 2) EPjFWdd5AufqSSqeM2qN1xzybapC8G4wEGGkZwyTDt1v aggregator_frame
REJECT (2, 2, 'DF1ow4tspfHX9JwWJsAb9epbkA8hmpSEAtxXy1V27QBH', 2) EPjFWdd5AufqSSqeM2qN1xzybapC8G4wEGGkZwyTDt1v aggregator_frame
REJECT (2, 2, 'DF1ow4tspfHX9JwWJsAb9epbkA8hmpSEAtxXy1V27QBH', 2) - not_spl
REJECT (2, 2, 'DF1ow4tspfHX9JwWJsAb9epbkA8hmpSEAtxXy1V27QBH', 2) - not_spl
REJECT (2, 3, 'ATokenGPvbdGVxr1b2hvZbsiqW5xWH25efTNsLJA8knL', 6) - not_spl
REJECT (2, 3, 'ATokenGPvbdGVxr1b2hvZbsiqW5xWH25efTNsLJA8knL', 6) - not_spl
REJECT (2, 3, 'ATokenGPvbdGVxr1b2hvZbsiqW5xWH25efTNsLJA8knL', 6) - not_spl
REJECT (2, 3, 'ATokenGPvbdGVxr1b2hvZbsiqW5xWH25efTNsLJA8knL', 6) - not_spl
REJECT (2, 2, 'DF1ow4tspfHX9JwWJsAb9epbkA8hmpSEAtxXy1V27QBH', 2) - not_spl
REJECT (2, 2, 'DF1ow4tspfHX9JwWJsAb9epbkA8hmpSEAtxXy1V27QBH', 2) - not_spl
REJECT (2, 2, 'DF1ow4tspfHX9JwWJsAb9epbkA8hmpSEAtxXy1V27QBH', 2) - not_spl
REJECT (2, 2, 'DF1ow4tspfHX9JwWJsAb9epbkA8hmpSEAtxXy1V27QBH', 2) - not_spl
REJECT (2, 2, 'DF1ow4tspfHX9JwWJsAb9epbkA8hmpSEAtxXy1V27QBH', 2) - not_spl
REJECT (2, 3, 'ATokenGPvbdGVxr1b2hvZbsiqW5xWH25efTNsLJA8knL', 19) - not_spl
REJECT (2, 3, 'ATokenGPvbdGVxr1b2hvZbsiqW5xWH25efTNsLJA8knL', 19) - not_spl
REJECT (2, 3, 'ATokenGPvbdGVxr1b2hvZbsiqW5xWH25efTNsLJA8knL', 19) - not_spl
REJECT (2, 3, 'ATokenGPvbdGVxr1b2hvZbsiqW5xWH25efTNsLJA8knL', 19) - not_spl
REJECT (2, 2, 'DF1ow4tspfHX9JwWJsAb9epbkA8hmpSEAtxXy1V27QBH', 2) - not_spl
REJECT (2, 3, 'pAMMBay6oceH9fJKBRHGP5D4bD4sWpmSwMn52FMfXEA', 24) - not_spl
REJECT (2, 3, 'pAMMBay6oceH9fJKBRHGP5D4bD4sWpmSwMn52FMfXEA', 24) - not_spl
REJECT (2, 3, 'pAMMBay6oceH9fJKBRHGP5D4bD4sWpmSwMn52FMfXEA', 24) - not_spl
REJECT (2, 2, 'DF1ow4tspfHX9JwWJsAb9epbkA8hmpSEAtxXy1V27QBH', 2) - not_spl
REJECT (2, 3, 'pAMMBay6oceH9fJKBRHGP5D4bD4sWpmSwMn52FMfXEA', 33) - not_spl
REJECT (2, 2, 'DF1ow4tspfHX9JwWJsAb9epbkA8hmpSEAtxXy1V27QBH', 2) - not_spl
REJECT (2, 2, 'DF1ow4tspfHX9JwWJsAb9epbkA8hmpSEAtxXy1V27QBH', 2) - not_spl
REJECT (3, 1, None, None) EPjFWdd5AufqSSqeM2qN1xzybapC8G4wEGGkZwyTDt1v plumbing
REJECT (4, 1, None, None) EPjFWdd5AufqSSqeM2qN1xzybapC8G4wEGGkZwyTDt1v plumbing
REJECT (2, 3, 'pAMMBay6oceH9fJKBRHGP5D4bD4sWpmSwMn52FMfXEA', 24) DoGEV7LASBkQbibMc5k5vKnTZoMg423GpJ5QtJEGfm7R same_mint
REJECT (2, 3, 'pAMMBay6oceH9fJKBRHGP5D4bD4sWpmSwMn52FMfXEA', 24) DoGEV7LASBkQbibMc5k5vKnTZoMg423GpJ5QtJEGfm7R same_mint
REJECT (2, 3, 'pAMMBay6oceH9fJKBRHGP5D4bD4sWpmSwMn52FMfXEA', 24) DoGEV7LASBkQbibMc5k5vKnTZoMg423GpJ5QtJEGfm7R same_mint
RANK USDC=0.0 DOGE=1.0 SNOOPDOGE=2.0
PAIR (2, 3, 'whirLbMiicVdio4qvUfM5KAg6Ct8VwpYzGff3uctyCc', 11) DOGE←USDC by=frame
PAIR (2, 3, 'CAMMCzo5YL8w4VFF8KVHrK22GGUsp5VTaW7grrKgrWqK', 15) DOGE←USDC by=frame
PAIR (2, 3, 'pAMMBay6oceH9fJKBRHGP5D4bD4sWpmSwMn52FMfXEA', 24) SNOOPDOGE←DOGE by=seq_gap
STEP 4zmaV87B | (2, 3, 'whirLbMiicVdio4qvUfM5KAg6Ct8VwpYzGff3uctyCc', 11) | YWhRVsZ1cXPgcboSJ3jCyfN2VyuVcZszNRgjf3juinm | DOGE | USDC | POOL | RELAY | BUY | 3111.70405711 | 262.833109 | gross_leg
STEP 4zmaV87B | (2, 3, 'CAMMCzo5YL8w4VFF8KVHrK22GGUsp5VTaW7grrKgrWqK', 15) | 7s9GwyhHTmszPpzYtLaUDFW3LYfuS6XCnFWrGqUk5X4n | DOGE | USDC | POOL | RELAY | BUY | 8673.39085549 | 732.746279 | gross_leg
STEP 4zmaV87B | (2, 3, 'pAMMBay6oceH9fJKBRHGP5D4bD4sWpmSwMn52FMfXEA', 24) | 7y9T8ncZz1rFQ8QphiSMMzMeBs3RbvdKMZyDQoyqXTwf | SNOOPDOGE | DOGE | POOL | WALLET | BUY | 10363786.0429 | 11436.9637796 | gross_leg
## sig 2k3KYp18  (21 trace line)
REJECT (0, 1, None, None) - not_spl
REJECT (1, 1, None, None) - not_spl
REJECT (2, 1, None, None) - not_spl
REJECT (2, 2, 'DF1ow4tspfHX9JwWJsAb9epbkA8hmpSEAtxXy1V27QBH', 2) - not_spl
REJECT (2, 3, 'pAMMBay6oceH9fJKBRHGP5D4bD4sWpmSwMn52FMfXEA', 3) - not_spl
REJECT (2, 3, 'pAMMBay6oceH9fJKBRHGP5D4bD4sWpmSwMn52FMfXEA', 3) SPCXxcqXj6e5dJDVNovHN8744zkbhM2bYudU45BimGb no_pool_endpoint
REJECT (2, 3, 'pAMMBay6oceH9fJKBRHGP5D4bD4sWpmSwMn52FMfXEA', 3) SPCXxcqXj6e5dJDVNovHN8744zkbhM2bYudU45BimGb no_pool_endpoint
REJECT (2, 3, 'pAMMBay6oceH9fJKBRHGP5D4bD4sWpmSwMn52FMfXEA', 3) SPCXxcqXj6e5dJDVNovHN8744zkbhM2bYudU45BimGb no_pool_endpoint
REJECT (2, 3, 'pAMMBay6oceH9fJKBRHGP5D4bD4sWpmSwMn52FMfXEA', 3) - not_spl
REJECT (2, 2, 'DF1ow4tspfHX9JwWJsAb9epbkA8hmpSEAtxXy1V27QBH', 2) - not_spl
REJECT (2, 2, 'DF1ow4tspfHX9JwWJsAb9epbkA8hmpSEAtxXy1V27QBH', 2) - not_spl
REJECT (2, 2, 'DF1ow4tspfHX9JwWJsAb9epbkA8hmpSEAtxXy1V27QBH', 2) - not_spl
REJECT (2, 2, 'DF1ow4tspfHX9JwWJsAb9epbkA8hmpSEAtxXy1V27QBH', 2) EPjFWdd5AufqSSqeM2qN1xzybapC8G4wEGGkZwyTDt1v aggregator_frame
REJECT (2, 2, 'DF1ow4tspfHX9JwWJsAb9epbkA8hmpSEAtxXy1V27QBH', 2) EPjFWdd5AufqSSqeM2qN1xzybapC8G4wEGGkZwyTDt1v aggregator_frame
REJECT (2, 2, 'DF1ow4tspfHX9JwWJsAb9epbkA8hmpSEAtxXy1V27QBH', 2) - not_spl
REJECT (3, 1, None, None) EPjFWdd5AufqSSqeM2qN1xzybapC8G4wEGGkZwyTDt1v plumbing
RANK USDC=0.0 SPCX=1.0 JUDE=2.0
PAIR (2, 3, 'pAMMBay6oceH9fJKBRHGP5D4bD4sWpmSwMn52FMfXEA', 3) JUDE←SPCX by=frame
PAIR (2, 3, 'ZERor4xhbUycZ6gb9ntrhqscUcZmAbQDjEAtCf4hbZY', 12) SPCX←USDC by=frame
STEP 2k3KYp18 | (2, 3, 'pAMMBay6oceH9fJKBRHGP5D4bD4sWpmSwMn52FMfXEA', 3) | SsJYbzwwR4VF185kxyGX73H8rGCHURjsvoYiZNVcfHw | JUDE | SPCX | WALLET | POOL | SELL | 9678051.40366 | 9.524479 | gross_leg
STEP 2k3KYp18 | (2, 3, 'ZERor4xhbUycZ6gb9ntrhqscUcZmAbQDjEAtCf4hbZY', 12) | FyhWbqUrp9sWzkAbQoSeJvzJ8ag3QfQsagWnQwfNeG89 | SPCX | USDC | WALLET | POOL | SELL | 9.524479 | 1415.838994 | gross_leg
## sig 3fec2kXP  (36 trace line)
REJECT (0, 1, None, None) - not_spl
REJECT (1, 1, None, None) - not_spl
REJECT (2, 1, None, None) - not_spl
REJECT (2, 2, 'ATokenGPvbdGVxr1b2hvZbsiqW5xWH25efTNsLJA8knL', 2) - not_spl
REJECT (2, 2, 'ATokenGPvbdGVxr1b2hvZbsiqW5xWH25efTNsLJA8knL', 2) - not_spl
REJECT (2, 2, 'ATokenGPvbdGVxr1b2hvZbsiqW5xWH25efTNsLJA8knL', 2) - not_spl
REJECT (2, 2, 'ATokenGPvbdGVxr1b2hvZbsiqW5xWH25efTNsLJA8knL', 2) - not_spl
REJECT (3, 1, None, None) - not_spl
REJECT (3, 2, 'ATokenGPvbdGVxr1b2hvZbsiqW5xWH25efTNsLJA8knL', 7) - not_spl
REJECT (3, 2, 'ATokenGPvbdGVxr1b2hvZbsiqW5xWH25efTNsLJA8knL', 7) - not_spl
REJECT (3, 2, 'ATokenGPvbdGVxr1b2hvZbsiqW5xWH25efTNsLJA8knL', 7) - not_spl
REJECT (3, 2, 'ATokenGPvbdGVxr1b2hvZbsiqW5xWH25efTNsLJA8knL', 7) - not_spl
REJECT (4, 1, None, None) - not_spl
REJECT (4, 2, 'JUP6LkbZbjS1jKKwapdHNy74zcZ3tLUZoi5QNyVTaV4', 12) - not_spl
REJECT (4, 3, 'SCoRcH8c2dpjvcJD6FiPbCSQyQgu3PcUAWj2Xxx3mqn', 13) - not_spl
REJECT (4, 2, 'JUP6LkbZbjS1jKKwapdHNy74zcZ3tLUZoi5QNyVTaV4', 12) - not_spl
REJECT (4, 2, 'JUP6LkbZbjS1jKKwapdHNy74zcZ3tLUZoi5QNyVTaV4', 12) - not_spl
REJECT (4, 3, 'pAMMBay6oceH9fJKBRHGP5D4bD4sWpmSwMn52FMfXEA', 18) - not_spl
REJECT (4, 3, 'pAMMBay6oceH9fJKBRHGP5D4bD4sWpmSwMn52FMfXEA', 18) - not_spl
REJECT (4, 3, 'pAMMBay6oceH9fJKBRHGP5D4bD4sWpmSwMn52FMfXEA', 18) - not_spl
REJECT (4, 3, 'pAMMBay6oceH9fJKBRHGP5D4bD4sWpmSwMn52FMfXEA', 18) - not_spl
REJECT (4, 2, 'JUP6LkbZbjS1jKKwapdHNy74zcZ3tLUZoi5QNyVTaV4', 12) - not_spl
REJECT (4, 3, 'pAMMBay6oceH9fJKBRHGP5D4bD4sWpmSwMn52FMfXEA', 28) - not_spl
REJECT (4, 2, 'JUP6LkbZbjS1jKKwapdHNy74zcZ3tLUZoi5QNyVTaV4', 12) - not_spl
REJECT (4, 2, 'JUP6LkbZbjS1jKKwapdHNy74zcZ3tLUZoi5QNyVTaV4', 12) - not_spl
REJECT (4, 2, 'JUP6LkbZbjS1jKKwapdHNy74zcZ3tLUZoi5QNyVTaV4', 12) EPjFWdd5AufqSSqeM2qN1xzybapC8G4wEGGkZwyTDt1v aggregator_frame
REJECT (5, 1, None, None) EPjFWdd5AufqSSqeM2qN1xzybapC8G4wEGGkZwyTDt1v plumbing
REJECT (6, 1, None, None) EPjFWdd5AufqSSqeM2qN1xzybapC8G4wEGGkZwyTDt1v plumbing
REJECT (4, 3, 'pAMMBay6oceH9fJKBRHGP5D4bD4sWpmSwMn52FMfXEA', 18) SPCXxcqXj6e5dJDVNovHN8744zkbhM2bYudU45BimGb same_mint
REJECT (4, 3, 'pAMMBay6oceH9fJKBRHGP5D4bD4sWpmSwMn52FMfXEA', 18) SPCXxcqXj6e5dJDVNovHN8744zkbhM2bYudU45BimGb same_mint
REJECT (4, 3, 'pAMMBay6oceH9fJKBRHGP5D4bD4sWpmSwMn52FMfXEA', 18) SPCXxcqXj6e5dJDVNovHN8744zkbhM2bYudU45BimGb same_mint
RANK USDC=0.0 SPCX=1.0 JUDE=2.0
PAIR (4, 3, 'SCoRcH8c2dpjvcJD6FiPbCSQyQgu3PcUAWj2Xxx3mqn', 13) SPCX←USDC by=frame
PAIR (4, 3, 'pAMMBay6oceH9fJKBRHGP5D4bD4sWpmSwMn52FMfXEA', 18) JUDE←SPCX by=seq_gap
STEP 3fec2kXP | (4, 3, 'SCoRcH8c2dpjvcJD6FiPbCSQyQgu3PcUAWj2Xxx3mqn', 13) | EHcege7dok1iYs7SxL2XzDPvhg6XzMVcx2V5SkMUurJP | SPCX | USDC | POOL | WALLET | BUY | 16.7186 | 2488.948469 | gross_leg
STEP 3fec2kXP | (4, 3, 'pAMMBay6oceH9fJKBRHGP5D4bD4sWpmSwMn52FMfXEA', 18) | SsJYbzwwR4VF185kxyGX73H8rGCHURjsvoYiZNVcfHw | JUDE | SPCX | POOL | WALLET | BUY | 9678051.40366 | 16.224732 | gross_leg
## sig 58pWphuG  (36 trace line)
REJECT (0, 1, None, None) - not_spl
REJECT (1, 1, None, None) - not_spl
REJECT (2, 1, None, None) - not_spl
REJECT (3, 1, None, None) - not_spl
REJECT (4, 1, None, None) - not_spl
REJECT (5, 1, None, None) - not_spl
REJECT (5, 2, 'proVF4pMXVaYqmy4NjniPh4pqKNfMmsihgd4wdkCX3u', 5) 8LstZpZuR9Dy7JCZC3YwPEWtbYhuDVFAYV37r6ZAcuHz no_pool_endpoint
REJECT (5, 2, 'proVF4pMXVaYqmy4NjniPh4pqKNfMmsihgd4wdkCX3u', 5) - not_spl
REJECT (5, 2, 'proVF4pMXVaYqmy4NjniPh4pqKNfMmsihgd4wdkCX3u', 5) - not_spl
REJECT (5, 2, 'proVF4pMXVaYqmy4NjniPh4pqKNfMmsihgd4wdkCX3u', 5) - not_spl
REJECT (5, 3, 'LBUZKhRxPF3XUpBCjp4YzTKgLccjZhTSDM9YuVaPwxo', 11) - not_spl
REJECT (5, 3, 'LBUZKhRxPF3XUpBCjp4YzTKgLccjZhTSDM9YuVaPwxo', 11) - not_spl
REJECT (5, 2, 'proVF4pMXVaYqmy4NjniPh4pqKNfMmsihgd4wdkCX3u', 5) - not_spl
REJECT (5, 2, 'proVF4pMXVaYqmy4NjniPh4pqKNfMmsihgd4wdkCX3u', 5) - not_spl
REJECT (5, 2, 'proVF4pMXVaYqmy4NjniPh4pqKNfMmsihgd4wdkCX3u', 5) - not_spl
REJECT (5, 2, 'proVF4pMXVaYqmy4NjniPh4pqKNfMmsihgd4wdkCX3u', 5) - not_spl
REJECT (5, 3, 'LBUZKhRxPF3XUpBCjp4YzTKgLccjZhTSDM9YuVaPwxo', 21) - not_spl
REJECT (5, 3, 'LBUZKhRxPF3XUpBCjp4YzTKgLccjZhTSDM9YuVaPwxo', 21) - not_spl
REJECT (5, 2, 'proVF4pMXVaYqmy4NjniPh4pqKNfMmsihgd4wdkCX3u', 5) - not_spl
REJECT (5, 2, 'proVF4pMXVaYqmy4NjniPh4pqKNfMmsihgd4wdkCX3u', 5) - not_spl
REJECT (5, 2, 'proVF4pMXVaYqmy4NjniPh4pqKNfMmsihgd4wdkCX3u', 5) - not_spl
REJECT (5, 2, 'proVF4pMXVaYqmy4NjniPh4pqKNfMmsihgd4wdkCX3u', 5) EPjFWdd5AufqSSqeM2qN1xzybapC8G4wEGGkZwyTDt1v no_pool_endpoint
REJECT (5, 2, 'proVF4pMXVaYqmy4NjniPh4pqKNfMmsihgd4wdkCX3u', 5) - not_spl
REJECT (6, 1, None, None) EPjFWdd5AufqSSqeM2qN1xzybapC8G4wEGGkZwyTDt1v plumbing
REJECT (5, 2, 'proVF4pMXVaYqmy4NjniPh4pqKNfMmsihgd4wdkCX3u', 5) EPjFWdd5AufqSSqeM2qN1xzybapC8G4wEGGkZwyTDt1v same_mint
REJECT (5, 3, 'QuaNtZsgYRe5Z9Bk4LZ4cTD9tbkVoyCNf1R2BN9bBDv', 27) So11111111111111111111111111111111111111112 major_pair
REJECT (5, 3, 'QuaNtZsgYRe5Z9Bk4LZ4cTD9tbkVoyCNf1R2BN9bBDv', 27) EPjFWdd5AufqSSqeM2qN1xzybapC8G4wEGGkZwyTDt1v major_pair
RANK USDC=0.0 WSOL=0.0 OS=1.0 CARDS=1.0
PAIR (5, 3, 'CAMMCzo5YL8w4VFF8KVHrK22GGUsp5VTaW7grrKgrWqK', 7) OS←CARDS by=frame
PAIR (5, 3, 'LBUZKhRxPF3XUpBCjp4YzTKgLccjZhTSDM9YuVaPwxo', 11) OS←WSOL by=frame
PAIR (5, 3, 'CAMMCzo5YL8w4VFF8KVHrK22GGUsp5VTaW7grrKgrWqK', 17) CARDS←USDC by=frame
PAIR (5, 3, 'LBUZKhRxPF3XUpBCjp4YzTKgLccjZhTSDM9YuVaPwxo', 21) CARDS←USDC by=frame
STEP 58pWphuG | (5, 3, 'CAMMCzo5YL8w4VFF8KVHrK22GGUsp5VTaW7grrKgrWqK', 7) | 5dYsxy1hJ8DxejsfHJR9wyRsuLHw6wCLKk7idc1kszUn | OS | CARDS | RELAY | POOL | SELL | 11033477.2484 | 26699.547315 | gross_leg
STEP 58pWphuG | (5, 3, 'LBUZKhRxPF3XUpBCjp4YzTKgLccjZhTSDM9YuVaPwxo', 11) | 4L3ypsd1AHeBynRx9mQUb6XxL5ViipdEHaXVpoejzJ9D | OS | WSOL | RELAY | POOL | SELL | 1947084.22031 | 5.848984792 | gross_leg
STEP 58pWphuG | (5, 3, 'CAMMCzo5YL8w4VFF8KVHrK22GGUsp5VTaW7grrKgrWqK', 17) | HnhpJPJgBG2KwniMTNW8cVBHvk1hFog3RC3kjnyc23tD | CARDS | USDC | RELAY | POOL | SELL | 20291.655959 | 2609.254878 | gross_leg
STEP 58pWphuG | (5, 3, 'LBUZKhRxPF3XUpBCjp4YzTKgLccjZhTSDM9YuVaPwxo', 21) | 2N1KNuLSt167P6p9P8HYcisTvTTv4vYTM8QJBbtv1xYU | CARDS | USDC | RELAY | POOL | SELL | 6407.891356 | 824.225653 | gross_leg
## sig 3nzGD2WV  (25 trace line)
REJECT (0, 1, None, None) - not_spl
REJECT (1, 1, None, None) - not_spl
REJECT (2, 1, None, None) - not_spl
REJECT (3, 1, None, None) - not_spl
REJECT (3, 2, 'JUP6LkbZbjS1jKKwapdHNy74zcZ3tLUZoi5QNyVTaV4', 3) EPjFWdd5AufqSSqeM2qN1xzybapC8G4wEGGkZwyTDt1v aggregator_frame
REJECT (3, 2, 'JUP6LkbZbjS1jKKwapdHNy74zcZ3tLUZoi5QNyVTaV4', 3) - not_spl
REJECT (3, 3, 'LBUZKhRxPF3XUpBCjp4YzTKgLccjZhTSDM9YuVaPwxo', 5) - not_spl
REJECT (3, 3, 'LBUZKhRxPF3XUpBCjp4YzTKgLccjZhTSDM9YuVaPwxo', 5) - not_spl
REJECT (3, 2, 'JUP6LkbZbjS1jKKwapdHNy74zcZ3tLUZoi5QNyVTaV4', 3) - not_spl
REJECT (3, 2, 'JUP6LkbZbjS1jKKwapdHNy74zcZ3tLUZoi5QNyVTaV4', 3) - not_spl
REJECT (3, 2, 'JUP6LkbZbjS1jKKwapdHNy74zcZ3tLUZoi5QNyVTaV4', 3) - not_spl
REJECT (3, 2, 'JUP6LkbZbjS1jKKwapdHNy74zcZ3tLUZoi5QNyVTaV4', 3) - not_spl
REJECT (3, 2, 'JUP6LkbZbjS1jKKwapdHNy74zcZ3tLUZoi5QNyVTaV4', 3) EPjFWdd5AufqSSqeM2qN1xzybapC8G4wEGGkZwyTDt1v aggregator_frame
REJECT (3, 2, 'JUP6LkbZbjS1jKKwapdHNy74zcZ3tLUZoi5QNyVTaV4', 3) 8LstZpZuR9Dy7JCZC3YwPEWtbYhuDVFAYV37r6ZAcuHz aggregator_frame
REJECT (4, 1, None, None) EPjFWdd5AufqSSqeM2qN1xzybapC8G4wEGGkZwyTDt1v plumbing
REJECT (5, 1, None, None) EPjFWdd5AufqSSqeM2qN1xzybapC8G4wEGGkZwyTDt1v plumbing
RANK USDC=0.0 CARDS=1.0 OS=2.0
PAIR (3, 3, 'LBUZKhRxPF3XUpBCjp4YzTKgLccjZhTSDM9YuVaPwxo', 5) CARDS←USDC by=frame
PAIR (3, 3, 'CAMMCzo5YL8w4VFF8KVHrK22GGUsp5VTaW7grrKgrWqK', 10) CARDS←USDC by=frame
PAIR (3, 3, 'CAMMCzo5YL8w4VFF8KVHrK22GGUsp5VTaW7grrKgrWqK', 13) CARDS←USDC by=frame
PAIR (3, 3, 'CAMMCzo5YL8w4VFF8KVHrK22GGUsp5VTaW7grrKgrWqK', 16) OS←CARDS by=frame
STEP 3nzGD2WV | (3, 3, 'LBUZKhRxPF3XUpBCjp4YzTKgLccjZhTSDM9YuVaPwxo', 5) | 2N1KNuLSt167P6p9P8HYcisTvTTv4vYTM8QJBbtv1xYU | CARDS | USDC | POOL | RELAY | BUY | 3476.641901 | 450.798346 | gross_leg
STEP 3nzGD2WV | (3, 3, 'CAMMCzo5YL8w4VFF8KVHrK22GGUsp5VTaW7grrKgrWqK', 10) | F3DAAusn8mob9swWaX4ehaRrhi2Q3XJScKkuUpXdvn2i | CARDS | USDC | POOL | RELAY | BUY | 1162.468777 | 150.332487 | gross_leg
STEP 3nzGD2WV | (3, 3, 'CAMMCzo5YL8w4VFF8KVHrK22GGUsp5VTaW7grrKgrWqK', 13) | HnhpJPJgBG2KwniMTNW8cVBHvk1hFog3RC3kjnyc23tD | CARDS | USDC | POOL | RELAY | BUY | 3033.796563 | 394.448555 | gross_leg
STEP 3nzGD2WV | (3, 3, 'CAMMCzo5YL8w4VFF8KVHrK22GGUsp5VTaW7grrKgrWqK', 16) | 5dYsxy1hJ8DxejsfHJR9wyRsuLHw6wCLKk7idc1kszUn | OS | CARDS | POOL | RELAY | BUY | 2392197.67871 | 7672.907241 | gross_leg
## sig 3BbWVS3K  (29 trace line)
REJECT (0, 1, None, None) - not_spl
REJECT (1, 1, None, None) - not_spl
REJECT (2, 1, None, None) - not_spl
REJECT (2, 2, 'ATokenGPvbdGVxr1b2hvZbsiqW5xWH25efTNsLJA8knL', 2) - not_spl
REJECT (2, 2, 'ATokenGPvbdGVxr1b2hvZbsiqW5xWH25efTNsLJA8knL', 2) - not_spl
REJECT (2, 2, 'ATokenGPvbdGVxr1b2hvZbsiqW5xWH25efTNsLJA8knL', 2) - not_spl
REJECT (2, 2, 'ATokenGPvbdGVxr1b2hvZbsiqW5xWH25efTNsLJA8knL', 2) - not_spl
REJECT (3, 1, None, None) - not_spl
REJECT (3, 2, 'JUP6LkbZbjS1jKKwapdHNy74zcZ3tLUZoi5QNyVTaV4', 7) EPjFWdd5AufqSSqeM2qN1xzybapC8G4wEGGkZwyTDt1v aggregator_frame
REJECT (3, 2, 'JUP6LkbZbjS1jKKwapdHNy74zcZ3tLUZoi5QNyVTaV4', 7) - not_spl
REJECT (3, 3, 'LBUZKhRxPF3XUpBCjp4YzTKgLccjZhTSDM9YuVaPwxo', 9) - not_spl
REJECT (3, 3, 'LBUZKhRxPF3XUpBCjp4YzTKgLccjZhTSDM9YuVaPwxo', 9) - not_spl
REJECT (3, 2, 'JUP6LkbZbjS1jKKwapdHNy74zcZ3tLUZoi5QNyVTaV4', 7) - not_spl
REJECT (3, 2, 'JUP6LkbZbjS1jKKwapdHNy74zcZ3tLUZoi5QNyVTaV4', 7) - not_spl
REJECT (3, 2, 'JUP6LkbZbjS1jKKwapdHNy74zcZ3tLUZoi5QNyVTaV4', 7) - not_spl
REJECT (3, 2, 'JUP6LkbZbjS1jKKwapdHNy74zcZ3tLUZoi5QNyVTaV4', 7) - not_spl
REJECT (3, 2, 'JUP6LkbZbjS1jKKwapdHNy74zcZ3tLUZoi5QNyVTaV4', 7) EPjFWdd5AufqSSqeM2qN1xzybapC8G4wEGGkZwyTDt1v aggregator_frame
REJECT (3, 2, 'JUP6LkbZbjS1jKKwapdHNy74zcZ3tLUZoi5QNyVTaV4', 7) 8LstZpZuR9Dy7JCZC3YwPEWtbYhuDVFAYV37r6ZAcuHz aggregator_frame
REJECT (4, 1, None, None) EPjFWdd5AufqSSqeM2qN1xzybapC8G4wEGGkZwyTDt1v plumbing
REJECT (5, 1, None, None) EPjFWdd5AufqSSqeM2qN1xzybapC8G4wEGGkZwyTDt1v plumbing
RANK USDC=0.0 CARDS=1.0 OS=2.0
PAIR (3, 3, 'LBUZKhRxPF3XUpBCjp4YzTKgLccjZhTSDM9YuVaPwxo', 9) CARDS←USDC by=frame
PAIR (3, 3, 'CAMMCzo5YL8w4VFF8KVHrK22GGUsp5VTaW7grrKgrWqK', 14) CARDS←USDC by=frame
PAIR (3, 3, 'CAMMCzo5YL8w4VFF8KVHrK22GGUsp5VTaW7grrKgrWqK', 17) CARDS←USDC by=frame
PAIR (3, 3, 'CAMMCzo5YL8w4VFF8KVHrK22GGUsp5VTaW7grrKgrWqK', 20) OS←CARDS by=frame
STEP 3BbWVS3K | (3, 3, 'LBUZKhRxPF3XUpBCjp4YzTKgLccjZhTSDM9YuVaPwxo', 9) | 2N1KNuLSt167P6p9P8HYcisTvTTv4vYTM8QJBbtv1xYU | CARDS | USDC | POOL | RELAY | BUY | 1184.394609 | 151.328066 | gross_leg
STEP 3BbWVS3K | (3, 3, 'CAMMCzo5YL8w4VFF8KVHrK22GGUsp5VTaW7grrKgrWqK', 14) | HnhpJPJgBG2KwniMTNW8cVBHvk1hFog3RC3kjnyc23tD | CARDS | USDC | POOL | RELAY | BUY | 36772.236971 | 4703.117027 | gross_leg
STEP 3BbWVS3K | (3, 3, 'CAMMCzo5YL8w4VFF8KVHrK22GGUsp5VTaW7grrKgrWqK', 17) | F3DAAusn8mob9swWaX4ehaRrhi2Q3XJScKkuUpXdvn2i | CARDS | USDC | POOL | RELAY | BUY | 964.657141 | 123.451845 | gross_leg
STEP 3BbWVS3K | (3, 3, 'CAMMCzo5YL8w4VFF8KVHrK22GGUsp5VTaW7grrKgrWqK', 20) | 5dYsxy1hJ8DxejsfHJR9wyRsuLHw6wCLKk7idc1kszUn | OS | CARDS | POOL | RELAY | BUY | 10588363.7901 | 38921.288721 | gross_leg
## sig 5XLTG1WX  (20 trace line)
REJECT (0, 1, None, None) - not_spl
REJECT (1, 1, None, None) - not_spl
REJECT (2, 1, None, None) - not_spl
REJECT (3, 1, None, None) - not_spl
REJECT (4, 1, None, None) - not_spl
REJECT (4, 2, 'proVF4pMXVaYqmy4NjniPh4pqKNfMmsihgd4wdkCX3u', 4) - not_spl
REJECT (4, 2, 'proVF4pMXVaYqmy4NjniPh4pqKNfMmsihgd4wdkCX3u', 4) - not_spl
REJECT (4, 2, 'proVF4pMXVaYqmy4NjniPh4pqKNfMmsihgd4wdkCX3u', 4) - not_spl
REJECT (4, 3, 'LBUZKhRxPF3XUpBCjp4YzTKgLccjZhTSDM9YuVaPwxo', 9) - not_spl
REJECT (4, 3, 'LBUZKhRxPF3XUpBCjp4YzTKgLccjZhTSDM9YuVaPwxo', 9) - not_spl
REJECT (4, 2, 'proVF4pMXVaYqmy4NjniPh4pqKNfMmsihgd4wdkCX3u', 4) - not_spl
REJECT (4, 2, 'proVF4pMXVaYqmy4NjniPh4pqKNfMmsihgd4wdkCX3u', 4) EPjFWdd5AufqSSqeM2qN1xzybapC8G4wEGGkZwyTDt1v no_pool_endpoint
REJECT (4, 2, 'proVF4pMXVaYqmy4NjniPh4pqKNfMmsihgd4wdkCX3u', 4) - not_spl
REJECT (5, 1, None, None) EPjFWdd5AufqSSqeM2qN1xzybapC8G4wEGGkZwyTDt1v plumbing
REJECT (4, 2, 'proVF4pMXVaYqmy4NjniPh4pqKNfMmsihgd4wdkCX3u', 4) EPjFWdd5AufqSSqeM2qN1xzybapC8G4wEGGkZwyTDt1v same_mint
RANK USDC=0.0 ORE=1.0 STEVE=2.0
PAIR (4, 3, 'CPMMoo8L3F4NbTegBCKVNunggL7H1ZpdTHKxQB5qKP1C', 5) STEVE←ORE by=frame
PAIR (4, 3, 'LBUZKhRxPF3XUpBCjp4YzTKgLccjZhTSDM9YuVaPwxo', 9) ORE←USDC by=frame
STEP 5XLTG1WX | (4, 3, 'CPMMoo8L3F4NbTegBCKVNunggL7H1ZpdTHKxQB5qKP1C', 5) | GpMZbSM2GgvTKHJirzeGfMFoaZ8UR2X7F4v8vHTvxFbL | STEVE | ORE | WALLET | POOL | SELL | 20395086.1585 | 9.5460692188 | gross_leg
STEP 5XLTG1WX | (4, 3, 'LBUZKhRxPF3XUpBCjp4YzTKgLccjZhTSDM9YuVaPwxo', 9) | C7hF6MvQwErhsf1KrFvnKzdArb9PsofFiwZdipo9c7cz | ORE | USDC | RELAY | POOL | SELL | 9.5460692188 | 726.96198 | gross_leg
## sig 33hqSn4Q  (26 trace line)
REJECT (0, 1, None, None) - not_spl
REJECT (1, 1, None, None) - not_spl
REJECT (2, 1, None, None) - not_spl
REJECT (3, 1, None, None) - not_spl
REJECT (3, 2, 'JUP6LkbZbjS1jKKwapdHNy74zcZ3tLUZoi5QNyVTaV4', 3) - not_spl
REJECT (3, 3, 'LBUZKhRxPF3XUpBCjp4YzTKgLccjZhTSDM9YuVaPwxo', 4) - not_spl
REJECT (3, 3, 'LBUZKhRxPF3XUpBCjp4YzTKgLccjZhTSDM9YuVaPwxo', 4) - not_spl
REJECT (3, 2, 'JUP6LkbZbjS1jKKwapdHNy74zcZ3tLUZoi5QNyVTaV4', 3) - not_spl
REJECT (3, 2, 'JUP6LkbZbjS1jKKwapdHNy74zcZ3tLUZoi5QNyVTaV4', 3) - not_spl
REJECT (3, 2, 'JUP6LkbZbjS1jKKwapdHNy74zcZ3tLUZoi5QNyVTaV4', 3) - not_spl
REJECT (3, 2, 'JUP6LkbZbjS1jKKwapdHNy74zcZ3tLUZoi5QNyVTaV4', 3) - not_spl
REJECT (3, 2, 'JUP6LkbZbjS1jKKwapdHNy74zcZ3tLUZoi5QNyVTaV4', 3) - not_spl
REJECT (3, 2, 'JUP6LkbZbjS1jKKwapdHNy74zcZ3tLUZoi5QNyVTaV4', 3) EPjFWdd5AufqSSqeM2qN1xzybapC8G4wEGGkZwyTDt1v aggregator_frame
REJECT (3, 2, 'JUP6LkbZbjS1jKKwapdHNy74zcZ3tLUZoi5QNyVTaV4', 3) EPjFWdd5AufqSSqeM2qN1xzybapC8G4wEGGkZwyTDt1v aggregator_frame
REJECT (4, 1, None, None) EPjFWdd5AufqSSqeM2qN1xzybapC8G4wEGGkZwyTDt1v plumbing
REJECT (3, 3, 'BiSoNHVpsVZW2F7rx2eQ59yQwKxzU5NvBcmKshCSUypi', 9) So11111111111111111111111111111111111111112 major_pair
REJECT (3, 3, 'BiSoNHVpsVZW2F7rx2eQ59yQwKxzU5NvBcmKshCSUypi', 9) EPjFWdd5AufqSSqeM2qN1xzybapC8G4wEGGkZwyTDt1v major_pair
RANK USDC=0.0 WSOL=0.0 WBTC=0.5 XBT=1.0 cbBTC=1.0
PAIR (3, 3, 'LBUZKhRxPF3XUpBCjp4YzTKgLccjZhTSDM9YuVaPwxo', 4) XBT←WSOL by=frame
PAIR (3, 3, 'CPMMoo8L3F4NbTegBCKVNunggL7H1ZpdTHKxQB5qKP1C', 12) XBT←WBTC by=frame
PAIR (3, 3, 'ALPHAQmeA7bjrVuccPsYPiCvsi428SNwte66Srvs4pHA', 15) cbBTC←WBTC by=frame
PAIR (3, 3, 'whirLbMiicVdio4qvUfM5KAg6Ct8VwpYzGff3uctyCc', 18) cbBTC←USDC by=frame
STEP 33hqSn4Q | (3, 3, 'LBUZKhRxPF3XUpBCjp4YzTKgLccjZhTSDM9YuVaPwxo', 4) | 2xujW8K8ZQiSpVo5mnxxeyjSJwRu56NM5gbr13j9TAxn | XBT | WSOL | WALLET | POOL | SELL | 102766.565214 | 2.006944216 | gross_leg
STEP 33hqSn4Q | (3, 3, 'CPMMoo8L3F4NbTegBCKVNunggL7H1ZpdTHKxQB5qKP1C', 12) | GpMZbSM2GgvTKHJirzeGfMFoaZ8UR2X7F4v8vHTvxFbL | XBT | WBTC | WALLET | POOL | SELL | 638160.364952 | 0.01656677 | gross_leg
STEP 33hqSn4Q | (3, 3, 'ALPHAQmeA7bjrVuccPsYPiCvsi428SNwte66Srvs4pHA', 15) | 5e7YKtneHhm9Q86fBsVjwAmiu5sDNu67pu1Hy4N5TwNF | cbBTC | WBTC | POOL | RELAY | BUY | 0.01657105 | 0.01656677 | gross_leg
STEP 33hqSn4Q | (3, 3, 'whirLbMiicVdio4qvUfM5KAg6Ct8VwpYzGff3uctyCc', 18) | HxA6SKW5qA4o12fjVgTpXdq2YnZ5Zv1s7SB4FFomsyLM | cbBTC | USDC | RELAY | POOL | SELL | 0.01657105 | 1286.802742 | gross_leg
## sig 3pkGZDK1  (24 trace line)
REJECT (0, 1, None, None) - not_spl
REJECT (1, 1, None, None) - not_spl
REJECT (2, 1, None, None) - not_spl
REJECT (2, 2, 'DF1ow4tspfHX9JwWJsAb9epbkA8hmpSEAtxXy1V27QBH', 2) - not_spl
REJECT (2, 2, 'DF1ow4tspfHX9JwWJsAb9epbkA8hmpSEAtxXy1V27QBH', 2) - not_spl
REJECT (2, 2, 'DF1ow4tspfHX9JwWJsAb9epbkA8hmpSEAtxXy1V27QBH', 2) - not_spl
REJECT (2, 2, 'DF1ow4tspfHX9JwWJsAb9epbkA8hmpSEAtxXy1V27QBH', 2) - not_spl
REJECT (2, 2, 'DF1ow4tspfHX9JwWJsAb9epbkA8hmpSEAtxXy1V27QBH', 2) - not_spl
REJECT (2, 2, 'DF1ow4tspfHX9JwWJsAb9epbkA8hmpSEAtxXy1V27QBH', 2) - not_spl
REJECT (2, 2, 'DF1ow4tspfHX9JwWJsAb9epbkA8hmpSEAtxXy1V27QBH', 2) - not_spl
REJECT (2, 2, 'DF1ow4tspfHX9JwWJsAb9epbkA8hmpSEAtxXy1V27QBH', 2) - not_spl
REJECT (2, 2, 'DF1ow4tspfHX9JwWJsAb9epbkA8hmpSEAtxXy1V27QBH', 2) EPjFWdd5AufqSSqeM2qN1xzybapC8G4wEGGkZwyTDt1v aggregator_frame
REJECT (2, 2, 'DF1ow4tspfHX9JwWJsAb9epbkA8hmpSEAtxXy1V27QBH', 2) EPjFWdd5AufqSSqeM2qN1xzybapC8G4wEGGkZwyTDt1v aggregator_frame
REJECT (2, 2, 'DF1ow4tspfHX9JwWJsAb9epbkA8hmpSEAtxXy1V27QBH', 2) - not_spl
REJECT (3, 1, None, None) EPjFWdd5AufqSSqeM2qN1xzybapC8G4wEGGkZwyTDt1v plumbing
RANK USDC=0.0 WBTC=0.5 cbBTC=1.0 XBT=1.5
PAIR (2, 3, 'CPMMoo8L3F4NbTegBCKVNunggL7H1ZpdTHKxQB5qKP1C', 3) XBT←WBTC by=frame
PAIR (2, 3, 'ALPHAQmeA7bjrVuccPsYPiCvsi428SNwte66Srvs4pHA', 7) cbBTC←WBTC by=frame
PAIR (2, 3, 'MNFSTqtC93rEfYHB6hF82sKdZpUDFWkViLByLd1k1Ms', 11) cbBTC←WBTC by=frame
PAIR (2, 3, 'BiSoNHVpsVZW2F7rx2eQ59yQwKxzU5NvBcmKshCSUypi', 15) cbBTC←USDC by=frame
STEP 3pkGZDK1 | (2, 3, 'CPMMoo8L3F4NbTegBCKVNunggL7H1ZpdTHKxQB5qKP1C', 3) | GpMZbSM2GgvTKHJirzeGfMFoaZ8UR2X7F4v8vHTvxFbL | XBT | WBTC | WALLET | POOL | SELL | 740926.930166 | 0.0200651 | gross_leg
STEP 3pkGZDK1 | (2, 3, 'ALPHAQmeA7bjrVuccPsYPiCvsi428SNwte66Srvs4pHA', 7) | 5e7YKtneHhm9Q86fBsVjwAmiu5sDNu67pu1Hy4N5TwNF | cbBTC | WBTC | POOL | WALLET | BUY | 0.0172121 | 0.0172075 | gross_leg
STEP 3pkGZDK1 | (2, 3, 'MNFSTqtC93rEfYHB6hF82sKdZpUDFWkViLByLd1k1Ms', 11) | DUJ6GqqnusjP4ajzbDUx2veRkeXfNVnjh5vAQ1P5fuix | cbBTC | WBTC | POOL | WALLET | BUY | 0.0028584 | 0.0028576 | gross_leg
STEP 3pkGZDK1 | (2, 3, 'BiSoNHVpsVZW2F7rx2eQ59yQwKxzU5NvBcmKshCSUypi', 15) | 2vPjbPRnz7V1SLGr56CmLLc7JspzfSfccWp3Th5KbrMJ | cbBTC | USDC | WALLET | POOL | SELL | 0.0200705 | 1559.565691 | gross_leg

PASS steps 29/29 · identity 29/29 · side 29/29 · amounts exact 23/29 + 6 gross (amount_basis=gross_leg)

§4  DETERMINISM — stdout 2 lần chạy độc lập, so byte
--------------------------------------------------------------------------------
  run#3 exit=0
  cmp run#1 run#3 : identical (0 byte khác)
  cmp run#1 run#2 : identical (0 byte khác)
  ⇒ 3/3 lần chạy cho stdout byte-identical ⇒ DETERMINISTIC
  stdout KHÔNG có timestamp / wall-clock / pid / đường dẫn tạm (grep -cE '[0-9]{2}:[0-9]{2}:[0-9]{2}' = 0)
  wall time ghi ra STDERR (không phá diff stdout):
    timing: baseline gate wall 0.07s
    timing: mutation 1 wall 0.01s
    timing: mutation 2 wall 0.02s
    timing: mutation 3 wall 0.01s
    timing: mutation 4 wall 0.01s
    timing: revert gate wall 0.01s
    timing: total wall 0.12s

§5  NETWORK ABSENCE — gate chạy 100% offline, không fetch
--------------------------------------------------------------------------------
  import tầng cao nhất của file test (chỉ stdlib, KHÔNG có requests/urllib/httpx/aiohttp):
    28:from __future__ import annotations
    30:import copy
    31:import hashlib
    32:import importlib.util
    33:import inspect
    34:import json
    35:import os
    36:import socket
    37:import sys
    38:import textwrap
    39:import time
    40:from collections import Counter
    41:from typing import Any
  grep -E 'https?://' scripts/test_gmgn_api_parity.py  → 0 match (không có host/endpoint GMGN hay RPC nào trong file)
  'gmgn' xuất hiện 11 lần — toàn bộ là tên fixture / tham chiếu plan §, không phải URL:
    2:"""T8 — gate parity 29/29 row GMGN, OFFLINE + hermetic (plan §T8, §2.2-§2.5, §5.6).
    5:    python3 scripts/test_gmgn_api_parity.py           # gate + malformed probes + 4 mutation Red→Green
    6:    TRACE=1 python3 scripts/test_gmgn_api_parity.py   # thêm bảng PAIR/REJECT/RANK/STEP (T2-style)
    46:ROWS_FILE = os.path.join(FIX, "gmgn_rows_fixture.json")
    48:    "gmgn_rows_fixture.json",
    359:    ĐO ĐƯỢC (9/9 sig): GMGN list step theo thứ tự ĐẢO NGƯỢC thực thi, còn
    647:    """Evidence thứ tự: GMGN list step ĐẢO NGƯỢC thứ tự thực thi (đo 9/9 sig)."""
    652:        "  ⇒ GMGN xếp row NGƯỢC thứ tự thực thi; detect_swaps sort theo min(seq) = thứ tự "
    830:        "== T8 GMGN row-parity gate — OFFLINE, hermetic "
    831:        "(.omo/plans/gmgn-parity-fixes.md §T8) ==",
    847:        "(§2.2 — row GMGN `token` KHÔNG có field decimals, chỉ quote_token có)",
  kill-switch HÀNH VI (không dựa vào 'không có URL' mà dựa vào chặn tại socket):
    
    def block_network(ww) -> None:
        """Chặn cứng network: http_json/rpc raise nếu được gọi, socket.socket raise."""
    
        def no_http(*a, **k):
            raise AssertionError(
                f"NETWORK CALL from parity gate (hermetic violated): {a!r}"
            )
    
        def no_socket(*a, **k):
            raise AssertionError("NETWORK SOCKET from parity gate (hermetic violated)")
    
        ww.http_json, ww.rpc = no_http, no_http
        socket.socket = no_socket
    
    
  ⇒ ww.http_json / ww.rpc = raise RuntimeError; socket.socket = raise ⇒ mọi đường network đều nổ nếu detector cố gọi
  bằng chứng chạy được: baseline pass mà KHÔNG có network (kill-switch active), seed _info_MISS=0

§6  TÍNH TOÀN VẸN SUT — scripts/wallet_watch.py byte-identical sau 4 mutation in-process
--------------------------------------------------------------------------------
  chạy trong gate: 5:  sha256 trước : d77055695a09d8830cff5d68ae64c91a0c71235638c89e826f227ed7c1aa4720
  chạy trong gate: 6:  mtime  trước : 1789487012
  chạy trong gate: 149:sha256 sau   : d77055695a09d8830cff5d68ae64c91a0c71235638c89e826f227ed7c1aa4720
  chạy trong gate: 150:mtime  sau   : 1789487012
  chạy trong gate: 151:wallet_watch.py byte-identical sau 4 mutation in-process: True
  kiểm lại độc lập sau gate: sha256 d77055695a09d8830cff5d68ae64c91a0c71235638c89e826f227ed7c1aa4720 mtime 1789487012
  recorded trước khi bắt đầu T8 (/tmp/sha_before.txt): d77055695a09d8830cff5d68ae64c91a0c71235638c89e826f227ed7c1aa4720  scripts/wallet_watch.py
1789487012 scripts/wallet_watch.py
  mutation áp bằng inspect.getsource + str.replace + exec(..., ww.__dict__) ⇒ CHỈ trong bộ nhớ tiến trình;
  revert = load module fresh từ disk (không revert bán phần, không ghi file).

§7  MUTATION GATE — 4/4 RED(FAIL) → GREEN(PASS) (bắt buộc §T8)
--------------------------------------------------------------------------------
  MUTATION 1 — 1_TIER_A_WBTC
       kỳ vọng : gate FAIL — identity FAIL ở các row WBTC
       kết quả : 1 FAIL line ⇒ RED OK
       SUMMARY : FAIL-lines 1
  MUTATION 2 — 2_no_single_POOL
       kỳ vọng : gate FAIL — thừa event và/hoặc side FAIL ở 33hqSn4Q
       kết quả : 12 FAIL line ⇒ RED OK
       SUMMARY : FAIL-lines 12
  MUTATION 3 — 3_wallet_flow_side
       kỳ vọng : gate FAIL — FAIL ≥ 11 row (rule ví-only đo được 18/29)
       kết quả : 19 FAIL line ⇒ RED OK
       SUMMARY : FAIL-lines 19
  MUTATION 4 — 4_delta_balance_amount
       kỳ vọng : gate FAIL — FAIL ở 33hqSn4Q sell XBT ← WBTC 638160.364952 (delta vault 99683.5682570003 / 619015.5540030003)
       kết quả : 4 FAIL line ⇒ RED OK
       SUMMARY : FAIL-lines 4
  MUTATION GATE line in run : MUTATION GATE: 4/4 RED(FAIL)→GREEN(PASS) · ALL OK
  REVERT gate line in run   : PASS steps 29/29 · identity 29/29 · side 29/29 · amounts exact 23/29 + 6 gross (amount_basis=gross_leg)

  chi tiết FAIL line từng mutation (trích từ §2):
    89:MUTATION 1 — 1_TIER_A_WBTC
    91:  kỳ vọng (§T8)    : gate FAIL — identity FAIL ở các row WBTC
    93:  kết quả          : 1 FAIL line ⇒ RED ok (test có răng)
    95:    FAIL §2.4 VIOLATION: WBTC 3NZ9JMVBmGAqocybic2c7LQCJScmgsAZ6vQqTDzcqmJh nằm trong TIER_A (mint đọc từ fixture)
    98:MUTATION 2 — 2_no_single_POOL
    100:  kỳ vọng (§T8)    : gate FAIL — thừa event và/hoặc side FAIL ở 33hqSn4Q
    102:  kết quả          : 12 FAIL line ⇒ RED ok (test có răng)
    104:    FAIL 58pWphuG SỐ STEP lệch: oracle_rows=4 emitted_events=5
    105:    FAIL 58pWphuG per-sig count pin §2.3 exp=4 got=5
    106:    FAIL 58pWphuG key-multiset (side,base,quote) lệch §2.3: oracle thiếu {} · event thừa {('SELL', 'OS', 'USDC'): 1}
    107:    FAIL 58pWphuG#1 expected sell OS ← CARDS | got SELL OS ← USDC: quote_sym exp=CARDS got=USDC; base_amt exp=11033477.24844975 got=12980561.468764413 rel=1.765e-01 > 1e-06; quote_amt exp=26699.547315 got=13.296178 rel=9.995e-01 > 1e-06
    108:    FAIL 58pWphuG#2 expected sell OS ← WSOL | got SELL OS ← CARDS: quote_sym exp=WSOL got=CARDS; base_gross rel_overstate 83.720588% > 8%; quote_amt exp=5.848984792 got=26699.547315 rel=4.564e+03 > 1e-06
    109:    FAIL 58pWphuG#3 expected sell CARDS ← USDC | got SELL OS ← WSOL: base_sym exp=CARDS got=OS; quote_sym exp=USDC got=WSOL; base_amt exp=20291.655959 got=1947084.220314662 rel=9.495e+01 > 1e-06; quote_amt exp=2609.254878 got=5.848984792 rel=9.978e-01 > 1e-06
    110:    FAIL 58pWphuG#4 expected sell CARDS ← USDC | got SELL CARDS ← USDC: base_gross rel_overstate 68.485009% > 8%; quote_amt exp=824.225653 got=2609.254878 rel=2.166e+00 > 1e-06
    111:    FAIL 58pWphuG#5 EXTRA event SELL CARDS←USDC (oracle không có row tương ứng)
    115:MUTATION 3 — 3_wallet_flow_side
    117:  kỳ vọng (§T8)    : gate FAIL — FAIL ≥ 11 row (rule ví-only đo được 18/29)
    119:  kết quả          : 19 FAIL line ⇒ RED ok (test có răng)
    121:    FAIL 4zmaV87B key-multiset (side,base,quote) lệch §2.3: oracle thiếu {('BUY', 'DOGE', 'USDC'): 2} · event thừa {('SELL', 'DOGE', 'USDC'): 2}
    122:    FAIL 4zmaV87B#1 expected buy DOGE ← USDC | got SELL DOGE ← USDC: side exp=BUY got=SELL
    123:    FAIL 4zmaV87B#2 expected buy DOGE ← USDC | got SELL DOGE ← USDC: side exp=BUY got=SELL
    124:    FAIL 3nzGD2WV key-multiset (side,base,quote) lệch §2.3: oracle thiếu {('BUY', 'OS', 'CARDS'): 1, ('BUY', 'CARDS', 'USDC'): 3} · event thừa {('SELL', 'CARDS', 'USDC'): 3, ('SELL', 'OS', 'CARDS'): 1}
    125:    FAIL 3nzGD2WV#1 expected buy CARDS ← USDC | got SELL CARDS ← USDC: side exp=BUY got=SELL
    126:    FAIL 3nzGD2WV#2 expected buy CARDS ← USDC | got SELL CARDS ← USDC: side exp=BUY got=SELL
    127:    FAIL 3nzGD2WV#3 expected buy CARDS ← USDC | got SELL CARDS ← USDC: side exp=BUY got=SELL
    128:    FAIL 3nzGD2WV#4 expected buy OS ← CARDS | got SELL OS ← CARDS: side exp=BUY got=SELL
    132:MUTATION 4 — 4_delta_balance_amount
    134:  kỳ vọng (§T8)    : gate FAIL — FAIL ở 33hqSn4Q sell XBT ← WBTC 638160.364952 (delta vault 99683.5682570003 / 619015.5540030003)
    136:  kết quả          : 4 FAIL line ⇒ RED ok (test có răng)
    138:    FAIL 2k3KYp18#1 expected sell JUDE ← SPCX | got SELL JUDE ← SPCX: quote_amt exp=9.524479 got=9.824735 rel=3.152e-02 > 1e-06
    139:    FAIL 5XLTG1WX#1 expected sell STEVE ← ORE | got SELL STEVE ← ORE: base_amt exp=20395086.158547 got=19783233.57379 rel=3.000e-02 > 1e-06
    140:    FAIL 33hqSn4Q#2 expected sell XBT ← WBTC | got SELL XBT ← WBTC: base_amt exp=638160.364952 got=619015.554003 rel=3.000e-02 > 1e-06
    141:    FAIL 3pkGZDK1#1 expected sell XBT ← WBTC | got SELL XBT ← WBTC: base_amt exp=740926.930166 got=718699.122261 rel=3.000e-02 > 1e-06
    152:MUTATION GATE: 4/4 RED(FAIL)→GREEN(PASS) · ALL OK

  Ý nghĩa: mỗi mutation làm HỎNG đúng một cơ chế §2.2–§2.5 và gate bắt được:
    M1 TIER_A chứa WBTC        → invariant §2.4 nổ (1 FAIL)
    M2 bỏ ràng buộc 1-POOL     → thừa event 30/29, side/identity lệch (12 FAIL)
    M3 side theo rd==WALLET    → side 18/29, nổ 19 FAIL đúng như kế hoạch dự đoán ≥11
    M4 số tiền theo delta ví   → 4 FAIL rel ~3% trên base/quote (đúng row 33hqSn4Q 638160.364952)
    revert (fresh load)        → 0 FAIL, PASS trở lại ⇒ không có state rò rỉ giữa mutation.

§8  ADVERSARIAL CLASSES — malformed tx probe (đã nằm trong §2, nhắc lại ở đây)
--------------------------------------------------------------------------------
  malformed probes (tx nền 2k3KYp18, 9 sig distinct, offline):
    meta.err set                        -> 0 event   (detect_swaps: err != None => [])
    block-level {'transactions': []}     -> list(ww._block_txs(...)) = []
    meta key absent                     -> 0 event
    meta.innerInstructions = []         -> 0 event
    balances mất hết decimals+amount    -> 2 event
    detect_swaps({})                    -> KeyError: 'transaction'   (caller production guard `if tx:` trước khi gọi — T2.log M4)
  
  SUMMARY steps 29/29 (paired 29/29) · identity 29/29 · side 29/29 · amounts exact 23/23 + 6/6 gross · quote_inferred 1/1 · amount_basis 29/29 · 1-POOL-endpoint 29/29 · FAIL-lines 0
  ghi chú ceiling có chủ đích:
    · 'balances mất hết decimals+amount' → vẫn ra 2 event vì detector fallback dbase() (§2.2)
      đây là hành vi production mong muốn, KHÔNG phải lỗi gate (gate pin 29/29 trên fixture đầy đủ).
    · detect_swaps({}) ném KeyError 'transaction' — production caller luôn guard `if tx:` trước khi gọi (T2.log M4).

================================================================================
PHÁN QUYẾT
================================================================================
  PASS line trong 1 run: 3 chỗ (baseline gate, REVERT gate — thụt lề, và dòng cuối cùng); unindented `^PASS steps` = 2
  exit code baseline gate : 0
  PASS line khớp ĐÚNG chuỗI yêu cầu §T8:
    PASS steps 29/29 · identity 29/29 · side 29/29 · amounts exact 23/29 + 6 gross (amount_basis=gross_leg)
  mutation gate : 4/4 RED→GREEN OK
  determinism   : 3/3 run byte-identical
  offline       : kill-switch http_json/rpc/socket.socket = raise, 0 URL trong file
  SUT           : sha256 scripts/wallet_watch.py không đổi (d77055695a09d8830cff5d68ae64c91a0c71235638c89e826f227ed7c1aa4720)
  ⇒ T8 DONE.

EVIDENCE_RECORDED: /home/namvt/Desktop/dev-space/signal_scan/.omo/evidence/gmgn-parity-fixes/T8.log
