# watch 1 ví | feed=ws | 5 quote-mints | min $0.1
# feed=ws logsSubscribe 1 ví | sweep 60.0s | Ctrl-C dừng
09-11 17:43:26 [31mSELL        [0m 8NQ32…eEQr  -20,113.360915 STONK ≈ $1.15 @0.0000571737/tk  6GmAFSYs…  [SPYx]  https://solscan.io/tx/4HJwoQ13Zw9QEVsubchNjVegJr1q8Fn3xL5DTQBfMFDCgdDq7fqSPJudnwQMonwY4KiYHudZAoX6YSNpic16UXG
09-11 17:43:50 [32mBUY         [0m 8NQ32…eEQr  0.00321 SOL ≈ $0.32  https://solscan.io/tx/4mD4pC9DoQ7gxLY54QtjAh5TzaCuw5PdMQ89AUEY9HM5AZhzsYkJVu9KMxk8mnCdo2goeTEDFJHTygjxFVxSthsr
09-11 17:43:50 [32mBUY         [0m 8NQ32…eEQr  0.003586 SOL ≈ $0.36  https://solscan.io/tx/umoXgMHwQLSGQK3SGrRfttAVxD11T1ANdG3hRWixgGGoF3joKZAnWFAAkbMd5BaRb4bBunczQbkDYufhwKUp3Ja
09-11 17:44:11 [31mSELL        [0m 8NQ32…eEQr  -589.287074 MET ≈ $1.58 @0.0026857524/tk  METvsvVR…  https://solscan.io/tx/4D3ZcHdnQJkrg8wdKACDWtciRSa1tTEbvYbieSctqqYf8syCvsXw46Cs7neeWssVEsFr32ZFMDUgL1gcu3Tic7e6
09-11 17:46:43 [31mSELL        [0m 8NQ32…eEQr  -17,127.795693 USDG ≈ $1.12 @0.0000651345/tk  2u1tszSe…  [PYUSD]  https://solscan.io/tx/2xsTxGRLhEQaAGWVCr2qPc5rVSTYSoDHZoVrvvtLznV45xJA1SXW2t5iwYUXHJYoZ7Leoe5ABsShom84qKpb7nWs
09-11 17:47:00 [31mSELL        [0m 8NQ32…eEQr  -11,293.732187 STONK ≈ $37.93 @0.0033581697/tk  6GmAFSYs…  https://solscan.io/tx/4ccrftN8dR7R9g3zFrNoGAxRkpn2pnrtWF8bqcG6qwAjnTYDgV1aJVWByVjDY7ezHgJTLC2qWuXhsGuVYh8gATMb
09-11 17:47:00 [31mSELL        [0m 8NQ32…eEQr  -30.773915 STONK ≈ $0.14 @0.0045326528/tk  6GmAFSYs…  https://solscan.io/tx/2UAr5xMFc6o3YcwLBEn97GXbQy8TtZx1Sh687s2abSWtPNPHCUYCzStgdDnC4G44xELUsFHQKndjGA1iAzjKKYN2
09-11 17:47:54 [31mSELL        [0m 8NQ32…eEQr  -55,358.445244 MM ≈ $0.66 @0.0000118984/tk  Ax8PSfCX…  https://solscan.io/tx/5HHhbZuiZkMFDABhUxgzHvZZhU5D9KAWeggDaS8GZShwb98xW4mPGdqejmi9RsxQWhrQWewFt8mFEXE5UqjzGKDU
  ! ws đứt (FileNotFoundError: [Errno 2] No such file or directory: '/home/namvt/Desktop/dev-space/si) -> reconnect sau 2s
# feed=ws logsSubscribe 1 ví | sweep 60.0s | Ctrl-C dừng
09-11 17:48:12 [31mSELL        [0m 8NQ32…eEQr  -1,197,687.725532 CASH ≈ $1.60 @0.0000013333/tk  72ghv9CE…  [ANSEM,Token]  https://solscan.io/tx/4eM8DtngEUesqy7d85hywnV5M984bYD6j1bci5SU2U6MZJ3NvaR8b8bLfdw6k5KdtSQHc3UJ4Growf2iZneT1Mhp
09-11 17:48:28 [32mBUY         [0m 8NQ32…eEQr  0.001732 SOL ≈ $0.17  https://solscan.io/tx/4FHDJpfsRGAzjBkgtFLJ3ZdcUfD2FfbLhEFTC2VnvLXWcxxhYnmiUffqVXjbzUdRPuArqAnRtzBwwcbGxt2eotxC
09-11 17:49:32 [31mSELL        [0m 8NQ32…eEQr  -0.518114 NBIS ≈ $0.12 @0.2316737939/tk  NBiSF3Ua…  https://solscan.io/tx/4S1SbPRavwhRDQz8qjNz6w3rHJcvFTM3P1d9AwZyH9mWJ1SVMJHwMg3EJX62RHv6uuWdXyH7uawJjxR3J6Aw6aSr
09-11 17:51:16 [31mSELL        [0m 8NQ32…eEQr  -17,922.744527 METCAT ≈ $0.31 @0.0000172408/tk  4yFh2vMd…  [MET]  https://solscan.io/tx/3H3qdzLs9KXwYCUnUGNMmvNLN4vffta8MzZ2dCLge3LRmW5LGz3Dy7Bmyv8vRC7RPy9BDTW4UxywcqcG5m6JZGHR
09-11 17:51:32 [32mBUY         [0m 8NQ32…eEQr  0.00115 SOL ≈ $0.11  https://solscan.io/tx/5etcp28qNNrZ3ih5mWiYgY2gQrGMPTrik494ihPVbTR4kbswu7d2KNbChcy4vCZHccXqe7Mb9pP9ASoF4LKoJD2S
09-11 17:51:42 [31mSELL        [0m 8NQ32…eEQr  -5,837.598013 MM ≈ $0.37 @0.0000625351/tk  Ax8PSfCX…  [STONK,EMBER]  https://solscan.io/tx/2Y9HRpwRvxbrvsqmjQEwnUY9n1oQcaPQuWWp2kPqyMB5pdwBQMAf6dZz5nkTBraAmTv4QQ8XJcN6w97ymERF49Um
09-11 17:52:25 [31mSELL        [0m 8NQ32…eEQr  -15,479.016803 KNOTS ≈ $2.86 @0.0001847214/tk  8RVBk8vx…  [STONK]  https://solscan.io/tx/4QwcdvFKWiK9AZigcY8n3LwFS9Mpo1ttmqFP2e5EUPdzbqxN41AkQBVh9bpG34Re1MwnZeGZ1rQmQB3Jp1auL2CL
09-11 17:52:46 [31mSELL        [0m 8NQ32…eEQr  -0.96716 TTWO ≈ $2.03 @2.0965892822/tk  TTWofwAg…  https://solscan.io/tx/4xHgANvLvALRbkLsaRPewz8HaNfUUKujXZyRLgV6TC8dDiH2X71thNrRao2DGSQqitjwmexjcwHUsJcmzSW8gqq8
09-11 17:53:20 [31mSELL        [0m 8NQ32…eEQr  -15,661.603676 ALON ≈ $0.35 @0.0000223828/tk  8XtRWb4u…  https://solscan.io/tx/jvtWga8GaBWcZ1FE3zNMgXuhCVLnLU2DsfT5guUjP6Q8gDECr1xTm1FcDshL5BkgQm65z8sSZqHKonwHcgBLzB8
09-11 17:54:25 [31mSELL        [0m 8NQ32…eEQr  -384.823492 MET ≈ $0.13 @0.0003317762/tk  METvsvVR…  https://solscan.io/tx/ruPzKh5TL52RKmuqZNyUsJNEnb3iKmfMe8oLUjrsEK5drovBnXckRJZ6a99KHQLEmpG4iR82dhVbiwsEu9tAqvp
